E/VAsisstantManager(  628): [Dictation]startVoiceService() start: mVoiceAssistantStarted = false
E/VAssistantServiceManager(  628): [Dictation]20121206 modified:
W/System.err(26769): java.io.FileNotFoundException: /data/cust/xml/hw_launcher_load_icon.xml: open failed: ENOENT (No such file or directory)
W/System.err(26769): 	at libcore.io.IoBridge.open(IoBridge.java:409)
W/System.err(26769): 	at java.io.FileInputStream.<init>(FileInputStream.java:109)
W/System.err(26769): 	at android.content.res.ResourcesEx.readDefaultConfig(ResourcesEx.java:809)
W/System.err(26769): 	at android.content.res.ResourcesEx.<init>(ResourcesEx.java:742)
W/System.err(26769): 	at android.app.ActivityThread.getTopLevelResources(ActivityThread.java:1721)
W/System.err(26769): 	at android.app.ActivityThread.getTopLevelResources(ActivityThread.java:1752)
W/System.err(26769): 	at android.app.LoadedApk.getResources(LoadedApk.java:485)
W/System.err(26769): 	at android.app.ContextImpl.init(ContextImpl.java:1911)
W/System.err(26769): 	at android.app.ContextImpl.init(ContextImpl.java:1904)
W/System.err(26769): 	at android.app.ActivityThread.handleBindApplication(ActivityThread.java:4269)
W/System.err(26769): 	at android.app.ActivityThread.access$1300(ActivityThread.java:145)
W/System.err(26769): 	at android.app.ActivityThread$H.handleMessage(ActivityThread.java:1306)
W/System.err(26769): 	at android.os.Handler.dispatchMessage(Handler.java:99)
W/System.err(26769): 	at android.os.Looper.loop(Looper.java:137)
W/System.err(26769): 	at android.app.ActivityThread.main(ActivityThread.java:5106)
W/System.err(26769): 	at java.lang.reflect.Method.invokeNative(Native Method)
W/System.err(26769): 	at java.lang.reflect.Method.invoke(Method.java:511)
W/System.err(26769): 	at com.android.internal.os.ZygoteInit$MethodAndArgsCaller.run(ZygoteInit.java:821)
W/System.err(26769): 	at com.android.internal.os.ZygoteInit.main(ZygoteInit.java:588)
W/System.err(26769): 	at dalvik.system.NativeStart.main(Native Method)
W/System.err(26769): Caused by: libcore.io.ErrnoException: open failed: ENOENT (No such file or directory)
W/System.err(26769): 	at libcore.io.Posix.open(Native Method)
W/System.err(26769): 	at libcore.io.BlockGuardOs.open(BlockGuardOs.java:110)
W/System.err(26769): 	at libcore.io.IoBridge.open(IoBridge.java:400)
W/System.err(26769): 	... 19 more
E/VASettingsProvider(26769): onCreate
I/Ziri.ModelService(26769): ************Model Service onCreate*********
I/Ziri.ModelService(26769): ********onBind**********
E/time stamp(26769): begin to initial the service, the time stamp is : 1401721084417
I/Ziri.ModuleController(26769): ControlModel
I/Ziri.ModuleController(26769): Add mUIInterfaceAdapterCallback Callback.
I/Ziri.ModuleController(26769): doServiceInitial
E/Ziri.ModuleController(26769): handleServiceInitial begin
I/SpeechRecoginzerIME(  628): onConnected+
I/VARecordManager(26769): VARecordManager() 1 ... 
I/VARecordManager(26769): initRecorder() ... 
E/audio_hw_primary(  134): adev_get_input_buffer_size:frames_size = 3840
E/audio_hw_primary(  134): adev_get_input_buffer_size:frames_size = 3840
E/audio_hw_primary(  134): adev_get_input_buffer_size:frames_size = 3840
E/audio_hw_primary(  134): adev_get_input_buffer_size:frames_size = 3840
W/System.err(26769): Invalid int: ""
I/VARecordManager(26769): setNlpSpeechRecognizer() 1 ... 
E/time stamp(26769): begin to init the asr engine time stamp is : 1401721084582
I/lzf     (26769): gethostbyname normal
I/lzf     (26769): gethostbyname normal
I/LocSpeechRecognizer(26769): mListener.onInitailCompleted();
E/SpeechRecognizer(26769): onInitailCompleted
E/SpeechRecognizer(26769): [, , , , , ]
E/SpeechRecognizer(26769): [, , , , , , , , , ]
E/SpeechRecognizer(26769): [, , , , , , , , , , , , , , , , , , , ]
E/SpeechRecognizer(26769): [, , ]
E/SpeechRecognizer(26769): []
W/System.err(26792): java.io.FileNotFoundException: /data/cust/xml/hw_launcher_load_icon.xml: open failed: ENOENT (No such file or directory)
W/System.err(26792): 	at libcore.io.IoBridge.open(IoBridge.java:409)
W/System.err(26792): 	at java.io.FileInputStream.<init>(FileInputStream.java:109)
W/System.err(26792): 	at android.content.res.ResourcesEx.readDefaultConfig(ResourcesEx.java:809)
W/System.err(26792): 	at android.content.res.ResourcesEx.<init>(ResourcesEx.java:742)
W/System.err(26792): 	at android.app.ActivityThread.getTopLevelResources(ActivityThread.java:1721)
W/System.err(26792): 	at android.app.ActivityThread.getTopLevelResources(ActivityThread.java:1752)
W/System.err(26792): 	at android.app.LoadedApk.getResources(LoadedApk.java:485)
W/System.err(26792): 	at android.app.ContextImpl.init(ContextImpl.java:1911)
W/System.err(26792): 	at android.app.ContextImpl.init(ContextImpl.java:1904)
W/System.err(26792): 	at android.app.ActivityThread.handleBindApplication(ActivityThread.java:4269)
W/System.err(26792): 	at android.app.ActivityThread.access$1300(ActivityThread.java:145)
W/System.err(26792): 	at android.app.ActivityThread$H.handleMessage(ActivityThread.java:1306)
W/System.err(26792): 	at android.os.Handler.dispatchMessage(Handler.java:99)
W/System.err(26792): 	at android.os.Looper.loop(Looper.java:137)
W/System.err(26792): 	at android.app.ActivityThread.main(ActivityThread.java:5106)
W/System.err(26792): 	at java.lang.reflect.Method.invokeNative(Native Method)
W/System.err(26792): 	at java.lang.reflect.Method.invoke(Method.java:511)
W/System.err(26792): 	at com.android.internal.os.ZygoteInit$MethodAndArgsCaller.run(ZygoteInit.java:821)
W/System.err(26792): 	at com.android.internal.os.ZygoteInit.main(ZygoteInit.java:588)
W/System.err(26792): 	at dalvik.system.NativeStart.main(Native Method)
W/System.err(26792): Caused by: libcore.io.ErrnoException: open failed: ENOENT (No such file or directory)
W/System.err(26792): 	at libcore.io.Posix.open(Native Method)
W/System.err(26792): 	at libcore.io.BlockGuardOs.open(BlockGuardOs.java:110)
W/System.err(26792): 	at libcore.io.IoBridge.open(IoBridge.java:400)
W/System.err(26792): 	... 19 more
W/System.err(26792): Invalid int: ""
E/VASettingsProvider(26769): queryVoiceWakeup wakeup = 1
I/Ziri.ModuleController(26769): isAutoStartVoiceConversationEnabled = true
E/ZiriUtil(26769): getAudioStreamType :return STREAM_MUSIC
W/audio_hw_primary(  134): adev_set_parameters: unknown kvpairs: output_device=2
E/audio_hw_primary(  134): adev_set_parameters: unknown kvpairs: output_device=2
W/audio_hw_primary(  134): adev_set_parameters: unknown kvpairs: output_device=2
E/audio_hw_primary(  134): adev_set_parameters: unknown kvpairs: output_device=2
W/audio_hw_primary(  134): adev_set_parameters: unknown kvpairs: output_device=2
E/audio_hw_primary(  134): adev_set_parameters: unknown kvpairs: output_device=2
E/ZiriUtil(26769): getAudioStreamType :return STREAM_MUSIC
W/audio_hw_primary(  134): adev_set_parameters: unknown kvpairs: output_device=2
E/audio_hw_primary(  134): adev_set_parameters: unknown kvpairs: output_device=2
W/audio_hw_primary(  134): adev_set_parameters: unknown kvpairs: output_device=2
E/audio_hw_primary(  134): adev_set_parameters: unknown kvpairs: output_device=2
W/audio_hw_primary(  134): adev_set_parameters: unknown kvpairs: output_device=2
E/audio_hw_primary(  134): adev_set_parameters: unknown kvpairs: output_device=2
E/Ziri.ModuleController(26769): begin to load TTS engine time stamp is : 1401721084958
E/Ziri.ModuleController(26769): end to load TTS engine time stamp is : 1401721085029
E/VASettingsProvider(26769): queryBroadcast type ,cur_count=1
E/VASettingsProvider(26769): queryBroadcast type = 1 ,name=BroadCast
I/Ziri.ModuleController(26769): isVoiceBroadcastEnabled  voiceBroadcastEnable*****  true
I/Ziri.ModuleController(26769): ******setVoiceBroadcastEnabled  enabled******true
E/VASettingsProvider(26769): updateVoiceBroadcast()!
E/VASettingsProvider(26769): updateVoiceBroadcast update 1 to service table ,count = 1
I/Ziri.ModuleController(26769): valueOfVoiceNotify
E/VASettingsProvider(26769): querySpeechRole wakeup = 9
I/Ziri.ModuleController(26769): setSpeechRole role = 9
I/Ziri.ModuleController(26769): [scene]RegisterCarModeLoadingEndRecv
I/Ziri.ModuleController(26769): initBluetoothManager() 1 ... 
E/BluetoothManager(26769): initBluetoothService() ... 
I/Ziri.TelephoneMgr(26769): startMessageListener
E/Ziri.ModuleController(26769): handleServiceInitial end
E/Ziri.ModuleController(26769): [scene]notifyUiServiceInitialzed ,sendBroadcast ack msg to ProfileSwitch  VoiceNote is active
I/Ziri.ModuleController(26769):  notifyUiMessage begin
I/Ziri.ModuleController(26769): ****** notifyUiMessage end  i=0  cmd:5  state:0
I/ProfileSwitcherReceiver(26792): ProfileSwitcherReceiver Got intent with action com.huawei.android.VoiceAssistant.statechanged
I/ProfileSwitcherReceiver(26792): start Voice_Notification success
I/smart_power_jni(  665): write successed by pm_frc_write; write<2:0
I/smart_power_jni(  665): >
I/PowerManagerService(  451): state=6
I/AndroidRuntime(26792): VM exiting with result code 0, cleanup skipped.
I/SpeechRecoginzerIME(  628): ====judgeIsNeedIspeech=true====
I/SpeechRecoginzerIME(  628): ====NORE=BINDSERVICE====
I/PinyinIME(  628): showWindow=bind
I/PinyinIME(  628): showWindow called.
I/SoftKeyboardView(  628): setKeyboardChanged:true
I/SoftKeyboard(  628): enableToggleStates() rowid:13
I/SoftKeyboardView(  628): setKeyboardChanged:true
W/SignalStrength(  655): Size of signalstrength parcel:64
W/SignalStrength(  655): getLTELevel - rsrp:2147483647 snr:-1 rsrpIconLevel:0
W/SignalStrength(  655): mGsmSignalStrength=0 ,mWcdmaRscp=-97 ,level=3
W/SignalStrength(  655): getLevel=3
W/SignalStrength(  655): getLTELevel - rsrp:2147483647 snr:-1 rsrpIconLevel:0
W/SignalStrength(  655): mGsmSignalStrength=0 ,mWcdmaRscp=-89 ,level=4
W/SignalStrength(  655): getLevel=4
W/SignalStrength(  655): getLTELevel - rsrp:2147483647 snr:-1 rsrpIconLevel:0
W/SignalStrength(  655): mGsmSignalStrength=0 ,mWcdmaRscp=-89 ,level=4
W/SignalStrength(  655): getLevel=4
W/SignalStrength(  655): getLTELevel - rsrp:2147483647 snr:-1 rsrpIconLevel:0
W/SignalStrength(  655): mGsmSignalStrength=0 ,mWcdmaRscp=-97 ,level=3
W/SignalStrength(  655): getLevel=3
W/SignalStrength(  451): Size of signalstrength parcel:172
W/SignalStrength(  451): getLTELevel - rsrp:2147483647 snr:-1 rsrpIconLevel:0
W/SignalStrength(  451): mGsmSignalStrength=0 ,mWcdmaRscp=-89 ,level=4
W/SignalStrength(  451): getLevel=4
W/SignalStrength(  524): Size of signalstrength parcel:176
W/SignalStrength(  524): Size of signalstrength parcel:176
W/SignalStrength(  524): getLTELevel - rsrp:2147483647 snr:-1 rsrpIconLevel:0
W/SignalStrength(  524): mGsmSignalStrength=0 ,mWcdmaRscp=-89 ,level=4
W/SignalStrength(  786): Size of signalstrength parcel:176
W/SignalStrength(  524): getLevel=4
W/SignalStrength(  655): Size of signalstrength parcel:64
W/SignalStrength(  655): getLTELevel - rsrp:2147483647 snr:-1 rsrpIconLevel:0
W/SignalStrength(  655): mGsmSignalStrength=0 ,mWcdmaRscp=-89 ,level=4
W/SignalStrength(  655): getLevel=4
W/SignalStrength(  655): getLTELevel - rsrp:2147483647 snr:-1 rsrpIconLevel:0
W/SignalStrength(  655): mGsmSignalStrength=0 ,mWcdmaRscp=-97 ,level=3
W/SignalStrength(  655): getLevel=3
W/SignalStrength(  655): getLTELevel - rsrp:2147483647 snr:-1 rsrpIconLevel:0
W/SignalStrength(  655): mGsmSignalStrength=0 ,mWcdmaRscp=-97 ,level=3
W/SignalStrength(  655): getLevel=3
W/SignalStrength(  655): getLTELevel - rsrp:2147483647 snr:-1 rsrpIconLevel:0
W/SignalStrength(  655): mGsmSignalStrength=0 ,mWcdmaRscp=-89 ,level=4
W/SignalStrength(  655): getLevel=4
W/SignalStrength(  655): Size of signalstrength parcel:64
W/SignalStrength(  655): getLTELevel - rsrp:2147483647 snr:-1 rsrpIconLevel:0
W/SignalStrength(  655): mGsmSignalStrength=0 ,mWcdmaRscp=-89 ,level=4
W/SignalStrength(  655): getLevel=4
W/SignalStrength(  655): getLTELevel - rsrp:2147483647 snr:-1 rsrpIconLevel:0
W/SignalStrength(  655): mGsmSignalStrength=0 ,mWcdmaRscp=-89 ,level=4
W/SignalStrength(  655): getLevel=4
W/SignalStrength(  655): getLTELevel - rsrp:2147483647 snr:-1 rsrpIconLevel:0
W/SignalStrength(  655): mGsmSignalStrength=0 ,mWcdmaRscp=-89 ,level=4
W/SignalStrength(  655): getLevel=4
W/SignalStrength(  655): getLTELevel - rsrp:2147483647 snr:-1 rsrpIconLevel:0
W/SignalStrength(  655): mGsmSignalStrength=0 ,mWcdmaRscp=-89 ,level=4
W/SignalStrength(  655): getLevel=4
W/SignalStrength(  451): Size of signalstrength parcel:172
W/SignalStrength(  451): getLTELevel - rsrp:2147483647 snr:-1 rsrpIconLevel:0
W/SignalStrength(  524): Size of signalstrength parcel:176
W/SignalStrength(  786): Size of signalstrength parcel:176
W/SignalStrength(  524): Size of signalstrength parcel:176
W/SignalStrength(  524): getLTELevel - rsrp:2147483647 snr:-1 rsrpIconLevel:0
W/SignalStrength(  524): mGsmSignalStrength=0 ,mWcdmaRscp=-89 ,level=4
W/SignalStrength(  524): getLevel=4
W/SignalStrength(  451): mGsmSignalStrength=0 ,mWcdmaRscp=-89 ,level=4
W/SignalStrength(  451): getLevel=4
E/TemperatureMonitor2(  693): BatteryTemp=240
W/System.err(  451): com.android.server.LightsService$Light$PrintLEDStackException
W/System.err(  451): 	at com.android.server.LightsService$Light.setLightLocked(LightsService.java:284)
W/System.err(  451): 	at com.android.server.LightsService$Light.setColor(LightsService.java:168)
W/System.err(  451): 	at com.android.server.BatteryService$Led.updateLightsLocked(BatteryService.java:849)
W/System.err(  451): 	at com.android.server.BatteryService.processValuesLocked(BatteryService.java:458)
W/System.err(  451): 	at com.android.server.BatteryService.updateLocked(BatteryService.java:328)
W/System.err(  451): 	at com.android.server.BatteryService.access$200(BatteryService.java:89)
W/System.err(  451): 	at com.android.server.BatteryService$8.onUEvent(BatteryService.java:752)
W/System.err(  451): 	at android.os.UEventObserver$UEventThread.sendEvent(UEventObserver.java:210)
W/System.err(  451): 	at android.os.UEventObserver$UEventThread.run(UEventObserver.java:187)
I/SoftKeyboardView(  628): setKeyboardChanged:true
I/SoftKeyboard(  628): enableToggleStates() rowid:13
I/SoftKeyboardView(  628): setKeyboardChanged:true
W/SignalStrength(  655): Size of signalstrength parcel:64
W/SignalStrength(  655): getLTELevel - rsrp:2147483647 snr:-1 rsrpIconLevel:0
W/SignalStrength(  655): mGsmSignalStrength=0 ,mWcdmaRscp=-89 ,level=4
W/SignalStrength(  655): getLevel=4
W/SignalStrength(  655): getLTELevel - rsrp:2147483647 snr:-1 rsrpIconLevel:0
W/SignalStrength(  655): mGsmSignalStrength=0 ,mWcdmaRscp=-97 ,level=3
W/SignalStrength(  655): getLevel=3
W/SignalStrength(  655): getLTELevel - rsrp:2147483647 snr:-1 rsrpIconLevel:0
W/SignalStrength(  655): mGsmSignalStrength=0 ,mWcdmaRscp=-97 ,level=3
W/SignalStrength(  655): getLevel=3
W/SignalStrength(  655): getLTELevel - rsrp:2147483647 snr:-1 rsrpIconLevel:0
W/SignalStrength(  655): mGsmSignalStrength=0 ,mWcdmaRscp=-89 ,level=4
W/SignalStrength(  655): getLevel=4
I/SUPL20_LocMan(26173): Phone type:GSM
I/SUPL20_LocMan(26173): Network Op Mnc= 1 MCC = 460
I/SUPL20_LocMan(26173):  cellInfo NetworkType:HSPA,10
I/SUPL20_LocMan(26173): Network type is 3G
I/SUPL20_WcdmaCellInfo(26173): Mnc:1 MCC:460 Cid:10629485
I/SUPL20_SPIMESLP-SENDING(26173): m_bPacket.length 72
W/SignalStrength(  655): Size of signalstrength parcel:64
W/SignalStrength(  655): getLTELevel - rsrp:2147483647 snr:-1 rsrpIconLevel:0
W/SignalStrength(  655): mGsmSignalStrength=0 ,mWcdmaRscp=-89 ,level=4
W/SignalStrength(  655): getLevel=4
W/SignalStrength(  655): getLTELevel - rsrp:2147483647 snr:-1 rsrpIconLevel:0
W/SignalStrength(  655): mGsmSignalStrength=0 ,mWcdmaRscp=-103 ,level=2
W/SignalStrength(  655): getLevel=2
W/SignalStrength(  655): getLTELevel - rsrp:2147483647 snr:-1 rsrpIconLevel:0
W/SignalStrength(  655): mGsmSignalStrength=0 ,mWcdmaRscp=-103 ,level=2
W/SignalStrength(  655): getLevel=2
W/SignalStrength(  655): getLTELevel - rsrp:2147483647 snr:-1 rsrpIconLevel:0
W/SignalStrength(  655): mGsmSignalStrength=0 ,mWcdmaRscp=-89 ,level=4
W/SignalStrength(  655): getLevel=4
I/SUPL20_LocMan(26173): Phone type:GSM
I/SUPL20_LocMan(26173): Network Op Mnc= 1 MCC = 460
I/SUPL20_LocMan(26173):  cellInfo NetworkType:HSPA,10
I/SUPL20_LocMan(26173): Network type is 3G
I/SUPL20_WcdmaCellInfo(26173): Mnc:1 MCC:460 Cid:10629483
I/SUPL20_SPIMESLP-SENDING(26173): m_bPacket.length 72
W/SignalStrength(  655): Size of signalstrength parcel:64
W/SignalStrength(  655): getLTELevel - rsrp:2147483647 snr:-1 rsrpIconLevel:0
W/SignalStrength(  655): mGsmSignalStrength=0 ,mWcdmaRscp=-89 ,level=4
W/SignalStrength(  655): getLevel=4
W/SignalStrength(  655): getLTELevel - rsrp:2147483647 snr:-1 rsrpIconLevel:0
W/SignalStrength(  655): mGsmSignalStrength=0 ,mWcdmaRscp=-97 ,level=3
W/SignalStrength(  655): getLevel=3
W/SignalStrength(  655): getLTELevel - rsrp:2147483647 snr:-1 rsrpIconLevel:0
W/SignalStrength(  655): mGsmSignalStrength=0 ,mWcdmaRscp=-97 ,level=3
W/SignalStrength(  655): getLevel=3
W/SignalStrength(  655): getLTELevel - rsrp:2147483647 snr:-1 rsrpIconLevel:0
W/SignalStrength(  655): mGsmSignalStrength=0 ,mWcdmaRscp=-89 ,level=4
W/SignalStrength(  655): getLevel=4
W/SignalStrength(  451): Size of signalstrength parcel:172
W/SignalStrength(  524): Size of signalstrength parcel:176
W/SignalStrength(  451): getLTELevel - rsrp:2147483647 snr:-1 rsrpIconLevel:0
W/SignalStrength(  451): mGsmSignalStrength=0 ,mWcdmaRscp=-97 ,level=3
W/SignalStrength(  786): Size of signalstrength parcel:176
W/SignalStrength(  451): getLevel=3
W/SignalStrength(  524): getLTELevel - rsrp:2147483647 snr:-1 rsrpIconLevel:0
W/SignalStrength(  524): mGsmSignalStrength=0 ,mWcdmaRscp=-97 ,level=3
W/SignalStrength(  524): getLevel=3
W/SignalStrength(  524): Size of signalstrength parcel:176
W/SignalStrength(  655): Size of signalstrength parcel:64
W/SignalStrength(  655): getLTELevel - rsrp:2147483647 snr:-1 rsrpIconLevel:0
W/SignalStrength(  655): mGsmSignalStrength=0 ,mWcdmaRscp=-97 ,level=3
W/SignalStrength(  655): getLevel=3
W/SignalStrength(  655): getLTELevel - rsrp:2147483647 snr:-1 rsrpIconLevel:0
W/SignalStrength(  655): mGsmSignalStrength=0 ,mWcdmaRscp=-89 ,level=4
W/SignalStrength(  655): getLevel=4
W/SignalStrength(  655): getLTELevel - rsrp:2147483647 snr:-1 rsrpIconLevel:0
W/SignalStrength(  655): mGsmSignalStrength=0 ,mWcdmaRscp=-89 ,level=4
W/SignalStrength(  655): getLevel=4
W/SignalStrength(  655): getLTELevel - rsrp:2147483647 snr:-1 rsrpIconLevel:0
W/SignalStrength(  655): mGsmSignalStrength=0 ,mWcdmaRscp=-97 ,level=3
W/SignalStrength(  655): getLevel=3
W/SignalStrength(  451): Size of signalstrength parcel:172
W/SignalStrength(  451): getLTELevel - rsrp:2147483647 snr:-1 rsrpIconLevel:0
W/SignalStrength(  451): mGsmSignalStrength=0 ,mWcdmaRscp=-89 ,level=4
W/SignalStrength(  451): getLevel=4
W/SignalStrength(  524): Size of signalstrength parcel:176
W/SignalStrength(  786): Size of signalstrength parcel:176
W/SignalStrength(  524): Size of signalstrength parcel:176
W/SignalStrength(  524): getLTELevel - rsrp:2147483647 snr:-1 rsrpIconLevel:0
W/SignalStrength(  524): mGsmSignalStrength=0 ,mWcdmaRscp=-89 ,level=4
W/SignalStrength(  524): getLevel=4
W/SignalStrength(  655): Size of signalstrength parcel:64
W/SignalStrength(  655): getLTELevel - rsrp:2147483647 snr:-1 rsrpIconLevel:0
W/SignalStrength(  655): mGsmSignalStrength=0 ,mWcdmaRscp=-89 ,level=4
W/SignalStrength(  655): getLevel=4
W/SignalStrength(  655): getLTELevel - rsrp:2147483647 snr:-1 rsrpIconLevel:0
W/SignalStrength(  655): mGsmSignalStrength=0 ,mWcdmaRscp=-97 ,level=3
W/SignalStrength(  655): getLevel=3
W/SignalStrength(  655): getLTELevel - rsrp:2147483647 snr:-1 rsrpIconLevel:0
W/SignalStrength(  655): mGsmSignalStrength=0 ,mWcdmaRscp=-97 ,level=3
W/SignalStrength(  655): getLevel=3
W/SignalStrength(  655): getLTELevel - rsrp:2147483647 snr:-1 rsrpIconLevel:0
W/SignalStrength(  655): mGsmSignalStrength=0 ,mWcdmaRscp=-89 ,level=4
W/SignalStrength(  655): getLevel=4
I/SUPL20_LocMan(26173): Phone type:GSM
I/SUPL20_LocMan(26173): Network Op Mnc= 1 MCC = 460
I/SUPL20_LocMan(26173):  cellInfo NetworkType:HSPA,10
I/SUPL20_LocMan(26173): Network type is 3G
I/SUPL20_WcdmaCellInfo(26173): Mnc:1 MCC:460 Cid:10629074
I/SUPL20_SPIMESLP-SENDING(26173): m_bPacket.length 72
W/SignalStrength(  655): Size of signalstrength parcel:64
W/SignalStrength(  655): getLTELevel - rsrp:2147483647 snr:-1 rsrpIconLevel:0
W/SignalStrength(  655): mGsmSignalStrength=0 ,mWcdmaRscp=-89 ,level=4
W/SignalStrength(  655): getLevel=4
W/SignalStrength(  655): getLTELevel - rsrp:2147483647 snr:-1 rsrpIconLevel:0
W/SignalStrength(  655): mGsmSignalStrength=0 ,mWcdmaRscp=-89 ,level=4
W/SignalStrength(  655): getLevel=4
W/SignalStrength(  655): getLTELevel - rsrp:2147483647 snr:-1 rsrpIconLevel:0
W/SignalStrength(  655): mGsmSignalStrength=0 ,mWcdmaRscp=-89 ,level=4
W/SignalStrength(  655): getLevel=4
W/SignalStrength(  655): getLTELevel - rsrp:2147483647 snr:-1 rsrpIconLevel:0
W/SignalStrength(  655): mGsmSignalStrength=0 ,mWcdmaRscp=-89 ,level=4
W/SignalStrength(  655): getLevel=4
W/SignalStrength(  451): Size of signalstrength parcel:172
W/SignalStrength(  451): getLTELevel - rsrp:2147483647 snr:-1 rsrpIconLevel:0
W/SignalStrength(  524): Size of signalstrength parcel:176
W/SignalStrength(  451): mGsmSignalStrength=0 ,mWcdmaRscp=-89 ,level=4
W/SignalStrength(  451): getLevel=4
W/SignalStrength(  786): Size of signalstrength parcel:176
W/SignalStrength(  524): getLTELevel - rsrp:2147483647 snr:-1 rsrpIconLevel:0
W/SignalStrength(  524): mGsmSignalStrength=0 ,mWcdmaRscp=-89 ,level=4
W/SignalStrength(  524): Size of signalstrength parcel:176
W/SignalStrength(  524): getLevel=4
W/SignalStrength(  655): Size of signalstrength parcel:64
W/SignalStrength(  655): getLTELevel - rsrp:2147483647 snr:-1 rsrpIconLevel:0
W/SignalStrength(  655): mGsmSignalStrength=0 ,mWcdmaRscp=-89 ,level=4
W/SignalStrength(  655): getLevel=4
W/SignalStrength(  655): getLTELevel - rsrp:2147483647 snr:-1 rsrpIconLevel:0
W/SignalStrength(  655): mGsmSignalStrength=0 ,mWcdmaRscp=-97 ,level=3
W/SignalStrength(  655): getLevel=3
W/SignalStrength(  655): getLTELevel - rsrp:2147483647 snr:-1 rsrpIconLevel:0
W/SignalStrength(  655): mGsmSignalStrength=0 ,mWcdmaRscp=-97 ,level=3
W/SignalStrength(  655): getLevel=3
W/SignalStrength(  655): getLTELevel - rsrp:2147483647 snr:-1 rsrpIconLevel:0
W/SignalStrength(  655): mGsmSignalStrength=0 ,mWcdmaRscp=-89 ,level=4
W/SignalStrength(  655): getLevel=4
I/SUPL20_LocMan(26173): Phone type:GSM
I/SUPL20_LocMan(26173): Network Op Mnc= 1 MCC = 460
I/SUPL20_LocMan(26173):  cellInfo NetworkType:HSPA,10
I/SUPL20_LocMan(26173): Network type is 3G
I/SUPL20_WcdmaCellInfo(26173): Mnc:1 MCC:460 Cid:10629483
I/SUPL20_SPIMESLP-SENDING(26173): m_bPacket.length 72
W/SignalStrength(  655): Size of signalstrength parcel:64
W/SignalStrength(  655): getLTELevel - rsrp:2147483647 snr:-1 rsrpIconLevel:0
W/SignalStrength(  655): mGsmSignalStrength=0 ,mWcdmaRscp=-89 ,level=4
W/SignalStrength(  655): getLevel=4
W/SignalStrength(  655): getLTELevel - rsrp:2147483647 snr:-1 rsrpIconLevel:0
W/SignalStrength(  655): mGsmSignalStrength=0 ,mWcdmaRscp=-89 ,level=4
W/SignalStrength(  655): getLevel=4
W/SignalStrength(  655): getLTELevel - rsrp:2147483647 snr:-1 rsrpIconLevel:0
W/SignalStrength(  655): mGsmSignalStrength=0 ,mWcdmaRscp=-89 ,level=4
W/SignalStrength(  655): getLevel=4
W/SignalStrength(  655): getLTELevel - rsrp:2147483647 snr:-1 rsrpIconLevel:0
W/SignalStrength(  655): mGsmSignalStrength=0 ,mWcdmaRscp=-89 ,level=4
W/SignalStrength(  655): getLevel=4
W/SignalStrength(  451): Size of signalstrength parcel:172
W/SignalStrength(  524): Size of signalstrength parcel:176
W/SignalStrength(  524): getLTELevel - rsrp:2147483647 snr:-1 rsrpIconLevel:0
W/SignalStrength(  524): mGsmSignalStrength=0 ,mWcdmaRscp=-89 ,level=4
W/SignalStrength(  524): getLevel=4
W/SignalStrength(  524): Size of signalstrength parcel:176
W/SignalStrength(  786): Size of signalstrength parcel:176
W/SignalStrength(  451): getLTELevel - rsrp:2147483647 snr:-1 rsrpIconLevel:0
W/SignalStrength(  451): mGsmSignalStrength=0 ,mWcdmaRscp=-89 ,level=4
W/SignalStrength(  451): getLevel=4
I/SUPL20_LocMan(26173): Phone type:GSM
I/SUPL20_LocMan(26173): Network Op Mnc= 1 MCC = 460
I/SUPL20_LocMan(26173):  cellInfo NetworkType:HSPA,10
I/SUPL20_LocMan(26173): Network type is 3G
I/SUPL20_WcdmaCellInfo(26173): Mnc:1 MCC:460 Cid:10629484
I/SUPL20_SPIMESLP-SENDING(26173): m_bPacket.length 72
W/SignalStrength(  655): Size of signalstrength parcel:64
W/SignalStrength(  655): getLTELevel - rsrp:2147483647 snr:-1 rsrpIconLevel:0
W/SignalStrength(  655): mGsmSignalStrength=0 ,mWcdmaRscp=-89 ,level=4
W/SignalStrength(  655): getLevel=4
W/SignalStrength(  655): getLTELevel - rsrp:2147483647 snr:-1 rsrpIconLevel:0
W/SignalStrength(  655): mGsmSignalStrength=0 ,mWcdmaRscp=-97 ,level=3
W/SignalStrength(  655): getLevel=3
W/SignalStrength(  655): getLTELevel - rsrp:2147483647 snr:-1 rsrpIconLevel:0
W/SignalStrength(  655): mGsmSignalStrength=0 ,mWcdmaRscp=-97 ,level=3
W/SignalStrength(  655): getLevel=3
W/SignalStrength(  655): getLTELevel - rsrp:2147483647 snr:-1 rsrpIconLevel:0
W/SignalStrength(  655): mGsmSignalStrength=0 ,mWcdmaRscp=-89 ,level=4
W/SignalStrength(  655): getLevel=4
I/SUPL20_LocMan(26173): Phone type:GSM
I/SUPL20_LocMan(26173): Network Op Mnc= 1 MCC = 460
I/SUPL20_LocMan(26173):  cellInfo NetworkType:HSPA,10
I/SUPL20_LocMan(26173): Network type is 3G
I/SUPL20_WcdmaCellInfo(26173): Mnc:1 MCC:460 Cid:10629483
I/SUPL20_SPIMESLP-SENDING(26173): m_bPacket.length 72
E/TemperatureMonitor2(  693): BatteryTemp=250
W/System.err(  451): com.android.server.LightsService$Light$PrintLEDStackException
W/System.err(  451): 	at com.android.server.LightsService$Light.setLightLocked(LightsService.java:284)
W/System.err(  451): 	at com.android.server.LightsService$Light.setColor(LightsService.java:168)
W/System.err(  451): 	at com.android.server.BatteryService$Led.updateLightsLocked(BatteryService.java:849)
W/System.err(  451): 	at com.android.server.BatteryService.processValuesLocked(BatteryService.java:458)
W/System.err(  451): 	at com.android.server.BatteryService.updateLocked(BatteryService.java:328)
W/System.err(  451): 	at com.android.server.BatteryService.access$200(BatteryService.java:89)
W/System.err(  451): 	at com.android.server.BatteryService$8.onUEvent(BatteryService.java:752)
W/System.err(  451): 	at android.os.UEventObserver$UEventThread.sendEvent(UEventObserver.java:210)
W/System.err(  451): 	at android.os.UEventObserver$UEventThread.run(UEventObserver.java:187)
W/SignalStrength(  655): Size of signalstrength parcel:64
W/SignalStrength(  655): getLTELevel - rsrp:2147483647 snr:-1 rsrpIconLevel:0
W/SignalStrength(  655): mGsmSignalStrength=0 ,mWcdmaRscp=-89 ,level=4
W/SignalStrength(  655): getLevel=4
W/SignalStrength(  655): getLTELevel - rsrp:2147483647 snr:-1 rsrpIconLevel:0
W/SignalStrength(  655): mGsmSignalStrength=0 ,mWcdmaRscp=-89 ,level=4
W/SignalStrength(  655): getLevel=4
W/SignalStrength(  655): getLTELevel - rsrp:2147483647 snr:-1 rsrpIconLevel:0
W/SignalStrength(  655): mGsmSignalStrength=0 ,mWcdmaRscp=-89 ,level=4
W/SignalStrength(  655): getLevel=4
W/SignalStrength(  655): getLTELevel - rsrp:2147483647 snr:-1 rsrpIconLevel:0
W/SignalStrength(  655): mGsmSignalStrength=0 ,mWcdmaRscp=-89 ,level=4
W/SignalStrength(  655): getLevel=4
W/SignalStrength(  451): Size of signalstrength parcel:172
W/SignalStrength(  524): Size of signalstrength parcel:176
W/SignalStrength(  524): getLTELevel - rsrp:2147483647 snr:-1 rsrpIconLevel:0
W/SignalStrength(  524): mGsmSignalStrength=0 ,mWcdmaRscp=-89 ,level=4
W/SignalStrength(  524): getLevel=4
W/SignalStrength(  451): getLTELevel - rsrp:2147483647 snr:-1 rsrpIconLevel:0
W/SignalStrength(  524): Size of signalstrength parcel:176
W/SignalStrength(  786): Size of signalstrength parcel:176
W/SignalStrength(  451): mGsmSignalStrength=0 ,mWcdmaRscp=-89 ,level=4
W/SignalStrength(  451): getLevel=4
W/TemperatureMonitor2(  693): Leave 40'C at 1377:25
W/SignalStrength(  655): Size of signalstrength parcel:64
W/SignalStrength(  655): getLTELevel - rsrp:2147483647 snr:-1 rsrpIconLevel:0
W/SignalStrength(  655): mGsmSignalStrength=0 ,mWcdmaRscp=-89 ,level=4
W/SignalStrength(  655): getLevel=4
W/SignalStrength(  655): getLTELevel - rsrp:2147483647 snr:-1 rsrpIconLevel:0
W/SignalStrength(  655): mGsmSignalStrength=0 ,mWcdmaRscp=-97 ,level=3
W/SignalStrength(  655): getLevel=3
W/SignalStrength(  655): getLTELevel - rsrp:2147483647 snr:-1 rsrpIconLevel:0
W/SignalStrength(  655): mGsmSignalStrength=0 ,mWcdmaRscp=-97 ,level=3
W/SignalStrength(  655): getLevel=3
W/SignalStrength(  655): getLTELevel - rsrp:2147483647 snr:-1 rsrpIconLevel:0
W/SignalStrength(  655): mGsmSignalStrength=0 ,mWcdmaRscp=-89 ,level=4
W/SignalStrength(  655): getLevel=4
I/SUPL20_LocMan(26173): Phone type:GSM
I/SUPL20_LocMan(26173): Network Op Mnc= 1 MCC = 460
I/SUPL20_LocMan(26173):  cellInfo NetworkType:HSPA,10
I/SUPL20_LocMan(26173): Network type is 3G
I/SUPL20_WcdmaCellInfo(26173): Mnc:1 MCC:460 Cid:10629074
I/SUPL20_SPIMESLP-SENDING(26173): m_bPacket.length 72
W/SignalStrength(  451): Size of signalstrength parcel:172
W/SignalStrength(  786): Size of signalstrength parcel:176
W/SignalStrength(  524): Size of signalstrength parcel:176
W/SignalStrength(  524): Size of signalstrength parcel:176
W/SignalStrength(  524): getLTELevel - rsrp:2147483647 snr:-1 rsrpIconLevel:0
W/SignalStrength(  524): mGsmSignalStrength=0 ,mWcdmaRscp=-97 ,level=3
W/SignalStrength(  524): getLevel=3
W/SignalStrength(  451): getLTELevel - rsrp:2147483647 snr:-1 rsrpIconLevel:0
W/SignalStrength(  451): mGsmSignalStrength=0 ,mWcdmaRscp=-97 ,level=3
W/SignalStrength(  451): getLevel=3
I/SUPL20_LocMan(26173): Phone type:GSM
I/SUPL20_LocMan(26173): Network Op Mnc= 1 MCC = 460
I/SUPL20_LocMan(26173):  cellInfo NetworkType:HSPA,10
I/SUPL20_LocMan(26173): Network type is 3G
I/SUPL20_WcdmaCellInfo(26173): Mnc:1 MCC:460 Cid:10629073
I/SUPL20_SPIMESLP-SENDING(26173): m_bPacket.length 72
W/TemperatureMonitor2(  693): Enter 40'C at 1378:05
I/SUPL20_LocMan(26173): Phone type:GSM
I/SUPL20_LocMan(26173): Network Op Mnc= 1 MCC = 460
I/SUPL20_LocMan(26173):  cellInfo NetworkType:HSPA,10
I/SUPL20_LocMan(26173): Network type is 3G
I/SUPL20_WcdmaCellInfo(26173): Mnc:1 MCC:460 Cid:10663824
I/SUPL20_SPIMESLP-SENDING(26173): m_bPacket.length 72
W/SignalStrength(  655): Size of signalstrength parcel:64
W/SignalStrength(  655): getLTELevel - rsrp:2147483647 snr:-1 rsrpIconLevel:0
W/SignalStrength(  655): mGsmSignalStrength=0 ,mWcdmaRscp=-97 ,level=3
W/SignalStrength(  655): getLevel=3
W/SignalStrength(  655): getLTELevel - rsrp:2147483647 snr:-1 rsrpIconLevel:0
W/SignalStrength(  655): mGsmSignalStrength=0 ,mWcdmaRscp=-107 ,level=1
W/SignalStrength(  655): getLevel=1
W/SignalStrength(  655): getLTELevel - rsrp:2147483647 snr:-1 rsrpIconLevel:0
W/SignalStrength(  655): mGsmSignalStrength=0 ,mWcdmaRscp=-107 ,level=1
W/SignalStrength(  655): getLevel=1
W/SignalStrength(  655): getLTELevel - rsrp:2147483647 snr:-1 rsrpIconLevel:0
W/SignalStrength(  655): mGsmSignalStrength=0 ,mWcdmaRscp=-97 ,level=3
W/SignalStrength(  655): getLevel=3
W/SignalStrength(  451): Size of signalstrength parcel:172
W/SignalStrength(  451): getLTELevel - rsrp:2147483647 snr:-1 rsrpIconLevel:0
W/SignalStrength(  524): Size of signalstrength parcel:176
W/SignalStrength(  524): Size of signalstrength parcel:176
W/SignalStrength(  786): Size of signalstrength parcel:176
W/SignalStrength(  524): getLTELevel - rsrp:2147483647 snr:-1 rsrpIconLevel:0
W/SignalStrength(  524): mGsmSignalStrength=0 ,mWcdmaRscp=-107 ,level=1
W/SignalStrength(  524): getLevel=1
W/SignalStrength(  451): mGsmSignalStrength=0 ,mWcdmaRscp=-107 ,level=1
W/SignalStrength(  451): getLevel=1
W/System.err(  451): com.android.server.LightsService$Light$PrintLEDStackException
W/System.err(  451): 	at com.android.server.LightsService$Light.setLightLocked(LightsService.java:284)
W/System.err(  451): 	at com.android.server.LightsService$Light.setColor(LightsService.java:168)
E/TemperatureMonitor2(  693): BatteryTemp=250
W/System.err(  451): 	at com.android.server.BatteryService$Led.updateLightsLocked(BatteryService.java:849)
W/System.err(  451): 	at com.android.server.BatteryService.processValuesLocked(BatteryService.java:458)
W/System.err(  451): 	at com.android.server.BatteryService.updateLocked(BatteryService.java:328)
W/System.err(  451): 	at com.android.server.BatteryService.access$200(BatteryService.java:89)
W/System.err(  451): 	at com.android.server.BatteryService$8.onUEvent(BatteryService.java:752)
W/System.err(  451): 	at android.os.UEventObserver$UEventThread.sendEvent(UEventObserver.java:210)
W/System.err(  451): 	at android.os.UEventObserver$UEventThread.run(UEventObserver.java:187)
W/TemperatureMonitor2(  693): Leave 40'C at 1378:25
I/AlarmManager(  451): Wakeup alarm triggering: [0]  {2014 6  02 23:00:00 +0800} (com.huawei.android.pushagent) repeatInterval: 570000
I/PushLogAC2319(  680): [ReceiverDispatcher-45]received heart beat interval arrived broadcast:com.huawei.intent.action.PUSH(pushagent/null:-1)
I/PushLogAC2319(  680): [ReceiverDispatcher-45]PushState get action :com.huawei.intent.action.PUSH(pushagent/null:-1)
I/AlarmManager(  451): Wakeup alarm[0]  {2014 6  02 23:00:10 +0800} (com.huawei.android.pushagent) repeatInterval: 0
I/PushLogAC2319(  680): [ReceiverDispatcher-45]PushState get action :com.huawei.android.push.intent.MSG_SENT(pushagent/null:-1)
I/SUPL20_LocMan(26173): Phone type:GSM
I/SUPL20_LocMan(26173): Network Op Mnc= 1 MCC = 460
I/SUPL20_LocMan(26173):  cellInfo NetworkType:HSPA,10
I/SUPL20_LocMan(26173): Network type is 3G
I/SUPL20_WcdmaCellInfo(26173): Mnc:1 MCC:460 Cid:10629074
I/SUPL20_SPIMESLP-SENDING(26173): m_bPacket.length 72
W/SignalStrength(  655): Size of signalstrength parcel:64
W/SignalStrength(  655): getLTELevel - rsrp:2147483647 snr:-1 rsrpIconLevel:0
W/SignalStrength(  655): mGsmSignalStrength=0 ,mWcdmaRscp=-107 ,level=1
W/SignalStrength(  655): getLevel=1
W/SignalStrength(  655): getLTELevel - rsrp:2147483647 snr:-1 rsrpIconLevel:0
W/SignalStrength(  655): mGsmSignalStrength=0 ,mWcdmaRscp=-89 ,level=4
W/SignalStrength(  655): getLevel=4
W/SignalStrength(  655): getLTELevel - rsrp:2147483647 snr:-1 rsrpIconLevel:0
W/SignalStrength(  655): mGsmSignalStrength=0 ,mWcdmaRscp=-89 ,level=4
W/SignalStrength(  655): getLevel=4
W/SignalStrength(  655): getLTELevel - rsrp:2147483647 snr:-1 rsrpIconLevel:0
W/SignalStrength(  655): mGsmSignalStrength=0 ,mWcdmaRscp=-107 ,level=1
W/SignalStrength(  655): getLevel=1
W/SignalStrength(  451): Size of signalstrength parcel:172
W/SignalStrength(  524): Size of signalstrength parcel:176
W/SignalStrength(  524): getLTELevel - rsrp:2147483647 snr:-1 rsrpIconLevel:0
W/SignalStrength(  524): mGsmSignalStrength=0 ,mWcdmaRscp=-89 ,level=4
W/SignalStrength(  524): getLevel=4
W/SignalStrength(  524): Size of signalstrength parcel:176
W/SignalStrength(  786): Size of signalstrength parcel:176
W/SignalStrength(  451): getLTELevel - rsrp:2147483647 snr:-1 rsrpIconLevel:0
W/SignalStrength(  451): mGsmSignalStrength=0 ,mWcdmaRscp=-89 ,level=4
W/SignalStrength(  451): getLevel=4
I/PushLogAC2319(  680): [SocketRead_22:35:41-69]after decode msg:HeartBeatRspMessage[cmdId:DB](pushagent/null:-1)
I/PushLogAC2319(  680): [ReceiverDispatcher-45]after delayHeartBeatReq, nextHeartBeatTime, will be 570000ms later(pushagent/null:-1)
I/AlarmManager(  451): Wakeup alarm[0]  {2014 6  02 23:09:35 +0800} (com.huawei.android.pushagent) repeatInterval: 570000
I/PushLogAC2319(  680): [ReceiverDispatcher-45]enter adjustHeartBeat:(findHeartBeat:true RspTimeOut:false beatInterval:570000 range:[170000,570000],isHearBeatTimeReq:true batteryStatus:1)(pushagent/null:-1)
I/PushLogAC2319(  680): [ReceiverDispatcher-45]PushState get action :com.huawei.android.push.intent.MSG_RECEIVED(pushagent/null:-1)
W/SignalStrength(  655): Size of signalstrength parcel:64
W/SignalStrength(  655): getLTELevel - rsrp:2147483647 snr:-1 rsrpIconLevel:0
W/SignalStrength(  655): mGsmSignalStrength=0 ,mWcdmaRscp=-89 ,level=4
W/SignalStrength(  655): getLevel=4
W/SignalStrength(  655): getLTELevel - rsrp:2147483647 snr:-1 rsrpIconLevel:0
W/SignalStrength(  655): mGsmSignalStrength=0 ,mWcdmaRscp=-97 ,level=3
W/SignalStrength(  655): getLevel=3
W/SignalStrength(  655): getLTELevel - rsrp:2147483647 snr:-1 rsrpIconLevel:0
W/SignalStrength(  655): mGsmSignalStrength=0 ,mWcdmaRscp=-97 ,level=3
W/SignalStrength(  655): getLevel=3
W/SignalStrength(  655): getLTELevel - rsrp:2147483647 snr:-1 rsrpIconLevel:0
W/SignalStrength(  655): mGsmSignalStrength=0 ,mWcdmaRscp=-89 ,level=4
W/SignalStrength(  655): getLevel=4
I/SUPL20_LocMan(26173): Phone type:GSM
I/SUPL20_LocMan(26173): Network Op Mnc= 1 MCC = 460
I/SUPL20_LocMan(26173):  cellInfo NetworkType:HSPA,10
I/SUPL20_LocMan(26173): Network type is 3G
I/SUPL20_WcdmaCellInfo(26173): Mnc:1 MCC:460 Cid:10629483
I/SUPL20_SPIMESLP-SENDING(26173): m_bPacket.length 72
I/SUPL20_LocMan(26173): Phone type:GSM
I/SUPL20_LocMan(26173): Network Op Mnc= 1 MCC = 460
I/SUPL20_LocMan(26173):  cellInfo NetworkType:HSPA,10
I/SUPL20_LocMan(26173): Network type is 3G
I/SUPL20_WcdmaCellInfo(26173): Mnc:1 MCC:460 Cid:10629074
I/SUPL20_SPIMESLP-SENDING(26173): m_bPacket.length 72
W/SignalStrength(  655): Size of signalstrength parcel:64
W/SignalStrength(  655): getLTELevel - rsrp:2147483647 snr:-1 rsrpIconLevel:0
W/SignalStrength(  655): mGsmSignalStrength=0 ,mWcdmaRscp=-89 ,level=4
W/SignalStrength(  655): getLevel=4
W/SignalStrength(  655): getLTELevel - rsrp:2147483647 snr:-1 rsrpIconLevel:0
W/SignalStrength(  655): mGsmSignalStrength=0 ,mWcdmaRscp=-89 ,level=4
W/SignalStrength(  655): getLevel=4
W/SignalStrength(  655): getLTELevel - rsrp:2147483647 snr:-1 rsrpIconLevel:0
W/SignalStrength(  655): mGsmSignalStrength=0 ,mWcdmaRscp=-89 ,level=4
W/SignalStrength(  655): getLevel=4
W/SignalStrength(  655): getLTELevel - rsrp:2147483647 snr:-1 rsrpIconLevel:0
W/SignalStrength(  655): mGsmSignalStrength=0 ,mWcdmaRscp=-89 ,level=4
W/SignalStrength(  655): getLevel=4
W/SignalStrength(  451): Size of signalstrength parcel:172
W/SignalStrength(  451): getLTELevel - rsrp:2147483647 snr:-1 rsrpIconLevel:0
W/SignalStrength(  786): Size of signalstrength parcel:176
W/SignalStrength(  524): Size of signalstrength parcel:176
W/SignalStrength(  524): Size of signalstrength parcel:176
W/SignalStrength(  524): getLTELevel - rsrp:2147483647 snr:-1 rsrpIconLevel:0
W/SignalStrength(  524): mGsmSignalStrength=0 ,mWcdmaRscp=-89 ,level=4
W/SignalStrength(  524): getLevel=4
W/SignalStrength(  451): mGsmSignalStrength=0 ,mWcdmaRscp=-89 ,level=4
W/SignalStrength(  451): getLevel=4
E/TemperatureMonitor2(  693): BatteryTemp=250
W/System.err(  451): com.android.server.LightsService$Light$PrintLEDStackException
W/System.err(  451): 	at com.android.server.LightsService$Light.setLightLocked(LightsService.java:284)
W/System.err(  451): 	at com.android.server.LightsService$Light.setColor(LightsService.java:168)
W/System.err(  451): 	at com.android.server.BatteryService$Led.updateLightsLocked(BatteryService.java:849)
W/System.err(  451): 	at com.android.server.BatteryService.processValuesLocked(BatteryService.java:458)
W/System.err(  451): 	at com.android.server.BatteryService.updateLocked(BatteryService.java:328)
W/System.err(  451): 	at com.android.server.BatteryService.access$200(BatteryService.java:89)
W/System.err(  451): 	at com.android.server.BatteryService$8.onUEvent(BatteryService.java:752)
W/System.err(  451): 	at android.os.UEventObserver$UEventThread.sendEvent(UEventObserver.java:210)
W/System.err(  451): 	at android.os.UEventObserver$UEventThread.run(UEventObserver.java:187)
W/SignalStrength(  655): Size of signalstrength parcel:64
W/SignalStrength(  655): getLTELevel - rsrp:2147483647 snr:-1 rsrpIconLevel:0
W/SignalStrength(  655): mGsmSignalStrength=0 ,mWcdmaRscp=-89 ,level=4
W/SignalStrength(  655): getLevel=4
W/SignalStrength(  655): getLTELevel - rsrp:2147483647 snr:-1 rsrpIconLevel:0
W/SignalStrength(  655): mGsmSignalStrength=0 ,mWcdmaRscp=-103 ,level=2
W/SignalStrength(  655): getLevel=2
W/SignalStrength(  655): getLTELevel - rsrp:2147483647 snr:-1 rsrpIconLevel:0
W/SignalStrength(  655): mGsmSignalStrength=0 ,mWcdmaRscp=-103 ,level=2
W/SignalStrength(  655): getLevel=2
W/SignalStrength(  655): getLTELevel - rsrp:2147483647 snr:-1 rsrpIconLevel:0
W/SignalStrength(  655): mGsmSignalStrength=0 ,mWcdmaRscp=-89 ,level=4
W/SignalStrength(  655): getLevel=4
I/SUPL20_LocMan(26173): Phone type:GSM
I/SUPL20_LocMan(26173): Network Op Mnc= 1 MCC = 460
I/SUPL20_LocMan(26173):  cellInfo NetworkType:HSPA,10
I/SUPL20_LocMan(26173): Network type is 3G
I/SUPL20_WcdmaCellInfo(26173): Mnc:1 MCC:460 Cid:10629483
I/SUPL20_SPIMESLP-SENDING(26173): m_bPacket.length 72
W/SignalStrength(  655): getLTELevel - rsrp:2147483647 snr:-1 rsrpIconLevel:0
W/SignalStrength(  655): mGsmSignalStrength=0 ,mWcdmaRscp=-89 ,level=4
W/SignalStrength(  655): getLevel=4
W/SignalStrength(  655): getLTELevel - rsrp:2147483647 snr:-1 rsrpIconLevel:0
W/SignalStrength(  655): mGsmSignalStrength=0 ,mWcdmaRscp=-97 ,level=3
W/SignalStrength(  655): getLevel=3
W/SignalStrength(  655): Size of signalstrength parcel:64
W/SignalStrength(  655): getLTELevel - rsrp:2147483647 snr:-1 rsrpIconLevel:0
W/SignalStrength(  655): mGsmSignalStrength=0 ,mWcdmaRscp=-97 ,level=3
W/SignalStrength(  655): getLevel=3
W/SignalStrength(  655): getLTELevel - rsrp:2147483647 snr:-1 rsrpIconLevel:0
W/SignalStrength(  655): mGsmSignalStrength=0 ,mWcdmaRscp=-89 ,level=4
W/SignalStrength(  655): getLevel=4
W/System.err(  451): java.io.FileNotFoundException: /data/cust/xml/hw_launcher_load_icon.xml: open failed: ENOENT (No such file or directory)
W/System.err(  451): 	at libcore.io.IoBridge.open(IoBridge.java:409)
W/System.err(  451): 	at java.io.FileInputStream.<init>(FileInputStream.java:109)
W/System.err(  451): 	at android.content.res.ResourcesEx.readDefaultConfig(ResourcesEx.java:809)
W/System.err(  451): 	at android.content.res.ResourcesEx.<init>(ResourcesEx.java:742)
W/System.err(  451): 	at android.app.ActivityThread.getTopLevelResources(ActivityThread.java:1721)
W/System.err(  451): 	at android.app.ActivityThread.getTopLevelResources(ActivityThread.java:1752)
W/System.err(  451): 	at android.app.LoadedApk.getResources(LoadedApk.java:485)
W/System.err(  451): 	at android.app.ContextImpl.init(ContextImpl.java:1911)
W/System.err(  451): 	at android.app.ContextImpl.createPackageContextAsUser(ContextImpl.java:1791)
W/System.err(  451): 	at com.android.server.AttributeCache.get(AttributeCache.java:127)
W/System.err(  451): 	at com.android.server.am.ActivityRecord.<init>(ActivityRecord.java:436)
W/System.err(  451): 	at com.android.server.am.ActivityStack.startActivityLocked(ActivityStack.java:2754)
W/System.err(  451): 	at com.android.server.am.ActivityStack.startActivityMayWait(ActivityStack.java:3345)
W/System.err(  451): 	at com.android.server.am.ActivityManagerService.startActivityAsUser(ActivityManagerService.java:2528)
W/System.err(  451): 	at android.app.ContextImpl.startActivityAsUser(ContextImpl.java:1004)
W/System.err(  451): 	at android.app.ContextImpl.startActivityAsUser(ContextImpl.java:983)
W/System.err(  451): 	at com.android.internal.policy.impl.PhoneWindowManager.startDockOrHome(PhoneWindowManager.java:5193)
W/System.err(  451): 	at com.android.internal.policy.impl.PhoneWindowManager.launchHomeFromHotKey(PhoneWindowManager.java:2647)
W/System.err(  451): 	at com.android.internal.policy.impl.PhoneWindowManager.launchHomeFromHotKeyEx(PhoneWindowManager.java:5591)
W/System.err(  451): 	at com.android.internal.policy.impl.PhoneWindowManager.interceptKeyBeforeDispatching(PhoneWindowManager.java:2203)
W/System.err(  451): 	at com.android.server.wm.InputMonitor.interceptKeyBeforeDispatching(InputMonitor.java:509)
W/System.err(  451): 	at com.android.server.input.InputManagerService.interceptKeyBeforeDispatching(InputManagerService.java:1329)
W/System.err(  451): 	at dalvik.system.NativeStart.run(Native Method)
W/System.err(  451): Caused by: libcore.io.ErrnoException: open failed: ENOENT (No such file or directory)
W/System.err(  451): 	at libcore.io.Posix.open(Native Method)
W/System.err(  451): 	at libcore.io.BlockGuardOs.open(BlockGuardOs.java:110)
W/System.err(  451): 	at libcore.io.IoBridge.open(IoBridge.java:400)
W/System.err(  451): 	... 22 more
I/dalvikvm-heap(  451): Grow heap (frag case) to 28.791MB for 380496-byte allocation
I/ComBroadcastReceiver(24930): ComBroadcastReceiver action = android.server.am.ActivityStack.taskstatechange
W/System.err(  451): com.android.server.LightsService$Light$PrintLEDStackException
W/System.err(  451): 	at com.android.server.LightsService$Light.setLightLocked(LightsService.java:284)
W/System.err(  451): 	at com.android.server.LightsService$Light.turnOff(LightsService.java:194)
W/System.err(  451): 	at com.android.server.NotificationManagerService.updateLightsLocked(NotificationManagerService.java:1564)
W/System.err(  451): 	at com.android.server.NotificationManagerService.cancelNotification(NotificationManagerService.java:1411)
W/System.err(  451): 	at com.android.server.NotificationManagerService.cancelNotificationWithTag(NotificationManagerService.java:1479)
W/System.err(  451): 	at android.app.NotificationManager.cancelAsUser(NotificationManager.java:198)
W/System.err(  451): 	at com.android.server.InputMethodManagerService.setImeWindowStatus(InputMethodManagerService.java:1580)
W/System.err(  451): 	at com.android.server.InputMethodManagerService.updateImeWindowStatusLocked(InputMethodManagerService.java:942)
W/System.err(  451): 	at com.android.server.InputMethodManagerService.setImeWindowVisibilityStatusHiddenLocked(InputMethodManagerService.java:921)
W/System.err(  451): 	at com.android.server.InputMethodManagerService.hideSoftInput(InputMethodManagerService.java:1829)
W/System.err(  451): 	at com.android.internal.view.IInputMethodManager$Stub.onTransact(IInputMethodManager.java:197)
W/System.err(  451): 	at com.android.server.InputMethodManagerService.onTransact(InputMethodManagerService.java:873)
W/System.err(  451): 	at android.os.Binder.execTransact(Binder.java:351)
W/System.err(  451): 	at dalvik.system.NativeStart.run(Native Method)
I/Launcher(  720): onResume()
I/PinyinIME(  628): hideWindow=unbind
W/SpeechRecoginzerIME(  628): flag+true+false
E/VAsisstantManager(  628): [Dictation]stopVoiceService() start
I/Ziri.ModuleController(26769): removeUIInterfaceAdapterCallbacks
I/Ziri.ModelService(26769): onUnbind:Intent { act=com.huawei.ziri.model.MODELSERVICE }
I/Ziri.ModelService(26769): onUnbind   unbindFromActivity = 0
I/Ziri.ModuleController(26769): unbindControlModel
I/Ziri.ModelService(26769): onUnbind()
I/Ziri.ModelService(26769): onDestroy
I/SpeechRecoginzerIME(  628): ====UNBINDSERVICE====
I/Ziri.ModuleController(26769): doServiceDestroy begin
I/Ziri.ModelService(26769): onDestroy end
I/Ziri.ModuleController(26769): handleServiceDestroy
I/Ziri.ModuleController(26769): handleServiceDestroy: make currentSessionModel to be null
I/Ziri.ModuleController(26769): releaseBluetoothManager ... 
E/BluetoothManager(26769): releaseResource() 1 ... 
W/IInputConnectionWrapper(26621): showStatusIcon on inactive InputConnection
I/PowerManagerService(  451): state=0
E/BluetoothManager(26769): destroyBluetoothService() 1 ... 
E/BluetoothManager(26769): stopVoiceReco() ... 
E/BluetoothManager(26769): destroyBluetoothService() closeProfileProxy ... 
I/Ziri.ModuleController(26769): handleServiceDestroy before Tts.JniCancel();
E/VAAudioTrackManager(26769): destroyAudioTrack ... 
E/VAAudioTrackManager(26769): destroyNormalAudioTrack ... 
E/VAAudioTrackManager(26769): destroyAudioTrack in the  mAudioTrackNormal 0000
E/VAAudioTrackManager(26769): destroyBluetoothAudioTrack ... 
I/Ziri.ModuleController(26769): handleServiceDestroy before destroyAudioTrack
I/Ziri.TelephoneMgr(26769): stopMessageListener
W/MemoryDealer(  134): madvise(0x4437e000, 12288, MADV_REMOVE) returned Operation not supported on transport endpoint
I/Ziri.TelephoneMgr(26769): stopNetStateListener
I/Ziri.ModuleController(26769): handleServiceDestroy behide stopMessageListener
I/Ziri.ModuleController(26769): [scene]unRegisterCarModeLoadingEndRecv
I/Ziri.ModuleController(26769): handleServiceDestroy behide notifytone.destroy
I/PcmLogManager(26769): destroy
W/MemoryDealer(  134): madvise(0x4437c000, 4096, MADV_REMOVE) returned Operation not supported on transport endpoint
I/Process (26769): Sending signal. PID: 26769 SIG: 9
W/K3IppsCpuGovernorPolicy(  665): current scene is not a sub scene. do nothing.
W/MemoryDealer(  134): madvise(0x44356000, 73728, MADV_REMOVE) returned Operation not supported on transport endpoint
W/MemoryDealer(  134): madvise(0x44369000, 73728, MADV_REMOVE) returned Operation not supported on transport endpoint
I/SUPL20_LocMan(26173): Phone type:GSM
I/SUPL20_LocMan(26173): Network Op Mnc= 1 MCC = 460
I/SUPL20_LocMan(26173):  cellInfo NetworkType:HSPA,10
I/SUPL20_LocMan(26173): Network type is 3G
I/SUPL20_WcdmaCellInfo(26173): Mnc:1 MCC:460 Cid:10629485
I/SUPL20_SPIMESLP-SENDING(26173): m_bPacket.length 72
W/System.err(  451): java.io.FileNotFoundException: /data/cust/xml/hw_launcher_load_icon.xml: open failed: ENOENT (No such file or directory)
W/System.err(  451): 	at libcore.io.IoBridge.open(IoBridge.java:409)
W/System.err(  451): 	at java.io.FileInputStream.<init>(FileInputStream.java:109)
W/System.err(  451): 	at android.content.res.ResourcesEx.readDefaultConfig(ResourcesEx.java:809)
W/System.err(  451): 	at android.content.res.ResourcesEx.<init>(ResourcesEx.java:742)
W/System.err(  451): 	at android.app.ActivityThread.getTopLevelResources(ActivityThread.java:1721)
W/System.err(  451): 	at android.app.ActivityThread.getTopLevelResources(ActivityThread.java:1752)
W/System.err(  451): 	at android.app.LoadedApk.getResources(LoadedApk.java:485)
