W/System.err(  451): 	at android.app.ContextImpl.init(ContextImpl.java:1911)
W/System.err(  451): 	at android.app.ContextImpl.createPackageContextAsUser(ContextImpl.java:1791)
W/System.err(  451): 	at com.android.server.AttributeCache.get(AttributeCache.java:127)
W/System.err(  451): 	at com.android.server.am.ActivityRecord.<init>(ActivityRecord.java:436)
W/System.err(  451): 	at com.android.server.am.ActivityStack.startActivityLocked(ActivityStack.java:2754)
W/System.err(  451): 	at com.android.server.am.ActivityStack.startActivityMayWait(ActivityStack.java:3345)
W/System.err(  451): 	at com.android.server.am.ActivityManagerService.startActivityAsUser(ActivityManagerService.java:2528)
W/System.err(  451): 	at com.android.server.am.ActivityManagerService.startActivity(ActivityManagerService.java:2517)
W/System.err(  451): 	at android.app.ActivityManagerNative.onTransact(ActivityManagerNative.java:131)
W/System.err(  451): 	at com.android.server.am.ActivityManagerService.onTransact(ActivityManagerService.java:1713)
W/System.err(  451): 	at android.os.Binder.execTransact(Binder.java:351)
W/System.err(  451): 	at dalvik.system.NativeStart.run(Native Method)
W/System.err(  451): Caused by: libcore.io.ErrnoException: open failed: ENOENT (No such file or directory)
W/System.err(  451): 	at libcore.io.Posix.open(Native Method)
W/System.err(  451): 	at libcore.io.BlockGuardOs.open(BlockGuardOs.java:110)
W/System.err(  451): 	at libcore.io.IoBridge.open(IoBridge.java:400)
W/System.err(  451): 	... 18 more
I/ComBroadcastReceiver(24930): ComBroadcastReceiver action = android.server.am.ActivityStack.taskstatechange
I/ContactsIntentResolver(  973): Called with action: android.intent.action.MAIN
I/PowerManagerService(  451): state=2
W/dalvikvm(  973): method Lcom/android/contacts/hap/widget/AlphaScroller;.getSectionIndexer incorrectly overrides package-private method with same name in Landroid/widget/FastScroller;
W/dalvikvm(  973): method Lcom/android/contacts/hap/widget/AlphaScroller;.isPointInside incorrectly overrides package-private method with same name in Landroid/widget/FastScroller;
W/dalvikvm(  973): method Lcom/android/contacts/hap/widget/AlphaScroller;.onInterceptTouchEvent incorrectly overrides package-private method with same name in Landroid/widget/FastScroller;
W/dalvikvm(  973): method Lcom/android/contacts/hap/widget/AlphaScroller;.onScroll incorrectly overrides package-private method with same name in Landroid/widget/FastScroller;
W/dalvikvm(  973): method Lcom/android/contacts/hap/widget/AlphaScroller;.onSizeChanged incorrectly overrides package-private method with same name in Landroid/widget/FastScroller;
W/dalvikvm(  973): method Lcom/android/contacts/hap/widget/AlphaScroller;.onTouchEvent incorrectly overrides package-private method with same name in Landroid/widget/FastScroller;
I/ActivityManager(  451): Displayed com.android.contacts/.activities.PeopleActivity: +609ms
I/PowerManagerService(  451): state=0
W/System.err(  973): java.io.FileNotFoundException: /data/cust/xml/hw_launcher_load_icon.xml: open failed: ENOENT (No such file or directory)
W/System.err(  973): 	at libcore.io.IoBridge.open(IoBridge.java:409)
W/System.err(  973): 	at java.io.FileInputStream.<init>(FileInputStream.java:109)
W/System.err(  973): 	at android.content.res.ResourcesEx.readDefaultConfig(ResourcesEx.java:809)
W/System.err(  973): 	at android.content.res.ResourcesEx.<init>(ResourcesEx.java:742)
W/System.err(  973): 	at android.app.ActivityThread.getTopLevelResources(ActivityThread.java:1721)
W/System.err(  973): 	at android.app.ActivityThread.getTopLevelResources(ActivityThread.java:1752)
W/System.err(  973): 	at android.app.ApplicationPackageManager.getResourcesForApplication(ApplicationPackageManager.java:746)
W/System.err(  973): 	at android.app.ApplicationPackageManager.getText(ApplicationPackageManager.java:970)
W/System.err(  973): 	at com.android.contacts.hap.CommonUtilMethods.parseGroupDisplayName(CommonUtilMethods.java:331)
W/System.err(  973): 	at com.android.contacts.group.GroupBrowseListAdapter.getItem(GroupBrowseListAdapter.java:154)
W/System.err(  973): 	at com.android.contacts.group.GroupBrowseListAdapter.setCursor(GroupBrowseListAdapter.java:67)
W/System.err(  973): 	at com.android.contacts.group.GroupBrowseListFragment.bindGroupList(GroupBrowseListFragment.java:253)
W/System.err(  973): 	at com.android.contacts.group.GroupBrowseListFragment.access$500(GroupBrowseListFragment.java:61)
W/System.err(  973): 	at com.android.contacts.group.GroupBrowseListFragment$4.onLoadFinished(GroupBrowseListFragment.java:240)
W/System.err(  973): 	at com.android.contacts.group.GroupBrowseListFragment$4.onLoadFinished(GroupBrowseListFragment.java:229)
W/System.err(  973): 	at android.app.LoaderManagerImpl$LoaderInfo.callOnLoadFinished(LoaderManager.java:483)
W/System.err(  973): 	at android.app.LoaderManagerImpl$LoaderInfo.onLoadComplete(LoaderManager.java:451)
W/System.err(  973): 	at android.content.Loader.deliverResult(Loader.java:143)
W/System.err(  973): 	at android.content.CursorLoader.deliverResult(CursorLoader.java:113)
W/System.err(  973): 	at android.content.CursorLoader.deliverResult(CursorLoader.java:43)
W/System.err(  973): 	at android.content.AsyncTaskLoader.dispatchOnLoadComplete(AsyncTaskLoader.java:254)
W/System.err(  973): 	at android.content.AsyncTaskLoader$LoadTask.onPostExecute(AsyncTaskLoader.java:91)
W/System.err(  973): 	at android.os.AsyncTask.finish(AsyncTask.java:631)
W/System.err(  973): 	at android.os.AsyncTask.access$600(AsyncTask.java:177)
W/System.err(  973): 	at android.os.AsyncTask$InternalHandler.handleMessage(AsyncTask.java:644)
W/System.err(  973): 	at android.os.Handler.dispatchMessage(Handler.java:99)
W/System.err(  973): 	at android.os.Looper.loop(Looper.java:137)
W/System.err(  973): 	at android.app.ActivityThread.main(ActivityThread.java:5106)
W/System.err(  973): 	at java.lang.reflect.Method.invokeNative(Native Method)
W/System.err(  973): 	at java.lang.reflect.Method.invoke(Method.java:511)
W/System.err(  973): 	at com.android.internal.os.ZygoteInit$MethodAndArgsCaller.run(ZygoteInit.java:821)
W/System.err(  973): 	at com.android.internal.os.ZygoteInit.main(ZygoteInit.java:588)
W/System.err(  973): 	at dalvik.system.NativeStart.main(Native Method)
W/System.err(  973): Caused by: libcore.io.ErrnoException: open failed: ENOENT (No such file or directory)
W/System.err(  973): 	at libcore.io.Posix.open(Native Method)
W/System.err(  973): 	at libcore.io.BlockGuardOs.open(BlockGuardOs.java:110)
W/System.err(  973): 	at libcore.io.IoBridge.open(IoBridge.java:400)
W/System.err(  973): 	... 32 more
E/BitmapFactory(  973): Unable to decode stream: java.lang.NullPointerException
I/SUPL20_LocMan(26173): Phone type:GSM
I/SUPL20_LocMan(26173): Network Op Mnc= 1 MCC = 460
I/SUPL20_LocMan(26173):  cellInfo NetworkType:HSPA,10
I/SUPL20_LocMan(26173): Network type is 3G
I/SUPL20_WcdmaCellInfo(26173): Mnc:1 MCC:460 Cid:10629483
I/SUPL20_SPIMESLP-SENDING(26173): m_bPacket.length 72
I/ActivityManager(  451): Displayed com.android.contacts/.activities.ContactEditorActivity: +696ms
I/SoftKeyboardView(  628): setKeyboardChanged:true
I/SoftKeyboard(  628): enableToggleStates() rowid:13
I/SoftKeyboardView(  628): setKeyboardChanged:true
I/SpeechRecoginzerIME(  628): ====judgeIsNeedIspeech=true====
W/SpeechRecoginzerIME(  628): flag+false+false
I/SpeechRecoginzerIME(  628): ====BINDSERVICE====
I/PinyinIME(  628): showWindow=bind
I/PinyinIME(  628): showWindow called.
I/SoftKeyboardView(  628): setKeyboardChanged:true
I/SoftKeyboard(  628): enableToggleStates() rowid:13
I/SoftKeyboardView(  628): setKeyboardChanged:true
E/VAsisstantManager(  628): [Dictation]startVoiceService() start: mVoiceAssistantStarted = false
E/VAssistantServiceManager(  628): [Dictation]20121206 modified:
W/System.err(26844): java.io.FileNotFoundException: /data/cust/xml/hw_launcher_load_icon.xml: open failed: ENOENT (No such file or directory)
W/System.err(26844): 	at libcore.io.IoBridge.open(IoBridge.java:409)
W/System.err(26844): 	at java.io.FileInputStream.<init>(FileInputStream.java:109)
W/System.err(26844): 	at android.content.res.ResourcesEx.readDefaultConfig(ResourcesEx.java:809)
W/System.err(26844): 	at android.content.res.ResourcesEx.<init>(ResourcesEx.java:742)
W/System.err(26844): 	at android.app.ActivityThread.getTopLevelResources(ActivityThread.java:1721)
W/System.err(26844): 	at android.app.ActivityThread.getTopLevelResources(ActivityThread.java:1752)
W/System.err(26844): 	at android.app.LoadedApk.getResources(LoadedApk.java:485)
W/System.err(26844): 	at android.app.ContextImpl.init(ContextImpl.java:1911)
W/System.err(26844): 	at android.app.ContextImpl.init(ContextImpl.java:1904)
W/System.err(26844): 	at android.app.ActivityThread.handleBindApplication(ActivityThread.java:4269)
W/System.err(26844): 	at android.app.ActivityThread.access$1300(ActivityThread.java:145)
W/System.err(26844): 	at android.app.ActivityThread$H.handleMessage(ActivityThread.java:1306)
W/System.err(26844): 	at android.os.Handler.dispatchMessage(Handler.java:99)
W/System.err(26844): 	at android.os.Looper.loop(Looper.java:137)
W/System.err(26844): 	at android.app.ActivityThread.main(ActivityThread.java:5106)
W/System.err(26844): 	at java.lang.reflect.Method.invokeNative(Native Method)
W/System.err(26844): 	at java.lang.reflect.Method.invoke(Method.java:511)
W/System.err(26844): 	at com.android.internal.os.ZygoteInit$MethodAndArgsCaller.run(ZygoteInit.java:821)
W/System.err(26844): 	at com.android.internal.os.ZygoteInit.main(ZygoteInit.java:588)
W/System.err(26844): 	at dalvik.system.NativeStart.main(Native Method)
W/System.err(26844): Caused by: libcore.io.ErrnoException: open failed: ENOENT (No such file or directory)
W/System.err(26844): 	at libcore.io.Posix.open(Native Method)
W/System.err(26844): 	at libcore.io.BlockGuardOs.open(BlockGuardOs.java:110)
W/System.err(26844): 	at libcore.io.IoBridge.open(IoBridge.java:400)
W/System.err(26844): 	... 19 more
E/VASettingsProvider(26844): onCreate
I/Ziri.ModelService(26844): ************Model Service onCreate*********
I/Ziri.ModelService(26844): ********onBind**********
E/time stamp(26844): begin to initial the service, the time stamp is : 1401721231324
I/Ziri.ModuleController(26844): ControlModel
I/Ziri.ModuleController(26844): Add mUIInterfaceAdapterCallback Callback.
I/Ziri.ModuleController(26844): doServiceInitial
E/Ziri.ModuleController(26844): handleServiceInitial begin
I/SpeechRecoginzerIME(  628): onConnected+
I/VARecordManager(26844): VARecordManager() 1 ... 
I/VARecordManager(26844): initRecorder() ... 
E/audio_hw_primary(  134): adev_get_input_buffer_size:frames_size = 3840
E/audio_hw_primary(  134): adev_get_input_buffer_size:frames_size = 3840
E/audio_hw_primary(  134): adev_get_input_buffer_size:frames_size = 3840
E/audio_hw_primary(  134): adev_get_input_buffer_size:frames_size = 3840
W/System.err(26844): Invalid int: ""
I/VARecordManager(26844): setNlpSpeechRecognizer() 1 ... 
E/time stamp(26844): begin to init the asr engine time stamp is : 1401721231437
I/lzf     (26844): gethostbyname normal
I/lzf     (26844): gethostbyname normal
I/LocSpeechRecognizer(26844): mListener.onInitailCompleted();
E/SpeechRecognizer(26844): onInitailCompleted
E/SpeechRecognizer(26844): [, , , , , ]
E/SpeechRecognizer(26844): [, , , , , , , , , ]
E/SpeechRecognizer(26844): [, , , , , , , , , , , , , , , , , , , ]
E/SpeechRecognizer(26844): [, , ]
E/SpeechRecognizer(26844): []
W/System.err(26872): java.io.FileNotFoundException: /data/cust/xml/hw_launcher_load_icon.xml: open failed: ENOENT (No such file or directory)
W/System.err(26872): 	at libcore.io.IoBridge.open(IoBridge.java:409)
W/System.err(26872): 	at java.io.FileInputStream.<init>(FileInputStream.java:109)
W/System.err(26872): 	at android.content.res.ResourcesEx.readDefaultConfig(ResourcesEx.java:809)
W/System.err(26872): 	at android.content.res.ResourcesEx.<init>(ResourcesEx.java:742)
W/System.err(26872): 	at android.app.ActivityThread.getTopLevelResources(ActivityThread.java:1721)
W/System.err(26872): 	at android.app.ActivityThread.getTopLevelResources(ActivityThread.java:1752)
W/System.err(26872): 	at android.app.LoadedApk.getResources(LoadedApk.java:485)
W/System.err(26872): 	at android.app.ContextImpl.init(ContextImpl.java:1911)
W/System.err(26872): 	at android.app.ContextImpl.init(ContextImpl.java:1904)
W/System.err(26872): 	at android.app.ActivityThread.handleBindApplication(ActivityThread.java:4269)
W/System.err(26872): 	at android.app.ActivityThread.access$1300(ActivityThread.java:145)
W/System.err(26872): 	at android.app.ActivityThread$H.handleMessage(ActivityThread.java:1306)
W/System.err(26872): 	at android.os.Handler.dispatchMessage(Handler.java:99)
W/System.err(26872): 	at android.os.Looper.loop(Looper.java:137)
W/System.err(26872): 	at android.app.ActivityThread.main(ActivityThread.java:5106)
W/System.err(26872): 	at java.lang.reflect.Method.invokeNative(Native Method)
W/System.err(26872): 	at java.lang.reflect.Method.invoke(Method.java:511)
W/System.err(26872): 	at com.android.internal.os.ZygoteInit$MethodAndArgsCaller.run(ZygoteInit.java:821)
W/System.err(26872): 	at com.android.internal.os.ZygoteInit.main(ZygoteInit.java:588)
W/System.err(26872): 	at dalvik.system.NativeStart.main(Native Method)
W/System.err(26872): Caused by: libcore.io.ErrnoException: open failed: ENOENT (No such file or directory)
W/System.err(26872): 	at libcore.io.Posix.open(Native Method)
W/System.err(26872): 	at libcore.io.BlockGuardOs.open(BlockGuardOs.java:110)
W/System.err(26872): 	at libcore.io.IoBridge.open(IoBridge.java:400)
W/System.err(26872): 	... 19 more
W/System.err(26872): Invalid int: ""
E/VASettingsProvider(26844): queryVoiceWakeup wakeup = 1
I/Ziri.ModuleController(26844): isAutoStartVoiceConversationEnabled = true
E/ZiriUtil(26844): getAudioStreamType :return STREAM_MUSIC
W/audio_hw_primary(  134): adev_set_parameters: unknown kvpairs: output_device=2
E/audio_hw_primary(  134): adev_set_parameters: unknown kvpairs: output_device=2
W/audio_hw_primary(  134): adev_set_parameters: unknown kvpairs: output_device=2
E/audio_hw_primary(  134): adev_set_parameters: unknown kvpairs: output_device=2
W/audio_hw_primary(  134): adev_set_parameters: unknown kvpairs: output_device=2
E/audio_hw_primary(  134): adev_set_parameters: unknown kvpairs: output_device=2
E/ZiriUtil(26844): getAudioStreamType :return STREAM_MUSIC
W/audio_hw_primary(  134): adev_set_parameters: unknown kvpairs: output_device=2
E/audio_hw_primary(  134): adev_set_parameters: unknown kvpairs: output_device=2
W/audio_hw_primary(  134): adev_set_parameters: unknown kvpairs: output_device=2
E/audio_hw_primary(  134): adev_set_parameters: unknown kvpairs: output_device=2
W/audio_hw_primary(  134): adev_set_parameters: unknown kvpairs: output_device=2
E/audio_hw_primary(  134): adev_set_parameters: unknown kvpairs: output_device=2
E/Ziri.ModuleController(26844): begin to load TTS engine time stamp is : 1401721231693
E/Ziri.ModuleController(26844): end to load TTS engine time stamp is : 1401721231727
E/VASettingsProvider(26844): queryBroadcast type ,cur_count=1
E/VASettingsProvider(26844): queryBroadcast type = 1 ,name=BroadCast
I/Ziri.ModuleController(26844): isVoiceBroadcastEnabled  voiceBroadcastEnable*****  true
I/Ziri.ModuleController(26844): ******setVoiceBroadcastEnabled  enabled******true
E/VASettingsProvider(26844): updateVoiceBroadcast()!
E/VASettingsProvider(26844): updateVoiceBroadcast update 1 to service table ,count = 1
I/Ziri.ModuleController(26844): valueOfVoiceNotify
E/VASettingsProvider(26844): querySpeechRole wakeup = 9
I/Ziri.ModuleController(26844): setSpeechRole role = 9
I/Ziri.ModuleController(26844): [scene]RegisterCarModeLoadingEndRecv
I/Ziri.ModuleController(26844): initBluetoothManager() 1 ... 
E/BluetoothManager(26844): initBluetoothService() ... 
I/Ziri.TelephoneMgr(26844): startMessageListener
E/Ziri.ModuleController(26844): handleServiceInitial end
E/Ziri.ModuleController(26844): [scene]notifyUiServiceInitialzed ,sendBroadcast ack msg to ProfileSwitch  VoiceNote is active
I/Ziri.ModuleController(26844):  notifyUiMessage begin
I/Ziri.ModuleController(26844): ****** notifyUiMessage end  i=0  cmd:5  state:0
I/ProfileSwitcherReceiver(26872): ProfileSwitcherReceiver Got intent with action com.huawei.android.VoiceAssistant.statechanged
I/ProfileSwitcherReceiver(26872): start Voice_Notification success
W/SignalStrength(  451): Size of signalstrength parcel:172
W/SignalStrength(  451): getLTELevel - rsrp:2147483647 snr:-1 rsrpIconLevel:0
W/SignalStrength(  451): mGsmSignalStrength=0 ,mWcdmaRscp=-97 ,level=3
W/SignalStrength(  786): Size of signalstrength parcel:176
W/SignalStrength(  451): getLevel=3
W/SignalStrength(  524): Size of signalstrength parcel:176
W/SignalStrength(  524): Size of signalstrength parcel:176
W/SignalStrength(  524): getLTELevel - rsrp:2147483647 snr:-1 rsrpIconLevel:0
W/SignalStrength(  524): mGsmSignalStrength=0 ,mWcdmaRscp=-97 ,level=3
W/SignalStrength(  524): getLevel=3
W/System.err(  451): com.android.server.LightsService$Light$PrintLEDStackException
W/System.err(  451): 	at com.android.server.LightsService$Light.setLightLocked(LightsService.java:284)
W/System.err(  451): 	at com.android.server.LightsService$Light.turnOff(LightsService.java:194)
W/System.err(  451): 	at com.android.server.NotificationManagerService.updateLightsLocked(NotificationManagerService.java:1564)
W/System.err(  451): 	at com.android.server.NotificationManagerService.cancelNotification(NotificationManagerService.java:1411)
W/System.err(  451): 	at com.android.server.NotificationManagerService.cancelNotificationWithTag(NotificationManagerService.java:1479)
W/System.err(  451): 	at android.app.NotificationManager.cancelAsUser(NotificationManager.java:198)
W/System.err(  451): 	at com.android.server.InputMethodManagerService.setImeWindowStatus(InputMethodManagerService.java:1580)
W/System.err(  451): 	at com.android.internal.view.IInputMethodManager$Stub.onTransact(IInputMethodManager.java:328)
W/System.err(  451): 	at com.android.server.InputMethodManagerService.onTransact(InputMethodManagerService.java:873)
W/System.err(  451): 	at android.os.Binder.execTransact(Binder.java:351)
W/System.err(  451): 	at dalvik.system.NativeStart.run(Native Method)
I/PowerManagerService(  451): state=6
I/PinyinIME(  628): hideWindow=unbind
W/SpeechRecoginzerIME(  628): flag+true+false
E/VAsisstantManager(  628): [Dictation]stopVoiceService() start
I/Ziri.ModuleController(26844): removeUIInterfaceAdapterCallbacks
I/SpeechRecoginzerIME(  628): ====UNBINDSERVICE====
I/Ziri.ModelService(26844): onUnbind:Intent { act=com.huawei.ziri.model.MODELSERVICE }
I/Ziri.ModelService(26844): onUnbind   unbindFromActivity = 0
I/Ziri.ModuleController(26844): unbindControlModel
I/Ziri.ModelService(26844): onUnbind()
I/Ziri.ModelService(26844): onDestroy
I/Ziri.ModuleController(26844): doServiceDestroy begin
I/Ziri.ModelService(26844): onDestroy end
I/Ziri.ModuleController(26844): handleServiceDestroy
I/Ziri.ModuleController(26844): handleServiceDestroy: make currentSessionModel to be null
I/Ziri.ModuleController(26844): releaseBluetoothManager ... 
E/BluetoothManager(26844): releaseResource() 1 ... 
E/BluetoothManager(26844): destroyBluetoothService() 1 ... 
E/BluetoothManager(26844): stopVoiceReco() ... 
E/BluetoothManager(26844): destroyBluetoothService() closeProfileProxy ... 
I/Ziri.ModuleController(26844): handleServiceDestroy before Tts.JniCancel();
E/VAAudioTrackManager(26844): destroyAudioTrack ... 
E/VAAudioTrackManager(26844): destroyNormalAudioTrack ... 
E/VAAudioTrackManager(26844): destroyAudioTrack in the  mAudioTrackNormal 0000
E/VAAudioTrackManager(26844): destroyBluetoothAudioTrack ... 
I/Ziri.ModuleController(26844): handleServiceDestroy before destroyAudioTrack
I/Ziri.TelephoneMgr(26844): stopMessageListener
W/MemoryDealer(  134): madvise(0x443c6000, 12288, MADV_REMOVE) returned Operation not supported on transport endpoint
I/Ziri.TelephoneMgr(26844): stopNetStateListener
I/Ziri.ModuleController(26844): handleServiceDestroy behide stopMessageListener
I/Ziri.ModuleController(26844): [scene]unRegisterCarModeLoadingEndRecv
I/Ziri.ModuleController(26844): handleServiceDestroy behide notifytone.destroy
I/PcmLogManager(26844): destroy
W/MemoryDealer(  134): madvise(0x443c4000, 4096, MADV_REMOVE) returned Operation not supported on transport endpoint
I/Process (26844): Sending signal. PID: 26844 SIG: 9
W/MemoryDealer(  134): madvise(0x4439e000, 73728, MADV_REMOVE) returned Operation not supported on transport endpoint
W/MemoryDealer(  134): madvise(0x443b1000, 73728, MADV_REMOVE) returned Operation not supported on transport endpoint
I/PowerManagerService(  451): state=0
I/AndroidRuntime(26872): VM exiting with result code 0, cleanup skipped.
W/SignalStrength(  655): Size of signalstrength parcel:64
W/SignalStrength(  655): getLTELevel - rsrp:2147483647 snr:-1 rsrpIconLevel:0
W/SignalStrength(  655): mGsmSignalStrength=0 ,mWcdmaRscp=-97 ,level=3
W/SignalStrength(  655): getLevel=3
W/SignalStrength(  655): getLTELevel - rsrp:2147483647 snr:-1 rsrpIconLevel:0
W/SignalStrength(  655): mGsmSignalStrength=0 ,mWcdmaRscp=-89 ,level=4
W/SignalStrength(  655): getLevel=4
W/SignalStrength(  655): getLTELevel - rsrp:2147483647 snr:-1 rsrpIconLevel:0
W/SignalStrength(  655): mGsmSignalStrength=0 ,mWcdmaRscp=-89 ,level=4
W/SignalStrength(  655): getLevel=4
W/SignalStrength(  655): getLTELevel - rsrp:2147483647 snr:-1 rsrpIconLevel:0
W/SignalStrength(  655): mGsmSignalStrength=0 ,mWcdmaRscp=-97 ,level=3
W/SignalStrength(  655): getLevel=3
W/SignalStrength(  451): Size of signalstrength parcel:172
W/SignalStrength(  524): Size of signalstrength parcel:176
W/SignalStrength(  524): getLTELevel - rsrp:2147483647 snr:-1 rsrpIconLevel:0
W/SignalStrength(  524): mGsmSignalStrength=0 ,mWcdmaRscp=-89 ,level=4
W/SignalStrength(  524): Size of signalstrength parcel:176
W/SignalStrength(  524): getLevel=4
W/SignalStrength(  786): Size of signalstrength parcel:176
W/SignalStrength(  451): getLTELevel - rsrp:2147483647 snr:-1 rsrpIconLevel:0
W/SignalStrength(  451): mGsmSignalStrength=0 ,mWcdmaRscp=-89 ,level=4
W/SignalStrength(  451): getLevel=4
W/SignalStrength(  655): Size of signalstrength parcel:64
W/SignalStrength(  655): getLTELevel - rsrp:2147483647 snr:-1 rsrpIconLevel:0
W/SignalStrength(  655): mGsmSignalStrength=0 ,mWcdmaRscp=-89 ,level=4
W/SignalStrength(  655): getLevel=4
W/SignalStrength(  655): getLTELevel - rsrp:2147483647 snr:-1 rsrpIconLevel:0
W/SignalStrength(  655): mGsmSignalStrength=0 ,mWcdmaRscp=-97 ,level=3
W/SignalStrength(  655): getLevel=3
W/SignalStrength(  655): getLTELevel - rsrp:2147483647 snr:-1 rsrpIconLevel:0
W/SignalStrength(  655): mGsmSignalStrength=0 ,mWcdmaRscp=-97 ,level=3
W/SignalStrength(  655): getLevel=3
W/SignalStrength(  655): getLTELevel - rsrp:2147483647 snr:-1 rsrpIconLevel:0
W/SignalStrength(  655): mGsmSignalStrength=0 ,mWcdmaRscp=-89 ,level=4
W/SignalStrength(  655): getLevel=4
W/SignalStrength(  655): Size of signalstrength parcel:64
W/SignalStrength(  655): getLTELevel - rsrp:2147483647 snr:-1 rsrpIconLevel:0
W/SignalStrength(  655): mGsmSignalStrength=0 ,mWcdmaRscp=-89 ,level=4
W/SignalStrength(  655): getLevel=4
W/SignalStrength(  655): getLTELevel - rsrp:2147483647 snr:-1 rsrpIconLevel:0
W/SignalStrength(  655): mGsmSignalStrength=0 ,mWcdmaRscp=-89 ,level=4
W/SignalStrength(  655): getLevel=4
W/SignalStrength(  655): getLTELevel - rsrp:2147483647 snr:-1 rsrpIconLevel:0
W/SignalStrength(  655): mGsmSignalStrength=0 ,mWcdmaRscp=-89 ,level=4
W/SignalStrength(  655): getLevel=4
W/SignalStrength(  655): getLTELevel - rsrp:2147483647 snr:-1 rsrpIconLevel:0
W/SignalStrength(  655): mGsmSignalStrength=0 ,mWcdmaRscp=-89 ,level=4
W/SignalStrength(  655): getLevel=4
W/SignalStrength(  451): Size of signalstrength parcel:172
W/SignalStrength(  451): getLTELevel - rsrp:2147483647 snr:-1 rsrpIconLevel:0
W/SignalStrength(  524): Size of signalstrength parcel:176
W/SignalStrength(  524): Size of signalstrength parcel:176
W/SignalStrength(  524): getLTELevel - rsrp:2147483647 snr:-1 rsrpIconLevel:0
W/SignalStrength(  786): Size of signalstrength parcel:176
W/SignalStrength(  524): mGsmSignalStrength=0 ,mWcdmaRscp=-89 ,level=4
W/SignalStrength(  524): getLevel=4
W/SignalStrength(  451): mGsmSignalStrength=0 ,mWcdmaRscp=-89 ,level=4
W/SignalStrength(  451): getLevel=4
W/TemperatureMonitor2(  693): Enter 40'C at 1379:26
W/SignalStrength(  655): Size of signalstrength parcel:64
W/SignalStrength(  655): getLTELevel - rsrp:2147483647 snr:-1 rsrpIconLevel:0
W/SignalStrength(  655): mGsmSignalStrength=0 ,mWcdmaRscp=-89 ,level=4
W/SignalStrength(  655): getLevel=4
W/SignalStrength(  655): getLTELevel - rsrp:2147483647 snr:-1 rsrpIconLevel:0
W/SignalStrength(  655): mGsmSignalStrength=0 ,mWcdmaRscp=-97 ,level=3
W/SignalStrength(  655): getLevel=3
W/SignalStrength(  655): getLTELevel - rsrp:2147483647 snr:-1 rsrpIconLevel:0
W/SignalStrength(  655): mGsmSignalStrength=0 ,mWcdmaRscp=-97 ,level=3
W/SignalStrength(  655): getLevel=3
W/SignalStrength(  655): getLTELevel - rsrp:2147483647 snr:-1 rsrpIconLevel:0
W/SignalStrength(  655): mGsmSignalStrength=0 ,mWcdmaRscp=-89 ,level=4
W/SignalStrength(  655): getLevel=4
W/SignalStrength(  655): Size of signalstrength parcel:64
W/SignalStrength(  655): getLTELevel - rsrp:2147483647 snr:-1 rsrpIconLevel:0
W/SignalStrength(  655): mGsmSignalStrength=0 ,mWcdmaRscp=-89 ,level=4
W/SignalStrength(  655): getLevel=4
W/SignalStrength(  655): getLTELevel - rsrp:2147483647 snr:-1 rsrpIconLevel:0
W/SignalStrength(  655): mGsmSignalStrength=0 ,mWcdmaRscp=-89 ,level=4
W/SignalStrength(  655): getLevel=4
W/SignalStrength(  655): getLTELevel - rsrp:2147483647 snr:-1 rsrpIconLevel:0
W/SignalStrength(  655): mGsmSignalStrength=0 ,mWcdmaRscp=-89 ,level=4
W/SignalStrength(  655): getLevel=4
W/SignalStrength(  655): getLTELevel - rsrp:2147483647 snr:-1 rsrpIconLevel:0
W/SignalStrength(  655): mGsmSignalStrength=0 ,mWcdmaRscp=-89 ,level=4
W/SignalStrength(  655): getLevel=4
W/SignalStrength(  451): Size of signalstrength parcel:172
W/SignalStrength(  451): getLTELevel - rsrp:2147483647 snr:-1 rsrpIconLevel:0
W/SignalStrength(  524): Size of signalstrength parcel:176
W/SignalStrength(  524): Size of signalstrength parcel:176
W/SignalStrength(  786): Size of signalstrength parcel:176
W/SignalStrength(  524): getLTELevel - rsrp:2147483647 snr:-1 rsrpIconLevel:0
W/SignalStrength(  524): mGsmSignalStrength=0 ,mWcdmaRscp=-89 ,level=4
W/SignalStrength(  524): getLevel=4
W/SignalStrength(  451): mGsmSignalStrength=0 ,mWcdmaRscp=-89 ,level=4
W/SignalStrength(  451): getLevel=4
W/SignalStrength(  655): Size of signalstrength parcel:64
W/SignalStrength(  655): getLTELevel - rsrp:2147483647 snr:-1 rsrpIconLevel:0
W/SignalStrength(  655): mGsmSignalStrength=0 ,mWcdmaRscp=-89 ,level=4
W/SignalStrength(  655): getLevel=4
W/SignalStrength(  655): getLTELevel - rsrp:2147483647 snr:-1 rsrpIconLevel:0
W/SignalStrength(  655): mGsmSignalStrength=0 ,mWcdmaRscp=-97 ,level=3
W/SignalStrength(  655): getLevel=3
W/SignalStrength(  655): getLTELevel - rsrp:2147483647 snr:-1 rsrpIconLevel:0
W/SignalStrength(  655): mGsmSignalStrength=0 ,mWcdmaRscp=-97 ,level=3
W/SignalStrength(  655): getLevel=3
W/SignalStrength(  655): getLTELevel - rsrp:2147483647 snr:-1 rsrpIconLevel:0
W/SignalStrength(  655): mGsmSignalStrength=0 ,mWcdmaRscp=-89 ,level=4
W/SignalStrength(  655): getLevel=4
W/SignalStrength(  655): Size of signalstrength parcel:64
W/SignalStrength(  655): getLTELevel - rsrp:2147483647 snr:-1 rsrpIconLevel:0
W/SignalStrength(  655): mGsmSignalStrength=0 ,mWcdmaRscp=-89 ,level=4
W/SignalStrength(  655): getLevel=4
W/SignalStrength(  655): getLTELevel - rsrp:2147483647 snr:-1 rsrpIconLevel:0
W/SignalStrength(  655): mGsmSignalStrength=0 ,mWcdmaRscp=-89 ,level=4
W/SignalStrength(  655): getLevel=4
W/SignalStrength(  655): getLTELevel - rsrp:2147483647 snr:-1 rsrpIconLevel:0
W/SignalStrength(  655): mGsmSignalStrength=0 ,mWcdmaRscp=-89 ,level=4
W/SignalStrength(  655): getLevel=4
W/SignalStrength(  655): getLTELevel - rsrp:2147483647 snr:-1 rsrpIconLevel:0
W/SignalStrength(  655): mGsmSignalStrength=0 ,mWcdmaRscp=-89 ,level=4
W/SignalStrength(  655): getLevel=4
W/SignalStrength(  451): Size of signalstrength parcel:172
W/SignalStrength(  451): getLTELevel - rsrp:2147483647 snr:-1 rsrpIconLevel:0
W/SignalStrength(  524): Size of signalstrength parcel:176
W/SignalStrength(  786): Size of signalstrength parcel:176
W/SignalStrength(  524): Size of signalstrength parcel:176
W/SignalStrength(  524): getLTELevel - rsrp:2147483647 snr:-1 rsrpIconLevel:0
W/SignalStrength(  524): mGsmSignalStrength=0 ,mWcdmaRscp=-89 ,level=4
W/SignalStrength(  524): getLevel=4
W/SignalStrength(  451): mGsmSignalStrength=0 ,mWcdmaRscp=-89 ,level=4
W/SignalStrength(  451): getLevel=4
W/SignalStrength(  655): Size of signalstrength parcel:64
W/SignalStrength(  655): getLTELevel - rsrp:2147483647 snr:-1 rsrpIconLevel:0
W/SignalStrength(  655): mGsmSignalStrength=0 ,mWcdmaRscp=-89 ,level=4
W/SignalStrength(  655): getLevel=4
W/SignalStrength(  655): getLTELevel - rsrp:2147483647 snr:-1 rsrpIconLevel:0
W/SignalStrength(  655): mGsmSignalStrength=0 ,mWcdmaRscp=-97 ,level=3
W/SignalStrength(  655): getLevel=3
W/SignalStrength(  655): getLTELevel - rsrp:2147483647 snr:-1 rsrpIconLevel:0
W/SignalStrength(  655): mGsmSignalStrength=0 ,mWcdmaRscp=-97 ,level=3
W/SignalStrength(  655): getLevel=3
W/SignalStrength(  655): getLTELevel - rsrp:2147483647 snr:-1 rsrpIconLevel:0
W/SignalStrength(  655): mGsmSignalStrength=0 ,mWcdmaRscp=-89 ,level=4
W/SignalStrength(  655): getLevel=4
I/dalvikvm-heap(  451): Grow heap (frag case) to 29.169MB for 380496-byte allocation
I/ComBroadcastReceiver(24930): ComBroadcastReceiver action = android.server.am.ActivityStack.taskstatechange
I/Launcher(  720): onResume()
W/IInputConnectionWrapper(  973): showStatusIcon on inactive InputConnection
I/ComBroadcastReceiver(24930): ComBroadcastReceiver action = android.server.am.ActivityStack.taskstatechange
I/PowerManagerService(  451): state=2
I/SoftKeyboardView(  628): setKeyboardChanged:true
I/SoftKeyboard(  628): enableToggleStates() rowid:13
I/SoftKeyboardView(  628): setKeyboardChanged:true
I/SpeechRecoginzerIME(  628): ====judgeIsNeedIspeech=true====
W/SpeechRecoginzerIME(  628): flag+false+false
I/SpeechRecoginzerIME(  628): ====BINDSERVICE====
I/PinyinIME(  628): showWindow=bind
I/PinyinIME(  628): showWindow called.
I/SoftKeyboardView(  628): setKeyboardChanged:true
I/SoftKeyboard(  628): enableToggleStates() rowid:13
I/SoftKeyboardView(  628): setKeyboardChanged:true
E/VAsisstantManager(  628): [Dictation]startVoiceService() start: mVoiceAssistantStarted = false
E/VAssistantServiceManager(  628): [Dictation]20121206 modified:
W/System.err(26899): java.io.FileNotFoundException: /data/cust/xml/hw_launcher_load_icon.xml: open failed: ENOENT (No such file or directory)
W/System.err(26899): 	at libcore.io.IoBridge.open(IoBridge.java:409)
W/System.err(26899): 	at java.io.FileInputStream.<init>(FileInputStream.java:109)
W/System.err(26899): 	at android.content.res.ResourcesEx.readDefaultConfig(ResourcesEx.java:809)
W/System.err(26899): 	at android.content.res.ResourcesEx.<init>(ResourcesEx.java:742)
W/System.err(26899): 	at android.app.ActivityThread.getTopLevelResources(ActivityThread.java:1721)
W/System.err(26899): 	at android.app.ActivityThread.getTopLevelResources(ActivityThread.java:1752)
W/System.err(26899): 	at android.app.LoadedApk.getResources(LoadedApk.java:485)
W/System.err(26899): 	at android.app.ContextImpl.init(ContextImpl.java:1911)
W/System.err(26899): 	at android.app.ContextImpl.init(ContextImpl.java:1904)
W/System.err(26899): 	at android.app.ActivityThread.handleBindApplication(ActivityThread.java:4269)
W/System.err(26899): 	at android.app.ActivityThread.access$1300(ActivityThread.java:145)
W/System.err(26899): 	at android.app.ActivityThread$H.handleMessage(ActivityThread.java:1306)
W/System.err(26899): 	at android.os.Handler.dispatchMessage(Handler.java:99)
W/System.err(26899): 	at android.os.Looper.loop(Looper.java:137)
W/System.err(26899): 	at android.app.ActivityThread.main(ActivityThread.java:5106)
W/System.err(26899): 	at java.lang.reflect.Method.invokeNative(Native Method)
W/System.err(26899): 	at java.lang.reflect.Method.invoke(Method.java:511)
W/System.err(26899): 	at com.android.internal.os.ZygoteInit$MethodAndArgsCaller.run(ZygoteInit.java:821)
W/System.err(26899): 	at com.android.internal.os.ZygoteInit.main(ZygoteInit.java:588)
W/System.err(26899): 	at dalvik.system.NativeStart.main(Native Method)
W/System.err(26899): Caused by: libcore.io.ErrnoException: open failed: ENOENT (No such file or directory)
W/System.err(26899): 	at libcore.io.Posix.open(Native Method)
W/System.err(26899): 	at libcore.io.BlockGuardOs.open(BlockGuardOs.java:110)
W/System.err(26899): 	at libcore.io.IoBridge.open(IoBridge.java:400)
W/System.err(26899): 	... 19 more
E/VASettingsProvider(26899): onCreate
I/Ziri.ModelService(26899): ************Model Service onCreate*********
I/Ziri.ModelService(26899): ********onBind**********
E/time stamp(26899): begin to initial the service, the time stamp is : 1401721270181
I/Ziri.ModuleController(26899): ControlModel
I/Ziri.ModuleController(26899): Add mUIInterfaceAdapterCallback Callback.
I/Ziri.ModuleController(26899): doServiceInitial
E/Ziri.ModuleController(26899): handleServiceInitial begin
I/SpeechRecoginzerIME(  628): onConnected+
I/VARecordManager(26899): VARecordManager() 1 ... 
I/VARecordManager(26899): initRecorder() ... 
E/audio_hw_primary(  134): adev_get_input_buffer_size:frames_size = 3840
E/audio_hw_primary(  134): adev_get_input_buffer_size:frames_size = 3840
E/audio_hw_primary(  134): adev_get_input_buffer_size:frames_size = 3840
E/audio_hw_primary(  134): adev_get_input_buffer_size:frames_size = 3840
W/System.err(26899): Invalid int: ""
I/VARecordManager(26899): setNlpSpeechRecognizer() 1 ... 
E/time stamp(26899): begin to init the asr engine time stamp is : 1401721270314
I/lzf     (26899): gethostbyname normal
I/lzf     (26899): gethostbyname normal
I/LocSpeechRecognizer(26899): mListener.onInitailCompleted();
E/SpeechRecognizer(26899): onInitailCompleted
E/SpeechRecognizer(26899): [, , , , , ]
E/SpeechRecognizer(26899): [, , , , , , , , , ]
E/SpeechRecognizer(26899): [, , , , , , , , , , , , , , , , , , , ]
E/SpeechRecognizer(26899): [, , ]
E/SpeechRecognizer(26899): []
W/System.err(26923): java.io.FileNotFoundException: /data/cust/xml/hw_launcher_load_icon.xml: open failed: ENOENT (No such file or directory)
W/System.err(26923): 	at libcore.io.IoBridge.open(IoBridge.java:409)
W/System.err(26923): 	at java.io.FileInputStream.<init>(FileInputStream.java:109)
W/System.err(26923): 	at android.content.res.ResourcesEx.readDefaultConfig(ResourcesEx.java:809)
W/System.err(26923): 	at android.content.res.ResourcesEx.<init>(ResourcesEx.java:742)
W/System.err(26923): 	at android.app.ActivityThread.getTopLevelResources(ActivityThread.java:1721)
W/System.err(26923): 	at android.app.ActivityThread.getTopLevelResources(ActivityThread.java:1752)
W/System.err(26923): 	at android.app.LoadedApk.getResources(LoadedApk.java:485)
W/System.err(26923): 	at android.app.ContextImpl.init(ContextImpl.java:1911)
W/System.err(26923): 	at android.app.ContextImpl.init(ContextImpl.java:1904)
W/System.err(26923): 	at android.app.ActivityThread.handleBindApplication(ActivityThread.java:4269)
W/System.err(26923): 	at android.app.ActivityThread.access$1300(ActivityThread.java:145)
W/System.err(26923): 	at android.app.ActivityThread$H.handleMessage(ActivityThread.java:1306)
W/System.err(26923): 	at android.os.Handler.dispatchMessage(Handler.java:99)
W/System.err(26923): 	at android.os.Looper.loop(Looper.java:137)
W/System.err(26923): 	at android.app.ActivityThread.main(ActivityThread.java:5106)
W/System.err(26923): 	at java.lang.reflect.Method.invokeNative(Native Method)
W/System.err(26923): 	at java.lang.reflect.Method.invoke(Method.java:511)
W/System.err(26923): 	at com.android.internal.os.ZygoteInit$MethodAndArgsCaller.run(ZygoteInit.java:821)
W/System.err(26923): 	at com.android.internal.os.ZygoteInit.main(ZygoteInit.java:588)
W/System.err(26923): 	at dalvik.system.NativeStart.main(Native Method)
W/System.err(26923): Caused by: libcore.io.ErrnoException: open failed: ENOENT (No such file or directory)
W/System.err(26923): 	at libcore.io.Posix.open(Native Method)
W/System.err(26923): 	at libcore.io.BlockGuardOs.open(BlockGuardOs.java:110)
W/System.err(26923): 	at libcore.io.IoBridge.open(IoBridge.java:400)
W/System.err(26923): 	... 19 more
W/System.err(26923): Invalid int: ""
E/VASettingsProvider(26899): queryVoiceWakeup wakeup = 1
I/Ziri.ModuleController(26899): isAutoStartVoiceConversationEnabled = true
E/ZiriUtil(26899): getAudioStreamType :return STREAM_MUSIC
W/audio_hw_primary(  134): adev_set_parameters: unknown kvpairs: output_device=2
E/audio_hw_primary(  134): adev_set_parameters: unknown kvpairs: output_device=2
W/audio_hw_primary(  134): adev_set_parameters: unknown kvpairs: output_device=2
E/audio_hw_primary(  134): adev_set_parameters: unknown kvpairs: output_device=2
W/audio_hw_primary(  134): adev_set_parameters: unknown kvpairs: output_device=2
E/audio_hw_primary(  134): adev_set_parameters: unknown kvpairs: output_device=2
E/ZiriUtil(26899): getAudioStreamType :return STREAM_MUSIC
W/audio_hw_primary(  134): adev_set_parameters: unknown kvpairs: output_device=2
E/audio_hw_primary(  134): adev_set_parameters: unknown kvpairs: output_device=2
W/audio_hw_primary(  134): adev_set_parameters: unknown kvpairs: output_device=2
E/audio_hw_primary(  134): adev_set_parameters: unknown kvpairs: output_device=2
W/audio_hw_primary(  134): adev_set_parameters: unknown kvpairs: output_device=2
E/audio_hw_primary(  134): adev_set_parameters: unknown kvpairs: output_device=2
E/Ziri.ModuleController(26899): begin to load TTS engine time stamp is : 1401721270553
E/Ziri.ModuleController(26899): end to load TTS engine time stamp is : 1401721270589
E/VASettingsProvider(26899): queryBroadcast type ,cur_count=1
E/VASettingsProvider(26899): queryBroadcast type = 1 ,name=BroadCast
I/Ziri.ModuleController(26899): isVoiceBroadcastEnabled  voiceBroadcastEnable*****  true
I/Ziri.ModuleController(26899): ******setVoiceBroadcastEnabled  enabled******true
E/VASettingsProvider(26899): updateVoiceBroadcast()!
E/VASettingsProvider(26899): updateVoiceBroadcast update 1 to service table ,count = 1
I/Ziri.ModuleController(26899): valueOfVoiceNotify
E/VASettingsProvider(26899): querySpeechRole wakeup = 9
I/Ziri.ModuleController(26899): setSpeechRole role = 9
I/Ziri.ModuleController(26899): [scene]RegisterCarModeLoadingEndRecv
I/Ziri.ModuleController(26899): initBluetoothManager() 1 ... 
E/BluetoothManager(26899): initBluetoothService() ... 
I/Ziri.TelephoneMgr(26899): startMessageListener
E/Ziri.ModuleController(26899): handleServiceInitial end
E/Ziri.ModuleController(26899): [scene]notifyUiServiceInitialzed ,sendBroadcast ack msg to ProfileSwitch  VoiceNote is active
I/Ziri.ModuleController(26899):  notifyUiMessage begin
I/Ziri.ModuleController(26899): ****** notifyUiMessage end  i=0  cmd:5  state:0
I/ProfileSwitcherReceiver(26923): ProfileSwitcherReceiver Got intent with action com.huawei.android.VoiceAssistant.statechanged
I/ProfileSwitcherReceiver(26923): start Voice_Notification success
W/TemperatureMonitor2(  693): Leave 40'C at 1379:46
I/SoftKeyboardView(  628): setKeyboardChanged:true
I/SoftKeyboard(  628): enableToggleStates() rowid:13
I/SoftKeyboardView(  628): setKeyboardChanged:true
I/PowerManagerService(  451): state=0
I/smart_power_jni(  665): write successed by pm_frc_write; write<2:0
I/smart_power_jni(  665): >
I/PowerManagerService(  451): state=6
I/AndroidRuntime(26923): VM exiting with result code 0, cleanup skipped.
W/SignalStrength(  655): Size of signalstrength parcel:64
W/SignalStrength(  655): getLTELevel - rsrp:2147483647 snr:-1 rsrpIconLevel:0
W/SignalStrength(  655): mGsmSignalStrength=0 ,mWcdmaRscp=-89 ,level=4
W/SignalStrength(  655): getLevel=4
W/SignalStrength(  655): getLTELevel - rsrp:2147483647 snr:-1 rsrpIconLevel:0
W/SignalStrength(  655): mGsmSignalStrength=0 ,mWcdmaRscp=-89 ,level=4
W/SignalStrength(  655): getLevel=4
W/SignalStrength(  655): getLTELevel - rsrp:2147483647 snr:-1 rsrpIconLevel:0
W/SignalStrength(  655): mGsmSignalStrength=0 ,mWcdmaRscp=-89 ,level=4
W/SignalStrength(  655): getLevel=4
W/SignalStrength(  655): getLTELevel - rsrp:2147483647 snr:-1 rsrpIconLevel:0
W/SignalStrength(  655): mGsmSignalStrength=0 ,mWcdmaRscp=-89 ,level=4
W/SignalStrength(  655): getLevel=4
W/SignalStrength(  451): Size of signalstrength parcel:172
W/SignalStrength(  524): Size of signalstrength parcel:176
W/SignalStrength(  524): Size of signalstrength parcel:176
W/SignalStrength(  524): getLTELevel - rsrp:2147483647 snr:-1 rsrpIconLevel:0
W/SignalStrength(  524): mGsmSignalStrength=0 ,mWcdmaRscp=-89 ,level=4
W/SignalStrength(  786): Size of signalstrength parcel:176
W/SignalStrength(  451): getLTELevel - rsrp:2147483647 snr:-1 rsrpIconLevel:0
W/SignalStrength(  524): getLevel=4
W/SignalStrength(  451): mGsmSignalStrength=0 ,mWcdmaRscp=-89 ,level=4
W/SignalStrength(  451): getLevel=4
W/SignalStrength(  655): Size of signalstrength parcel:64
W/SignalStrength(  655): getLTELevel - rsrp:2147483647 snr:-1 rsrpIconLevel:0
W/SignalStrength(  655): mGsmSignalStrength=0 ,mWcdmaRscp=-89 ,level=4
W/SignalStrength(  655): getLevel=4
W/SignalStrength(  655): getLTELevel - rsrp:2147483647 snr:-1 rsrpIconLevel:0
W/SignalStrength(  655): mGsmSignalStrength=0 ,mWcdmaRscp=-97 ,level=3
W/SignalStrength(  655): getLevel=3
W/SignalStrength(  655): getLTELevel - rsrp:2147483647 snr:-1 rsrpIconLevel:0
W/SignalStrength(  655): mGsmSignalStrength=0 ,mWcdmaRscp=-97 ,level=3
W/SignalStrength(  655): getLevel=3
W/SignalStrength(  655): getLTELevel - rsrp:2147483647 snr:-1 rsrpIconLevel:0
W/SignalStrength(  655): mGsmSignalStrength=0 ,mWcdmaRscp=-89 ,level=4
W/SignalStrength(  655): getLevel=4
W/System.err(26621): java.lang.Exception: warnning getSecurityKeyValuesObject() return null
W/System.err(26621): 	at com.bestjoy.app.haierwarrantycard.MyApplication.getSecurityKeyValuesObject(MyApplication.java:229)
W/System.err(26621): 	at com.bestjoy.app.haierwarrantycard.ui.RegisterActivity$GetYanZhengCodeAsyncTask.doInBackground(RegisterActivity.java:198)
W/System.err(26621): 	at com.bestjoy.app.haierwarrantycard.ui.RegisterActivity$GetYanZhengCodeAsyncTask.doInBackground(RegisterActivity.java:1)
W/System.err(26621): 	at android.os.AsyncTask$2.call(AsyncTask.java:287)
W/System.err(26621): 	at java.util.concurrent.FutureTask.run(FutureTask.java:234)
W/System.err(26621): 	at android.os.AsyncTask$SerialExecutor$1.run(AsyncTask.java:230)
W/System.err(26621): 	at java.util.concurrent.ThreadPoolExecutor.runWorker(ThreadPoolExecutor.java:1080)
W/System.err(26621): 	at java.util.concurrent.ThreadPoolExecutor$Worker.run(ThreadPoolExecutor.java:573)
W/System.err(26621): 	at java.lang.Thread.run(Thread.java:856)
W/SignalStrength(  451): Size of signalstrength parcel:172
W/SignalStrength(  524): Size of signalstrength parcel:176
W/SignalStrength(  451): getLTELevel - rsrp:2147483647 snr:-1 rsrpIconLevel:0
W/SignalStrength(  451): mGsmSignalStrength=0 ,mWcdmaRscp=-97 ,level=3
W/SignalStrength(  786): Size of signalstrength parcel:176
W/SignalStrength(  451): getLevel=3
W/SignalStrength(  524): getLTELevel - rsrp:2147483647 snr:-1 rsrpIconLevel:0
W/SignalStrength(  524): mGsmSignalStrength=0 ,mWcdmaRscp=-97 ,level=3
W/SignalStrength(  524): getLevel=3
W/SignalStrength(  524): Size of signalstrength parcel:176
E/SmsDBHelper(21880): testThreadRefresh :: getThreadIdByMsgId get threadId begin :: msgId :: 7 isMms :: false
E/CommonUtil(21880): 0 == FusionField.isCarMode
E/HotalkMessageReceiver(26899): Action:com.hotalk.action.NEW_MESSAGE
E/HotalkMessageReceiver(26899): Intent:Intent { act=com.hotalk.action.NEW_MESSAGE flg=0x10 (has extras) }
E/HotalkMessageReceiver(26899): Bundle[{groupId=null, hotalkJid=null, mediaType =1, messageType=1, _id=7}]
E/CommonUtil(21880): 0 == FusionField.isCarMode
W/Settings(21880): Setting device_provisioned has moved from android.provider.Settings.Secure to android.provider.Settings.Global.
W/System.err(  451): java.io.FileNotFoundException: /data/cust/xml/hw_launcher_load_icon.xml: open failed: ENOENT (No such file or directory)
W/System.err(  451): 	at libcore.io.IoBridge.open(IoBridge.java:409)
W/System.err(  451): 	at java.io.FileInputStream.<init>(FileInputStream.java:109)
W/System.err(  451): 	at android.content.res.ResourcesEx.readDefaultConfig(ResourcesEx.java:809)
W/System.err(  451): 	at android.content.res.ResourcesEx.<init>(ResourcesEx.java:742)
W/System.err(  451): 	at android.app.ActivityThread.getTopLevelResources(ActivityThread.java:1721)
W/System.err(  451): 	at android.app.ActivityThread.getTopLevelResources(ActivityThread.java:1752)
W/System.err(  451): 	at android.app.LoadedApk.getResources(LoadedApk.java:485)
W/System.err(  451): 	at android.app.ContextImpl.init(ContextImpl.java:1911)
W/System.err(  451): 	at android.app.ContextImpl.createPackageContextAsUser(ContextImpl.java:1791)
W/System.err(  451): 	at com.android.server.AttributeCache.get(AttributeCache.java:127)
W/System.err(  451): 	at com.android.server.am.ActivityRecord.<init>(ActivityRecord.java:436)
W/System.err(  451): 	at com.android.server.am.ActivityStack.startActivityLocked(ActivityStack.java:2754)
W/System.err(  451): 	at com.android.server.am.ActivityStack.startActivityMayWait(ActivityStack.java:3345)
W/System.err(  451): 	at com.android.server.am.ActivityManagerService.startActivityAsUser(ActivityManagerService.java:2528)
W/System.err(  451): 	at com.android.server.am.ActivityManagerService.startActivity(ActivityManagerService.java:2517)
W/System.err(  451): 	at android.app.ActivityManagerNative.onTransact(ActivityManagerNative.java:131)
W/System.err(  451): 	at com.android.server.am.ActivityManagerService.onTransact(ActivityManagerService.java:1713)
W/System.err(  451): 	at android.os.Binder.execTransact(Binder.java:351)
W/System.err(  451): 	at dalvik.system.NativeStart.run(Native Method)
W/System.err(  451): Caused by: libcore.io.ErrnoException: open failed: ENOENT (No such file or directory)
W/System.err(  451): 	at libcore.io.Posix.open(Native Method)
W/System.err(  451): 	at libcore.io.BlockGuardOs.open(BlockGuardOs.java:110)
W/System.err(  451): 	at libcore.io.IoBridge.open(IoBridge.java:400)
W/System.err(  451): 	... 18 more
I/ComBroadcastReceiver(24930): ComBroadcastReceiver action = android.server.am.ActivityStack.taskstatechange
E/HotalkMessageReceiver(26899): HotalkMessage [mHotalkJid=null, mGroupId=null, mGroupName=null, toString()=ReceivedMessage [mId=7, mBody=null, mFromAddress=106900895200009, mType=1, mMmsType=1]]
E/Ziri.ModuleController(26899): handleReceiveMessage start
E/Ziri.ModuleController(26899): [scene]isNotifyEnabled::sessionNotifyEnabled = 3
E/VASettingsProvider(26899): queryBroadcast type ,cur_count=1
E/VASettingsProvider(26899): queryBroadcast type = 1 ,name=BroadCast
I/Ziri.ModuleController(26899): isVoiceBroadcastEnabled  voiceBroadcastEnable*****  true
W/System.err(  524): java.io.FileNotFoundException: /data/cust/xml/hw_launcher_load_icon.xml: open failed: ENOENT (No such file or directory)
W/System.err(  524): 	at libcore.io.IoBridge.open(IoBridge.java:409)
W/System.err(  524): 	at java.io.FileInputStream.<init>(FileInputStream.java:109)
W/System.err(  524): 	at android.content.res.ResourcesEx.readDefaultConfig(ResourcesEx.java:809)
W/System.err(  524): 	at android.content.res.ResourcesEx.<init>(ResourcesEx.java:742)
W/System.err(  524): 	at android.app.ActivityThread.getTopLevelResources(ActivityThread.java:1721)
W/System.err(  524): 	at android.app.ActivityThread.getTopLevelResources(ActivityThread.java:1752)
W/System.err(  524): 	at android.app.ApplicationPackageManager.getResourcesForApplication(ApplicationPackageManager.java:746)
W/System.err(  524): 	at android.app.ApplicationPackageManager.getResourcesForApplicationAsUser(ApplicationPackageManager.java:775)
W/System.err(  524): 	at com.android.systemui.statusbar.StatusBarIconView.getIcon(StatusBarIconView.java:181)
W/System.err(  524): 	at com.android.systemui.statusbar.StatusBarIconView.getIcon(StatusBarIconView.java:161)
W/System.err(  524): 	at com.android.systemui.statusbar.StatusBarIconView.set(StatusBarIconView.java:129)
W/System.err(  524): 	at com.android.systemui.statusbar.BaseStatusBar.addNotificationViews(BaseStatusBar.java:941)
W/System.err(  524): 	at com.android.systemui.statusbar.phone.PhoneStatusBar.addNotification(PhoneStatusBar.java:1396)
W/System.err(  524): 	at com.android.systemui.statusbar.CommandQueue$H.handleMessage(CommandQueue.java:330)
W/System.err(  524): 	at android.os.Handler.dispatchMessage(Handler.java:99)
W/System.err(  524): 	at android.os.Looper.loop(Looper.java:137)
W/System.err(  524): 	at android.app.ActivityThread.main(ActivityThread.java:5106)
W/System.err(  524): 	at java.lang.reflect.Method.invokeNative(Native Method)
W/System.err(  524): 	at java.lang.reflect.Method.invoke(Method.java:511)
W/System.err(  524): 	at com.android.internal.os.ZygoteInit$MethodAndArgsCaller.run(ZygoteInit.java:821)
W/System.err(  451): com.android.server.LightsService$Light$PrintLEDStackException
W/System.err(  451): 	at com.android.server.LightsService$Light.setLightLocked(LightsService.java:284)
W/System.err(  524): 	at com.android.internal.os.ZygoteInit.main(ZygoteInit.java:588)
W/System.err(  524): 	at dalvik.system.NativeStart.main(Native Method)
W/System.err(  451): 	at com.android.server.LightsService$Light.turnOff(LightsService.java:194)
W/System.err(  451): 	at com.android.server.NotificationManagerService.updateLightsLocked(NotificationManagerService.java:1564)
