
Note: log switch off, only log_main and log_events will have logs!
--------- beginning of /dev/log/main
W/System.err(26541): 	at android.app.ActivityThread.getTopLevelResources(ActivityThread.java:1752)
W/System.err(26541): 	at android.app.LoadedApk.getResources(LoadedApk.java:485)
W/System.err(26541): 	at android.app.ContextImpl.init(ContextImpl.java:1911)
W/System.err(26541): 	at android.app.ContextImpl.init(ContextImpl.java:1904)
W/System.err(26541): 	at android.app.ActivityThread.handleBindApplication(ActivityThread.java:4269)
W/System.err(  451): 	at libcore.io.IoBridge.open(IoBridge.java:409)
W/System.err(  451): 	at java.io.FileInputStream.<init>(FileInputStream.java:109)
W/System.err(26541): 	at android.app.ActivityThread.access$1300(ActivityThread.java:145)
W/System.err(26541): 	at android.app.ActivityThread$H.handleMessage(ActivityThread.java:1306)
W/System.err(26541): 	at android.os.Handler.dispatchMessage(Handler.java:99)
W/System.err(26541): 	at android.os.Looper.loop(Looper.java:137)
W/System.err(26541): 	at android.app.ActivityThread.main(ActivityThread.java:5106)
W/System.err(26541): 	at java.lang.reflect.Method.invokeNative(Native Method)
W/System.err(26541): 	at java.lang.reflect.Method.invoke(Method.java:511)
W/System.err(26541): 	at com.android.internal.os.ZygoteInit$MethodAndArgsCaller.run(ZygoteInit.java:821)
W/System.err(26541): 	at com.android.internal.os.ZygoteInit.main(ZygoteInit.java:588)
W/System.err(26541): 	at dalvik.system.NativeStart.main(Native Method)
W/System.err(26541): Caused by: libcore.io.ErrnoException: open failed: ENOENT (No such file or directory)
W/System.err(26541): 	at libcore.io.Posix.open(Native Method)
W/System.err(26541): 	at libcore.io.BlockGuardOs.open(BlockGuardOs.java:110)
W/System.err(26541): 	at libcore.io.IoBridge.open(IoBridge.java:400)
W/System.err(26541): 	... 19 more
W/System.err(  451): 	at java.io.FileNotFoundException: /data/cust/xml/hw_launcher_load_icon.xml: open failed: ENOENT (No such file or directory)
W/System.err(  451): 	at libcore.io.IoBridge.open(IoBridge.java:409)
W/System.err(  451): 	at java.io.FileInputStream.<init>(FileInputStream.java:109)
W/System.err(  451): 	at android.content.res.ResourcesEx.readDefaultConfig(ResourcesEx.java:809)
W/System.err(  451): 	at android.content.res.ResourcesEx.<init>(ResourcesEx.java:742)
W/System.err(  451): 	at android.app.ActivityThread.getTopLevelResources(ActivityThread.java:1721)
W/System.err(  451): 	at android.app.ActivityThread.getTopLevelResources(ActivityThread.java:1752)
W/System.err(  451): 	at android.app.ApplicationPackageManager.getResourcesForApplication(ApplicationPackageManager.java:746)
W/System.err(  451): 	at android.app.ApplicationPackageManager.getXml(ApplicationPackageManager.java:998)
W/System.err(  451): 	at android.content.pm.PackageItemInfo.loadXmlMetaData(PackageItemInfo.java:224)
W/System.err(  451): 	at android.content.pm.RegisteredServicesCache.parseServiceInfo(RegisteredServicesCache.java:438)
W/System.err(  451): 	at android.content.pm.RegisteredServicesCache.generateServicesMap(RegisteredServicesCache.java:305)
W/System.err(  451): 	at android.content.pm.RegisteredServicesCache.access$100(RegisteredServicesCache.java:70)
W/System.err(  451): 	at android.content.pm.RegisteredServicesCache$1.onReceive(RegisteredServicesCache.java:148)
W/System.err(  451): 	at android.app.LoadedApk$ReceiverDispatcher$Args.run(LoadedApk.java:770)
W/System.err(  451): 	at android.os.Handler.handleCallback(Handler.java:725)
W/System.err(  451): 	at android.os.Handler.dispatchMessage(Handler.java:92)
W/System.err(  451): 	at android.os.Looper.loop(Looper.java:137)
W/System.err(  451): 	at com.android.server.ServerThread.run(SystemServer.java:1114)
W/System.err(  451): Caused by: libcore.io.ErrnoException: open failed: ENOENT (No such file or directory)
W/System.err(  451): 	at libcore.io.Posix.open(Native Method)
W/System.err(  451): 	at libcore.io.BlockGuardOs.open(BlockGuardOs.java:110)
W/System.err(  451): 	at libcore.io.IoBridge.open(IoBridge.java:400)
W/System.err(  451): 	... 17 more
W/System.err(  451): android.content.res.ResourcesEx.readDefaultConfig(ResourcesEx.java:809)
W/System.err(  451): 	at android.content.res.ResourcesEx.<init>(ResourcesEx.java:742)
W/System.err(  451): 	at android.app.ActivityThread.getTopLevelResources(ActivityThread.java:1721)
W/System.err(  451): 	at android.app.ActivityThread.getTopLevelResources(ActivityThread.java:1752)
W/System.err(  451): 	at java.io.FileNotFoundException: /data/cust/xml/hw_launcher_load_icon.xml: open failed: ENOENT (No such file or directory)
W/System.err(  451): android.app.ApplicationPackageManager.getResourcesForApplication(ApplicationPackageManager.java:746)
W/System.err(  451): 	at android.app.ApplicationPackageManager.getXml(ApplicationPackageManager.java:998)
W/System.err(  451): 	at android.content.pm.PackageItemInfo.loadXmlMetaData(PackageItemInfo.java:224)
W/System.err(  451): 	at android.view.inputmethod.InputMethodInfo.<init>(InputMethodInfo.java:118)
W/System.err(  451): 	at com.android.server.InputMethodManagerService.buildInputMethodListLocked(InputMethodManagerService.java:2555)
W/System.err(  451): 	at com.android.server.InputMethodManagerService$MyPackageMonitor.onSomePackagesChanged(InputMethodManagerService.java:536)
W/System.err(  451): 	at 	at com.android.internal.content.PackageMonitor.onReceive(PackageMonitor.java:379)
W/System.err(  451): 	at libcore.io.IoBridge.open(IoBridge.java:409)
W/System.err(  451): 	at java.io.FileInputStream.<init>(FileInputStream.java:109)
W/System.err(  451): 	at android.content.res.ResourcesEx.readDefaultConfig(ResourcesEx.java:809)
W/System.err(  451): 	at android.content.res.ResourcesEx.<init>(ResourcesEx.java:742)
W/System.err(  451): 	at android.app.ActivityThread.getTopLevelResources(ActivityThread.java:1721)
W/System.err(  451): 	at android.app.ActivityThread.getTopLevelResources(ActivityThread.java:1752)
W/System.err(  451): 	at android.app.ApplicationPackageManager.getResourcesForApplication(ApplicationPackageManager.java:746)
W/System.err(  451): 	at android.app.ApplicationPackageManager.getXml(ApplicationPackageManager.java:998)
W/System.err(  451): 	at android.content.pm.PackageItemInfo.loadXmlMetaData(PackageItemInfo.java:224)
W/System.err(  451): 	at android.content.pm.RegisteredServicesCache.parseServiceInfo(RegisteredServicesCache.java:438)
W/System.err(  451): 	at android.content.pm.RegisteredServicesCache.generateServicesMap(RegisteredServicesCache.java:305)
W/System.err(  451): 	at android.content.pm.RegisteredServicesCache.access$100(RegisteredServicesCache.java:70)
W/System.err(  451): 	at android.content.pm.RegisteredServicesCache$1.onReceive(RegisteredServicesCache.java:148)
W/System.err(  451): 	at android.app.LoadedApk$ReceiverDispatcher$Args.run(LoadedApk.java:770)
W/System.err(  451): 	at android.os.Handler.handleCallback(Handler.java:725)
W/System.err(  451): 	at android.os.Handler.dispatchMessage(Handler.java:92)
W/System.err(  451): 	at android.os.Looper.loop(Looper.java:137)
W/System.err(  451): 	at com.android.server.ServerThread.run(SystemServer.java:1114)
W/System.err(  451): Caused by: libcore.io.ErrnoException: open failed: ENOENT (No such file or directory)
W/System.err(  451): 	at libcore.io.Posix.open(Native Method)
W/System.err(  451): 	at libcore.io.BlockGuardOs.open(BlockGuardOs.java:110)
W/System.err(  451): 	at libcore.io.IoBridge.open(IoBridge.java:400)
W/System.err(  451): 	... 17 more
W/System.err(  451): android.app.LoadedApk$ReceiverDispatcher$Args.run(LoadedApk.java:770)
W/System.err(  451): 	at android.os.Handler.handleCallback(Handler.java:725)
W/System.err(  451): 	at android.os.Handler.dispatchMessage(Handler.java:92)
W/System.err(  451): 	at android.os.Looper.loop(Looper.java:137)
W/System.err(  451): 	at android.os.HandlerThread.run(HandlerThread.java:60)
W/System.err(  451): Caused by: libcore.io.ErrnoException: open failed: ENOENT (No such file or directory)
W/System.err(  451): 	at libcore.io.Posix.open(Native Method)
W/System.err(  451): 	at libcore.io.BlockGuardOs.open(BlockGuardOs.java:110)
W/System.err(  451): 	at libcore.io.IoBridge.open(IoBridge.java:400)
W/System.err(  451): 	... 17 more
W/System.err(  451): java.io.FileNotFoundException: /data/cust/xml/hw_launcher_load_icon.xml: open failed: ENOENT (No such file or directory)
W/System.err(  451): 	at libcore.io.IoBridge.open(IoBridge.java:409)
W/System.err(  451): 	at java.io.FileInputStream.<init>(FileInputStream.java:109)
W/System.err(  451): 	at android.content.res.ResourcesEx.readDefaultConfig(ResourcesEx.java:809)
W/System.err(  451): 	at android.content.res.ResourcesEx.<init>(ResourcesEx.java:742)
W/System.err(  451): 	at android.app.ActivityThread.getTopLevelResources(ActivityThread.java:1721)
W/System.err(  451): 	at android.app.ActivityThread.getTopLevelResources(ActivityThread.java:1752)
W/System.err(  451): 	at android.app.ApplicationPackageManager.getResourcesForApplication(ApplicationPackageManager.java:746)
W/System.err(  451): 	at android.app.ApplicationPackageManager.getXml(ApplicationPackageManager.java:998)
W/System.err(  451): 	at android.content.pm.PackageItemInfo.loadXmlMetaData(PackageItemInfo.java:224)
W/System.err(  451): 	at android.content.pm.RegisteredServicesCache.parseServiceInfo(RegisteredServicesCache.java:438)
W/System.err(  451): 	at android.content.pm.RegisteredServicesCache.generateServicesMap(RegisteredServicesCache.java:305)
W/System.err(  451): 	at android.content.pm.RegisteredServicesCache.access$100(RegisteredServicesCache.java:70)
W/System.err(  451): 	at android.content.pm.RegisteredServicesCache$1.onReceive(RegisteredServicesCache.java:148)
W/System.err(  451): 	at android.app.LoadedApk$ReceiverDispatcher$Args.run(LoadedApk.java:770)
W/System.err(  451): 	at android.os.Handler.handleCallback(Handler.java:725)
W/System.err(  451): 	at android.os.Handler.dispatchMessage(Handler.java:92)
W/System.err(  451): 	at android.os.Looper.loop(Looper.java:137)
W/System.err(  451): 	at com.android.server.ServerThread.run(SystemServer.java:1114)
W/System.err(  451): Caused by: libcore.io.ErrnoException: open failed: ENOENT (No such file or directory)
W/System.err(  451): 	at libcore.io.Posix.open(Native Method)
W/System.err(  451): 	at libcore.io.BlockGuardOs.open(BlockGuardOs.java:110)
W/System.err(  451): 	at libcore.io.IoBridge.open(IoBridge.java:400)
W/System.err(  451): 	... 17 more
W/System.err(  451): java.io.FileNotFoundException: /data/cust/xml/hw_launcher_load_icon.xml: open failed: ENOENT (No such file or directory)
W/System.err(  451): 	at libcore.io.IoBridge.open(IoBridge.java:409)
W/System.err(  451): 	at java.io.FileInputStream.<init>(FileInputStream.java:109)
W/System.err(  451): 	at android.content.res.ResourcesEx.readDefaultConfig(ResourcesEx.java:809)
W/System.err(  451): 	at android.content.res.ResourcesEx.<init>(ResourcesEx.java:742)
W/System.err(  451): 	at android.app.ActivityThread.getTopLevelResources(ActivityThread.java:1721)
W/System.err(  451): 	at android.app.ActivityThread.getTopLevelResources(ActivityThread.java:1752)
W/System.err(  451): 	at android.app.ApplicationPackageManager.getResourcesForApplication(ApplicationPackageManager.java:746)
W/System.err(  451): 	at android.app.ApplicationPackageManager.getXml(ApplicationPackageManager.java:998)
W/System.err(  451): 	at android.content.pm.PackageItemInfo.loadXmlMetaData(PackageItemInfo.java:224)
W/System.err(  451): 	at android.content.pm.RegisteredServicesCache.parseServiceInfo(RegisteredServicesCache.java:438)
W/System.err(  451): 	at android.content.pm.RegisteredServicesCache.generateServicesMap(RegisteredServicesCache.java:305)
W/System.err(  451): 	at android.content.pm.RegisteredServicesCache.access$100(RegisteredServicesCache.java:70)
W/System.err(  451): 	at android.content.pm.RegisteredServicesCache$1.onReceive(RegisteredServicesCache.java:148)
W/System.err(  451): 	at android.app.LoadedApk$ReceiverDispatcher$Args.run(LoadedApk.java:770)
W/System.err(  451): 	at android.os.Handler.handleCallback(Handler.java:725)
W/System.err(  451): 	at android.os.Handler.dispatchMessage(Handler.java:92)
W/System.err(  451): 	at android.os.Looper.loop(Looper.java:137)
W/System.err(  451): 	at com.android.server.ServerThread.run(SystemServer.java:1114)
W/System.err(  451): Caused by: libcore.io.ErrnoException: open failed: ENOENT (No such file or directory)
W/System.err(  451): 	at libcore.io.Posix.open(Native Method)
W/System.err(  451): 	at libcore.io.BlockGuardOs.open(BlockGuardOs.java:110)
W/System.err(  451): 	at libcore.io.IoBridge.open(IoBridge.java:400)
W/System.err(  451): 	... 17 more
W/System.err(  451): java.io.FileNotFoundException: /data/cust/xml/hw_launcher_load_icon.xml: open failed: ENOENT (No such file or directory)
W/System.err(  451): 	at libcore.io.IoBridge.open(IoBridge.java:409)
W/System.err(  451): 	at java.io.FileInputStream.<init>(FileInputStream.java:109)
W/System.err(  451): 	at android.content.res.ResourcesEx.readDefaultConfig(ResourcesEx.java:809)
W/System.err(  451): 	at android.content.res.ResourcesEx.<init>(ResourcesEx.java:742)
W/System.err(  451): 	at android.app.ActivityThread.getTopLevelResources(ActivityThread.java:1721)
W/System.err(  451): 	at android.app.ActivityThread.getTopLevelResources(ActivityThread.java:1752)
W/System.err(  451): 	at android.app.ApplicationPackageManager.getResourcesForApplication(ApplicationPackageManager.java:746)
W/System.err(  451): 	at android.app.ApplicationPackageManager.getXml(ApplicationPackageManager.java:998)
W/System.err(  451): 	at android.content.pm.PackageItemInfo.loadXmlMetaData(PackageItemInfo.java:224)
W/System.err(  451): 	at android.content.pm.RegisteredServicesCache.parseServiceInfo(RegisteredServicesCache.java:438)
W/System.err(  451): 	at android.content.pm.RegisteredServicesCache.generateServicesMap(RegisteredServicesCache.java:305)
W/System.err(  451): 	at android.content.pm.RegisteredServicesCache.access$100(RegisteredServicesCache.java:70)
W/System.err(  451): 	at android.content.pm.RegisteredServicesCache$1.onReceive(RegisteredServicesCache.java:148)
W/System.err(  451): 	at android.app.LoadedApk$ReceiverDispatcher$Args.run(LoadedApk.java:770)
W/System.err(  451): 	at android.os.Handler.handleCallback(Handler.java:725)
W/System.err(  451): 	at android.os.Handler.dispatchMessage(Handler.java:92)
W/System.err(  451): 	at android.os.Looper.loop(Looper.java:137)
W/System.err(  451): 	at com.android.server.ServerThread.run(SystemServer.java:1114)
W/System.err(  451): Caused by: libcore.io.ErrnoException: open failed: ENOENT (No such file or directory)
W/System.err(  451): 	at libcore.io.Posix.open(Native Method)
W/System.err(  451): 	at libcore.io.BlockGuardOs.open(BlockGuardOs.java:110)
W/System.err(  451): 	at libcore.io.IoBridge.open(IoBridge.java:400)
W/System.err(  451): 	... 17 more
W/System.err(  451): java.io.FileNotFoundException: /data/cust/xml/hw_launcher_load_icon.xml: open failed: ENOENT (No such file or directory)
W/System.err(26541): Invalid int: ""
W/System.err(  451): 	at libcore.io.IoBridge.open(IoBridge.java:409)
W/System.err(  451): 	at java.io.FileInputStream.<init>(FileInputStream.java:109)
W/System.err(  451): 	at android.content.res.ResourcesEx.readDefaultConfig(ResourcesEx.java:809)
W/System.err(  451): 	at android.content.res.ResourcesEx.<init>(ResourcesEx.java:742)
W/System.err(  451): 	at android.app.ActivityThread.getTopLevelResources(ActivityThread.java:1721)
W/System.err(  451): 	at android.app.ActivityThread.getTopLevelResources(ActivityThread.java:1752)
W/System.err(  451): 	at android.app.ApplicationPackageManager.getResourcesForApplication(ApplicationPackageManager.java:746)
W/System.err(  451): 	at android.app.ApplicationPackageManager.getXml(ApplicationPackageManager.java:998)
W/System.err(  451): 	at android.content.pm.PackageItemInfo.loadXmlMetaData(PackageItemInfo.java:224)
W/System.err(  451): 	at android.app.SearchableInfo.getActivityMetaData(SearchableInfo.java:526)
W/System.err(  451): 	at android.server.search.Searchables.buildSearchableList(Searchables.java:237)
W/System.err(  451): 	at android.server.search.SearchManagerService$MyPackageMonitor.updateSearchables(SearchManagerService.java:157)
W/System.err(  451): 	at android.server.search.SearchManagerService$MyPackageMonitor.onPackageModified(SearchManagerService.java:148)
W/System.err(  451): 	at com.android.internal.content.PackageMonitor.onReceive(PackageMonitor.java:285)
W/System.err(  451): 	at android.app.LoadedApk$ReceiverDispatcher$Args.run(LoadedApk.java:770)
W/System.err(  451): 	at java.io.FileNotFoundException: /data/cust/xml/hw_launcher_load_icon.xml: open failed: ENOENT (No such file or directory)
W/System.err(  451): 	at libcore.io.IoBridge.open(IoBridge.java:409)
W/System.err(  451): 	at java.io.FileInputStream.<init>(FileInputStream.java:109)
W/System.err(  451): 	at android.content.res.ResourcesEx.readDefaultConfig(ResourcesEx.java:809)
W/System.err(  451): 	at android.content.res.ResourcesEx.<init>(ResourcesEx.java:742)
W/System.err(  451): 	at android.app.ActivityThread.getTopLevelResources(ActivityThread.java:1721)
W/System.err(  451): 	at android.app.ActivityThread.getTopLevelResources(ActivityThread.java:1752)
W/System.err(  451): 	at android.app.ApplicationPackageManager.getResourcesForApplication(ApplicationPackageManager.java:746)
W/System.err(  451): 	at android.app.ApplicationPackageManager.getXml(ApplicationPackageManager.java:998)
W/System.err(  451): 	at android.content.pm.PackageItemInfo.loadXmlMetaData(PackageItemInfo.java:224)
W/System.err(  451): 	at android.content.pm.RegisteredServicesCache.parseServiceInfo(RegisteredServicesCache.java:438)
W/System.err(  451): 	at android.content.pm.RegisteredServicesCache.generateServicesMap(RegisteredServicesCache.java:305)
W/System.err(  451): 	at android.content.pm.RegisteredServicesCache.access$100(RegisteredServicesCache.java:70)
W/System.err(  451): 	at android.content.pm.RegisteredServicesCache$1.onReceive(RegisteredServicesCache.java:148)
W/System.err(  451): 	at android.app.LoadedApk$ReceiverDispatcher$Args.run(LoadedApk.java:770)
W/System.err(  451): 	at android.os.Handler.handleCallback(Handler.java:725)
W/System.err(  451): 	at android.os.Handler.dispatchMessage(Handler.java:92)
W/System.err(  451): 	at android.os.Looper.loop(Looper.java:137)
W/System.err(  451): 	at com.android.server.ServerThread.run(SystemServer.java:1114)
W/System.err(  451): Caused by: libcore.io.ErrnoException: open failed: ENOENT (No such file or directory)
W/System.err(  451): 	at libcore.io.Posix.open(Native Method)
W/System.err(  451): 	at libcore.io.BlockGuardOs.open(BlockGuardOs.java:110)
W/System.err(  451): 	at libcore.io.IoBridge.open(IoBridge.java:400)
W/System.err(  451): 	... 17 more
W/System.err(  451): java.io.FileNotFoundException: /data/cust/xml/hw_launcher_load_icon.xml: open failed: ENOENT (No such file or directory)
W/System.err(  451): android.os.Handler.handleCallback(Handler.java:725)
W/System.err(  451): 	at 	at android.os.Handler.dispatchMessage(Handler.java:92)
W/System.err(  451): 	at libcore.io.IoBridge.open(IoBridge.java:409)
W/System.err(  451): 	at java.io.FileInputStream.<init>(FileInputStream.java:109)
W/System.err(  451): 	at android.os.Looper.loop(Looper.java:137)
W/System.err(  451): android.content.res.ResourcesEx.readDefaultConfig(ResourcesEx.java:809)
W/System.err(  451): 	at android.content.res.ResourcesEx.<init>(ResourcesEx.java:742)
W/System.err(  451): 	at android.app.ActivityThread.getTopLevelResources(ActivityThread.java:1721)
W/System.err(  451): 	at android.app.ActivityThread.getTopLevelResources(ActivityThread.java:1752)
W/System.err(  451): 	at android.app.ApplicationPackageManager.getResourcesForApplication(ApplicationPackageManager.java:746)
W/System.err(  451): 	at android.app.ApplicationPackageManager.getXml(ApplicationPackageManager.java:998)
W/System.err(  451): 	at android.content.pm.PackageItemInfo.loadXmlMetaData(PackageItemInfo.java:224)
W/System.err(  451): 	at android.content.pm.RegisteredServicesCache.parseServiceInfo(RegisteredServicesCache.java:438)
W/System.err(  451): 	at android.content.pm.RegisteredServicesCache.generateServicesMap(RegisteredServicesCache.java:305)
W/System.err(  451): 	at android.content.pm.RegisteredServicesCache.access$100(RegisteredServicesCache.java:70)
W/System.err(  451): 	at android.content.pm.RegisteredServicesCache$1.onReceive(RegisteredServicesCache.java:148)
W/System.err(  451): 	at android.app.LoadedApk$ReceiverDispatcher$Args.run(LoadedApk.java:770)
W/System.err(  451): 	at android.os.Handler.handleCallback(Handler.java:725)
W/System.err(  451): 	at android.os.Handler.dispatchMessage(Handler.java:92)
W/System.err(  451): 	at android.os.Looper.loop(Looper.java:137)
W/System.err(  451): 	at com.android.server.ServerThread.run(SystemServer.java:1114)
W/System.err(  451): Caused by: libcore.io.ErrnoException: open failed: ENOENT (No such file or directory)
W/System.err(  451): 	at android.os.HandlerThread.run(HandlerThread.java:60)
W/System.err(  451): Caused by: libcore.io.ErrnoException: open failed: ENOENT (No such file or directory)
W/System.err(  451): 	at libcore.io.Posix.open(Native Method)
W/System.err(  451): 	at libcore.io.BlockGuardOs.open(BlockGuardOs.java:110)
W/System.err(  451): 	at libcore.io.IoBridge.open(IoBridge.java:400)
W/System.err(  451): 	... 17 more
W/System.err(  451): 	at libcore.io.Posix.open(Native Method)
W/System.err(  451): 	at libcore.io.BlockGuardOs.open(BlockGuardOs.java:110)
W/System.err(  451): 	at libcore.io.IoBridge.open(IoBridge.java:400)
W/System.err(  451): 	... 18 more
I/UpdateManager(26541): Sohu_InstallReceiver_intent.getAction():android.intent.action.PACKAGE_REMOVED
I/UpdateManager(26541): 3.1.6_Intent.EXTRA_UID():10097  pi.applicationInfo.uid:10082
I/Process (26541): Sending signal. PID: 26541 SIG: 9
W/System.err(  451): java.io.FileNotFoundException: /data/cust/xml/hw_launcher_load_icon.xml: open failed: ENOENT (No such file or directory)
W/System.err(  451): 	at libcore.io.IoBridge.open(IoBridge.java:409)
W/System.err(  451): 	at java.io.FileInputStream.<init>(FileInputStream.java:109)
W/System.err(  451): 	at android.content.res.ResourcesEx.readDefaultConfig(ResourcesEx.java:809)
W/System.err(  451): 	at android.content.res.ResourcesEx.<init>(ResourcesEx.java:742)
W/System.err(  451): 	at android.app.ActivityThread.getTopLevelResources(ActivityThread.java:1721)
W/System.err(  451): 	at android.app.ActivityThread.getTopLevelResources(ActivityThread.java:1752)
W/System.err(  451): 	at android.app.ApplicationPackageManager.getResourcesForApplication(ApplicationPackageManager.java:746)
W/System.err(  451): 	at android.app.ApplicationPackageManager.getXml(ApplicationPackageManager.java:998)
W/System.err(  451): 	at android.content.pm.PackageItemInfo.loadXmlMetaData(PackageItemInfo.java:224)
W/System.err(  451): 	at android.app.SearchableInfo.getActivityMetaData(SearchableInfo.java:526)
W/System.err(  451): 	at android.server.search.Searchables.buildSearchableList(Searchables.java:237)
W/System.err(  451): 	at android.server.search.SearchManagerService$MyPackageMonitor.updateSearchables(SearchManagerService.java:157)
W/System.err(  451): 	at android.server.search.SearchManagerService$MyPackageMonitor.onPackageModified(SearchManagerService.java:148)
W/System.err(  451): 	at com.android.internal.content.PackageMonitor.onReceive(PackageMonitor.java:285)
W/System.err(  451): 	at android.app.LoadedApk$ReceiverDispatcher$Args.run(LoadedApk.java:770)
W/System.err(  451): 	at android.os.Handler.handleCallback(Handler.java:725)
W/System.err(  451): 	at android.os.Handler.dispatchMessage(Handler.java:92)
W/System.err(  451): 	at android.os.Looper.loop(Looper.java:137)
W/System.err(  451): 	at android.os.HandlerThread.run(HandlerThread.java:60)
W/System.err(  451): Caused by: libcore.io.ErrnoException: open failed: ENOENT (No such file or directory)
W/System.err(  451): 	at libcore.io.Posix.open(Native Method)
W/System.err(  451): 	at libcore.io.BlockGuardOs.open(BlockGuardOs.java:110)
W/System.err(  451): 	at libcore.io.IoBridge.open(IoBridge.java:400)
W/System.err(  451): 	... 18 more
W/System.err(  451): java.io.FileNotFoundException: /data/cust/xml/hw_launcher_load_icon.xml: open failed: ENOENT (No such file or directory)
W/System.err(  451): 	at libcore.io.IoBridge.open(IoBridge.java:409)
W/System.err(  451): 	at java.io.FileInputStream.<init>(FileInputStream.java:109)
W/System.err(  451): 	at android.content.res.ResourcesEx.readDefaultConfig(ResourcesEx.java:809)
W/System.err(  451): 	at android.content.res.ResourcesEx.<init>(ResourcesEx.java:742)
W/System.err(  451): 	at android.app.ActivityThread.getTopLevelResources(ActivityThread.java:1721)
W/System.err(  451): 	at android.app.ActivityThread.getTopLevelResources(ActivityThread.java:1752)
W/System.err(  451): 	at android.app.ApplicationPackageManager.getResourcesForApplication(ApplicationPackageManager.java:746)
W/System.err(  451): 	at android.app.ApplicationPackageManager.getXml(ApplicationPackageManager.java:998)
W/System.err(  451): 	at android.content.pm.PackageItemInfo.loadXmlMetaData(PackageItemInfo.java:224)
W/System.err(  451): 	at android.app.SearchableInfo.getActivityMetaData(SearchableInfo.java:526)
W/System.err(  451): 	at android.server.search.Searchables.buildSearchableList(Searchables.java:237)
W/System.err(  451): 	at android.server.search.SearchManagerService$MyPackageMonitor.updateSearchables(SearchManagerService.java:157)
W/System.err(  451): 	at android.server.search.SearchManagerService$MyPackageMonitor.onPackageModified(SearchManagerService.java:148)
W/System.err(  451): 	at com.android.internal.content.PackageMonitor.onReceive(PackageMonitor.java:285)
W/System.err(  451): 	at android.app.LoadedApk$ReceiverDispatcher$Args.run(LoadedApk.java:770)
W/System.err(  451): 	at android.os.Handler.handleCallback(Handler.java:725)
W/System.err(  451): 	at android.os.Handler.dispatchMessage(Handler.java:92)
W/System.err(  451): 	at android.os.Looper.loop(Looper.java:137)
W/System.err(  451): 	at android.os.HandlerThread.run(HandlerThread.java:60)
W/System.err(  451): Caused by: libcore.io.ErrnoException: open failed: ENOENT (No such file or directory)
W/System.err(  451): 	at libcore.io.Posix.open(Native Method)
W/System.err(  451): 	at libcore.io.BlockGuardOs.open(BlockGuardOs.java:110)
W/System.err(  451): 	at libcore.io.IoBridge.open(IoBridge.java:400)
W/System.err(  451): 	... 18 more
I/PushLogSC2319( 2260): [Thread-278-278]the pkgName:com.bestjoy.app.haierwarrantycard, localPkgName:com.huawei.android.ds(ds/null:-1)
E/PushLogSC2319( 2260): [Thread-278-278]start to get Apk version , the APK version is :2319(ds/null:-1)
I/PushLogSC2319( 2260): [Thread-278-278] choose the high version for push service(ds/null:-1)
I/PushLogSC2319( 2260): [Thread-278-278]support ctrlsocket.(ds/null:-1)
I/PushLogSC2319( 2260): [Thread-278-278]start push service ,the highPkgName is :com.huawei.android.pushagent(ds/null:-1)
W/System.err(  451): java.io.FileNotFoundException: /data/cust/xml/hw_launcher_load_icon.xml: open failed: ENOENT (No such file or directory)
W/System.err(  451): 	at libcore.io.IoBridge.open(IoBridge.java:409)
W/System.err(  451): 	at java.io.FileInputStream.<init>(FileInputStream.java:109)
W/System.err(  451): 	at android.content.res.ResourcesEx.readDefaultConfig(ResourcesEx.java:809)
W/System.err(  451): 	at android.content.res.ResourcesEx.<init>(ResourcesEx.java:742)
W/System.err(  451): 	at android.app.ActivityThread.getTopLevelResources(ActivityThread.java:1721)
W/System.err(  451): 	at android.app.ActivityThread.getTopLevelResources(ActivityThread.java:1752)
W/System.err(  451): 	at android.app.ApplicationPackageManager.getResourcesForApplication(ApplicationPackageManager.java:746)
W/System.err(  451): 	at android.app.ApplicationPackageManager.getXml(ApplicationPackageManager.java:998)
W/System.err(  451): 	at android.content.pm.PackageItemInfo.loadXmlMetaData(PackageItemInfo.java:224)
W/System.err(  451): 	at android.app.SearchableInfo.getActivityMetaData(SearchableInfo.java:526)
W/System.err(  451): 	at android.server.search.Searchables.buildSearchableList(Searchables.java:237)
W/System.err(  451): 	at android.server.search.SearchManagerService$MyPackageMonitor.updateSearchables(SearchManagerService.java:157)
W/System.err(  451): 	at android.server.search.SearchManagerService$MyPackageMonitor.onPackageModified(SearchManagerService.java:148)
W/System.err(  451): 	at com.android.internal.content.PackageMonitor.onReceive(PackageMonitor.java:285)
W/System.err(  451): 	at android.app.LoadedApk$ReceiverDispatcher$Args.run(LoadedApk.java:770)
W/System.err(  451): 	at android.os.Handler.handleCallback(Handler.java:725)
W/System.err(  451): 	at android.os.Handler.dispatchMessage(Handler.java:92)
W/System.err(  451): 	at android.os.Looper.loop(Looper.java:137)
W/System.err(  451): 	at android.os.HandlerThread.run(HandlerThread.java:60)
W/System.err(  451): Caused by: libcore.io.ErrnoException: open failed: ENOENT (No such file or directory)
W/System.err(  451): 	at libcore.io.Posix.open(Native Method)
W/System.err(  451): 	at libcore.io.BlockGuardOs.open(BlockGuardOs.java:110)
W/System.err(  451): 	at libcore.io.IoBridge.open(IoBridge.java:400)
W/System.err(  451): 	... 18 more
W/System.err(  451): java.io.FileNotFoundException: /data/cust/xml/hw_launcher_load_icon.xml: open failed: ENOENT (No such file or directory)
W/System.err(  451): 	at libcore.io.IoBridge.open(IoBridge.java:409)
W/System.err(  451): 	at java.io.FileInputStream.<init>(FileInputStream.java:109)
W/System.err(  451): 	at android.content.res.ResourcesEx.readDefaultConfig(ResourcesEx.java:809)
W/System.err(  451): 	at android.content.res.ResourcesEx.<init>(ResourcesEx.java:742)
W/System.err(  451): 	at android.app.ActivityThread.getTopLevelResources(ActivityThread.java:1721)
W/System.err(  451): 	at android.app.ActivityThread.getTopLevelResources(ActivityThread.java:1752)
W/System.err(  451): 	at android.app.ApplicationPackageManager.getResourcesForApplication(ApplicationPackageManager.java:746)
W/System.err(  451): 	at android.app.ApplicationPackageManager.getXml(ApplicationPackageManager.java:998)
W/System.err(  451): 	at android.content.pm.PackageItemInfo.loadXmlMetaData(PackageItemInfo.java:224)
W/System.err(  451): 	at android.app.SearchableInfo.getActivityMetaData(SearchableInfo.java:526)
W/System.err(  451): 	at android.server.search.Searchables.buildSearchableList(Searchables.java:237)
W/System.err(  451): 	at android.server.search.SearchManagerService$MyPackageMonitor.updateSearchables(SearchManagerService.java:157)
W/System.err(  451): 	at android.server.search.SearchManagerService$MyPackageMonitor.onPackageModified(SearchManagerService.java:148)
W/System.err(  451): 	at com.android.internal.content.PackageMonitor.onReceive(PackageMonitor.java:285)
W/System.err(  451): 	at android.app.LoadedApk$ReceiverDispatcher$Args.run(LoadedApk.java:770)
W/System.err(  451): 	at android.os.Handler.handleCallback(Handler.java:725)
W/System.err(  451): 	at android.os.Handler.dispatchMessage(Handler.java:92)
W/System.err(  451): 	at android.os.Looper.loop(Looper.java:137)
W/System.err(  451): 	at android.os.HandlerThread.run(HandlerThread.java:60)
W/System.err(  451): Caused by: libcore.io.ErrnoException: open failed: ENOENT (No such file or directory)
W/System.err(  451): 	at libcore.io.Posix.open(Native Method)
W/System.err(  451): 	at libcore.io.BlockGuardOs.open(BlockGuardOs.java:110)
W/System.err(  451): 	at libcore.io.IoBridge.open(IoBridge.java:400)
W/System.err(  451): 	... 18 more
W/System.err(  451): java.io.FileNotFoundException: /data/cust/xml/hw_launcher_load_icon.xml: open failed: ENOENT (No such file or directory)
W/System.err(  451): 	at libcore.io.IoBridge.open(IoBridge.java:409)
W/System.err(  451): 	at java.io.FileInputStream.<init>(FileInputStream.java:109)
W/System.err(  451): 	at android.content.res.ResourcesEx.readDefaultConfig(ResourcesEx.java:809)
W/System.err(  451): 	at android.content.res.ResourcesEx.<init>(ResourcesEx.java:742)
W/System.err(26562): java.io.FileNotFoundException: /data/cust/xml/hw_launcher_load_icon.xml: open failed: ENOENT (No such file or directory)
W/System.err(26562): 	at libcore.io.IoBridge.open(IoBridge.java:409)
W/System.err(  451): 	at android.app.ActivityThread.getTopLevelResources(ActivityThread.java:1721)
W/System.err(26562): 	at java.io.FileInputStream.<init>(FileInputStream.java:109)
W/System.err(26562): 	at android.content.res.ResourcesEx.readDefaultConfig(ResourcesEx.java:809)
W/System.err(  451): 	at android.app.ActivityThread.getTopLevelResources(ActivityThread.java:1752)
W/System.err(26562): 	at android.content.res.ResourcesEx.<init>(ResourcesEx.java:742)
W/System.err(  451): 	at android.app.ApplicationPackageManager.getResourcesForApplication(ApplicationPackageManager.java:746)
W/System.err(26562): 	at android.app.ActivityThread.getTopLevelResources(ActivityThread.java:1721)
W/System.err(26562): 	at android.app.ActivityThread.getTopLevelResources(ActivityThread.java:1752)
W/System.err(26562): 	at android.app.LoadedApk.getResources(LoadedApk.java:485)
W/System.err(26562): 	at android.app.ContextImpl.init(ContextImpl.java:1911)
W/System.err(26562): 	at android.app.ContextImpl.init(ContextImpl.java:1904)
W/System.err(  451): 	at android.app.ApplicationPackageManager.getXml(ApplicationPackageManager.java:998)
W/System.err(26562): 	at android.app.ActivityThread.handleBindApplication(ActivityThread.java:4269)
W/System.err(  451): 	at android.content.pm.PackageItemInfo.loadXmlMetaData(PackageItemInfo.java:224)
W/System.err(26562): 	at android.app.ActivityThread.access$1300(ActivityThread.java:145)
W/System.err(  451): 	at android.app.SearchableInfo.getActivityMetaData(SearchableInfo.java:526)
W/System.err(26562): 	at android.app.ActivityThread$H.handleMessage(ActivityThread.java:1306)
W/System.err(  451): 	at android.server.search.Searchables.buildSearchableList(Searchables.java:237)
W/System.err(26562): 	at android.os.Handler.dispatchMessage(Handler.java:99)
W/System.err(  451): 	at android.server.search.SearchManagerService$MyPackageMonitor.updateSearchables(SearchManagerService.java:157)
W/System.err(26562): 	at android.os.Looper.loop(Looper.java:137)
W/System.err(  451): 	at android.server.search.SearchManagerService$MyPackageMonitor.onPackageModified(SearchManagerService.java:148)
W/System.err(26562): 	at android.app.ActivityThread.main(ActivityThread.java:5106)
W/System.err(  451): 	at com.android.internal.content.PackageMonitor.onReceive(PackageMonitor.java:285)
W/System.err(26562): 	at java.lang.reflect.Method.invokeNative(Native Method)
W/System.err(26562): 	at java.lang.reflect.Method.invoke(Method.java:511)
W/System.err(  451): 	at android.app.LoadedApk$ReceiverDispatcher$Args.run(LoadedApk.java:770)
W/System.err(26562): 	at com.android.internal.os.ZygoteInit$MethodAndArgsCaller.run(ZygoteInit.java:821)
W/System.err(  451): 	at android.os.Handler.handleCallback(Handler.java:725)
W/System.err(26562): 	at com.android.internal.os.ZygoteInit.main(ZygoteInit.java:588)
W/System.err(  451): 	at android.os.Handler.dispatchMessage(Handler.java:92)
W/System.err(26562): 	at dalvik.system.NativeStart.main(Native Method)
W/System.err(  451): 	at android.os.Looper.loop(Looper.java:137)
W/System.err(26562): Caused by: libcore.io.ErrnoException: open failed: ENOENT (No such file or directory)
W/System.err(  451): 	at android.os.HandlerThread.run(HandlerThread.java:60)
W/System.err(  451): Caused by: libcore.io.ErrnoException: open failed: ENOENT (No such file or directory)
W/System.err(26562): 	at libcore.io.Posix.open(Native Method)
W/System.err(26562): 	at libcore.io.BlockGuardOs.open(BlockGuardOs.java:110)
W/System.err(26562): 	at libcore.io.IoBridge.open(IoBridge.java:400)
W/System.err(26562): 	... 19 more
W/System.err(  451): 	at libcore.io.Posix.open(Native Method)
W/System.err(  451): 	at libcore.io.BlockGuardOs.open(BlockGuardOs.java:110)
W/System.err(  451): 	at libcore.io.IoBridge.open(IoBridge.java:400)
W/System.err(  451): 	... 18 more
W/System.err(  451): java.io.FileNotFoundException: /data/cust/xml/hw_launcher_load_icon.xml: open failed: ENOENT (No such file or directory)
W/System.err(  451): 	at libcore.io.IoBridge.open(IoBridge.java:409)
W/System.err(  451): 	at java.io.FileInputStream.<init>(FileInputStream.java:109)
W/System.err(  451): 	at android.content.res.ResourcesEx.readDefaultConfig(ResourcesEx.java:809)
W/System.err(  451): 	at android.content.res.ResourcesEx.<init>(ResourcesEx.java:742)
W/System.err(  451): 	at android.app.ActivityThread.getTopLevelResources(ActivityThread.java:1721)
W/System.err(  451): 	at android.app.ActivityThread.getTopLevelResources(ActivityThread.java:1752)
W/System.err(  451): 	at android.app.ApplicationPackageManager.getResourcesForApplication(ApplicationPackageManager.java:746)
W/System.err(  451): 	at android.app.ApplicationPackageManager.getXml(ApplicationPackageManager.java:998)
W/System.err(  451): 	at android.content.pm.PackageItemInfo.loadXmlMetaData(PackageItemInfo.java:224)
W/System.err(  451): 	at android.app.SearchableInfo.getActivityMetaData(SearchableInfo.java:526)
W/System.err(  451): 	at android.server.search.Searchables.buildSearchableList(Searchables.java:237)
W/System.err(  451): 	at android.server.search.SearchManagerService$MyPackageMonitor.updateSearchables(SearchManagerService.java:157)
W/System.err(  451): 	at android.server.search.SearchManagerService$MyPackageMonitor.onPackageModified(SearchManagerService.java:148)
W/System.err(  451): 	at com.android.internal.content.PackageMonitor.onReceive(PackageMonitor.java:285)
W/System.err(  451): 	at android.app.LoadedApk$ReceiverDispatcher$Args.run(LoadedApk.java:770)
W/System.err(  451): 	at android.os.Handler.handleCallback(Handler.java:725)
W/System.err(  451): 	at android.os.Handler.dispatchMessage(Handler.java:92)
W/System.err(  451): 	at android.os.Looper.loop(Looper.java:137)
W/System.err(  451): 	at android.os.HandlerThread.run(HandlerThread.java:60)
W/System.err(  451): Caused by: libcore.io.ErrnoException: open failed: ENOENT (No such file or directory)
W/System.err(  451): 	at libcore.io.Posix.open(Native Method)
W/System.err(  451): 	at libcore.io.BlockGuardOs.open(BlockGuardOs.java:110)
W/System.err(  451): 	at libcore.io.IoBridge.open(IoBridge.java:400)
W/System.err(  451): 	... 18 more
I/PushLogSC2309(22362): [Thread-1806-1806]PushProxy:handleEvent receive the intent=Intent { act=android.intent.action.PACKAGE_REMOVED dat=package:com.bestjoy.app.haierwarrantycard flg=0x8000010 cmp=com.huawei.message/com.huawei.android.pushagent.PushEventReceiver (has extras) }(message/null:-1)
I/PushLogSC2309(22362): [Thread-1806-1806]the pkgName:com.bestjoy.app.haierwarrantycard, localPkgName:com.huawei.message(message/null:-1)
W/System.err(  451): java.io.FileNotFoundException: /data/cust/xml/hw_launcher_load_icon.xml: open failed: ENOENT (No such file or directory)
W/System.err(  451): 	at libcore.io.IoBridge.open(IoBridge.java:409)
W/System.err(  451): 	at java.io.FileInputStream.<init>(FileInputStream.java:109)
W/System.err(  451): 	at android.content.res.ResourcesEx.readDefaultConfig(ResourcesEx.java:809)
W/System.err(  451): 	at android.content.res.ResourcesEx.<init>(ResourcesEx.java:742)
W/System.err(  451): 	at android.app.ActivityThread.getTopLevelResources(ActivityThread.java:1721)
E/PushLogSC2309(22362): [Thread-1806-1806]start to get Apk version , the APK version is :2319(message/null:-1)
W/System.err(  451): 	at android.app.ActivityThread.getTopLevelResources(ActivityThread.java:1752)
W/System.err(  451): 	at android.app.ApplicationPackageManager.getResourcesForApplication(ApplicationPackageManager.java:746)
I/PushLogSC2309(22362): [Thread-1806-1806] choose the high version for push service(message/null:-1)
I/PushLogSC2309(22362): [Thread-1806-1806]support ctrlsocket.(message/null:-1)
I/PushLogSC2309(22362): [Thread-1806-1806]highPkgName(com.huawei.android.pushagent) is not self(com.huawei.message)close self pushService(message/null:-1)
W/System.err(  451): 	at android.app.ApplicationPackageManager.getXml(ApplicationPackageManager.java:998)
W/System.err(  451): 	at android.content.pm.PackageItemInfo.loadXmlMetaData(PackageItemInfo.java:224)
W/System.err(  451): 	at android.app.SearchableInfo.getActivityMetaData(SearchableInfo.java:526)
W/System.err(  451): 	at android.server.search.Searchables.buildSearchableList(Searchables.java:237)
W/System.err(  451): 	at android.server.search.SearchManagerService$MyPackageMonitor.updateSearchables(SearchManagerService.java:157)
W/System.err(  451): 	at android.server.search.SearchManagerService$MyPackageMonitor.onPackageModified(SearchManagerService.java:148)
W/System.err(  451): 	at com.android.internal.content.PackageMonitor.onReceive(PackageMonitor.java:285)
W/System.err(  451): 	at android.app.LoadedApk$ReceiverDispatcher$Args.run(LoadedApk.java:770)
W/System.err(  451): 	at android.os.Handler.handleCallback(Handler.java:725)
W/System.err(  451): 	at android.os.Handler.dispatchMessage(Handler.java:92)
I/PushLogSC2309(22362): [Thread-1806-1806]start push service ,the highPkgName is :com.huawei.android.pushagent(message/null:-1)
W/System.err(  451): 	at android.os.Looper.loop(Looper.java:137)
W/System.err(  451): 	at android.os.HandlerThread.run(HandlerThread.java:60)
W/System.err(  451): Caused by: libcore.io.ErrnoException: open failed: ENOENT (No such file or directory)
I/PushLogSC2319( 2275): [Thread-281-281]the pkgName:com.bestjoy.app.haierwarrantycard, localPkgName:com.huawei.android.remotecontrol(remotecontrol/null:-1)
E/PushLogSC2319( 2275): [Thread-281-281]start to get Apk version , the APK version is :2319(remotecontrol/null:-1)
I/PushLogSC2319( 2275): [Thread-281-281] choose the high version for push service(remotecontrol/null:-1)
W/System.err(  451): 	at libcore.io.Posix.open(Native Method)
W/System.err(  451): 	at libcore.io.BlockGuardOs.open(BlockGuardOs.java:110)
W/System.err(  451): 	at libcore.io.IoBridge.open(IoBridge.java:400)
W/System.err(  451): 	... 18 more
I/PushLogSC2319( 2275): [Thread-281-281]support ctrlsocket.(remotecontrol/null:-1)
I/PushLogSC2319( 2275): [Thread-281-281]start push service ,the highPkgName is :com.huawei.android.pushagent(remotecontrol/null:-1)
I/PushLogSC2319( 2290): [Thread-284-284]the pkgName:com.bestjoy.app.haierwarrantycard, localPkgName:com.huawei.phoneservice(phoneservice/null:-1)
W/System.err(  451): java.io.FileNotFoundException: /data/cust/xml/hw_launcher_load_icon.xml: open failed: ENOENT (No such file or directory)
E/PushLogSC2319( 2290): [Thread-284-284]start to get Apk version , the APK version is :2319(phoneservice/null:-1)
I/PushLogSC2319( 2290): [Thread-284-284] choose the high version for push service(phoneservice/null:-1)
W/System.err(  451): 	at libcore.io.IoBridge.open(IoBridge.java:409)
W/System.err(  451): 	at java.io.FileInputStream.<init>(FileInputStream.java:109)
I/PushLogSC2319( 2290): [Thread-284-284]support ctrlsocket.(phoneservice/null:-1)
W/System.err(  451): 	at android.content.res.ResourcesEx.readDefaultConfig(ResourcesEx.java:809)
I/PushLogSC2319( 2290): [Thread-284-284]start push service ,the highPkgName is :com.huawei.android.pushagent(phoneservice/null:-1)
W/System.err(  451): 	at android.content.res.ResourcesEx.<init>(ResourcesEx.java:742)
W/System.err(  451): 	at android.app.ActivityThread.getTopLevelResources(ActivityThread.java:1721)
W/System.err(  451): 	at android.app.ActivityThread.getTopLevelResources(ActivityThread.java:1752)
W/System.err(  451): 	at android.app.ApplicationPackageManager.getResourcesForApplication(ApplicationPackageManager.java:746)
W/System.err(  451): 	at android.app.ApplicationPackageManager.getXml(ApplicationPackageManager.java:998)
W/System.err(  451): 	at android.content.pm.PackageItemInfo.loadXmlMetaData(PackageItemInfo.java:224)
W/System.err(  451): 	at android.app.SearchableInfo.getActivityMetaData(SearchableInfo.java:526)
W/System.err(  451): 	at android.server.search.Searchables.buildSearchableList(Searchables.java:237)
W/System.err(  451): 	at android.server.search.SearchManagerService$MyPackageMonitor.updateSearchables(SearchManagerService.java:157)
W/System.err(  451): 	at android.server.search.SearchManagerService$MyPackageMonitor.onPackageModified(SearchManagerService.java:148)
W/System.err(  451): 	at com.android.internal.content.PackageMonitor.onReceive(PackageMonitor.java:285)
W/System.err(  451): 	at android.app.LoadedApk$ReceiverDispatcher$Args.run(LoadedApk.java:770)
I/ServiceReceiver(24256): ServiceReceiver Start !!!
W/System.err(  451): 	at android.os.Handler.handleCallback(Handler.java:725)
W/System.err(  451): 	at android.os.Handler.dispatchMessage(Handler.java:92)
W/System.err(  451): 	at android.os.Looper.loop(Looper.java:137)
W/System.err(  451): 	at android.os.HandlerThread.run(HandlerThread.java:60)
W/System.err(  451): Caused by: libcore.io.ErrnoException: open failed: ENOENT (No such file or directory)
W/System.err(  451): 	at libcore.io.Posix.open(Native Method)
W/System.err(  451): 	at libcore.io.BlockGuardOs.open(BlockGuardOs.java:110)
W/System.err(  451): 	at libcore.io.IoBridge.open(IoBridge.java:400)
W/System.err(  451): 	... 18 more
I/SavingSettingUtil(24256): setAlarm and high_level_standard is 10 msg_send_interval is 240 count_frequency is 60 dangerous_level_standard is 25 dangerous_current_level is 30 min_interval_time is 3 average_current_fg is 350 count_frequency_fg is 5 app_show_level is 1
E/BootBroadcastReceiver(24256): xxxx add or remove pkgName=com.bestjoy.app.haierwarrantycard
W/Searchables(  451): No web search activity found
W/System.err(  451): java.io.FileNotFoundException: /data/cust/xml/hw_launcher_load_icon.xml: open failed: ENOENT (No such file or directory)
W/System.err(  451): 	at libcore.io.IoBridge.open(IoBridge.java:409)
W/System.err(  451): 	at java.io.FileInputStream.<init>(FileInputStream.java:109)
W/System.err(  451): 	at android.content.res.ResourcesEx.readDefaultConfig(ResourcesEx.java:809)
W/System.err(  451): 	at android.content.res.ResourcesEx.<init>(ResourcesEx.java:742)
W/System.err(  451): 	at android.app.ActivityThread.getTopLevelResources(ActivityThread.java:1721)
W/System.err(  451): 	at android.app.ActivityThread.getTopLevelResources(ActivityThread.java:1752)
I/PushLogAC2319(  680): [Thread-44-44]the pkgName:com.bestjoy.app.haierwarrantycard, localPkgName:com.huawei.android.pushagent(pushagent/null:-1)
W/System.err(  451): 	at android.app.ApplicationPackageManager.getResourcesForApplication(ApplicationPackageManager.java:746)
W/System.err(  451): 	at android.app.ApplicationPackageManager.getXml(ApplicationPackageManager.java:998)
W/System.err(  451): 	at android.content.pm.PackageItemInfo.loadXmlMetaData(PackageItemInfo.java:224)
W/System.err(  451): 	at android.app.SearchableInfo.getActivityMetaData(SearchableInfo.java:526)
W/System.err(  451): 	at android.server.search.Searchables.buildSearchableList(Searchables.java:237)
W/System.err(  451): 	at android.server.search.SearchManagerService$MyPackageMonitor.updateSearchables(SearchManagerService.java:157)
W/System.err(  451): 	at android.server.search.SearchManagerService$MyPackageMonitor.onSomePackagesChanged(SearchManagerService.java:143)
W/System.err(  451): 	at com.android.internal.content.PackageMonitor.onReceive(PackageMonitor.java:379)
W/System.err(  451): 	at android.app.LoadedApk$ReceiverDispatcher$Args.run(LoadedApk.java:770)
W/System.err(  451): 	at android.os.Handler.handleCallback(Handler.java:725)
W/System.err(  451): 	at android.os.Handler.dispatchMessage(Handler.java:92)
W/System.err(  451): 	at android.os.Looper.loop(Looper.java:137)
W/System.err(  451): 	at android.os.HandlerThread.run(HandlerThread.java:60)
W/System.err(  451): Caused by: libcore.io.ErrnoException: open failed: ENOENT (No such file or directory)
W/System.err(  451): 	at libcore.io.Posix.open(Native Method)
W/System.err(  451): 	at libcore.io.BlockGuardOs.open(BlockGuardOs.java:110)
W/System.err(  451): 	at libcore.io.IoBridge.open(IoBridge.java:400)
W/System.err(  451): 	... 18 more
E/PushLogAC2319(  680): [Thread-44-44]start to get Apk version , the APK version is :2319(pushagent/null:-1)
I/PushLogAC2319(  680): [Thread-44-44] choose the high version for push service(pushagent/null:-1)
I/PushLogAC2319(  680): [Thread-44-44]support ctrlsocket.(pushagent/null:-1)
W/System.err(  451): java.io.FileNotFoundException: /data/cust/xml/hw_launcher_load_icon.xml: open failed: ENOENT (No such file or directory)
W/System.err(  451): 	at libcore.io.IoBridge.open(IoBridge.java:409)
W/System.err(  451): 	at java.io.FileInputStream.<init>(FileInputStream.java:109)
W/System.err(  451): 	at android.content.res.ResourcesEx.readDefaultConfig(ResourcesEx.java:809)
W/System.err(  451): 	at android.content.res.ResourcesEx.<init>(ResourcesEx.java:742)
W/System.err(  451): 	at android.app.ActivityThread.getTopLevelResources(ActivityThread.java:1721)
W/System.err(  451): 	at android.app.ActivityThread.getTopLevelResources(ActivityThread.java:1752)
W/System.err(  451): 	at android.app.ApplicationPackageManager.getResourcesForApplication(ApplicationPackageManager.java:746)
W/System.err(  451): 	at android.app.ApplicationPackageManager.getXml(ApplicationPackageManager.java:998)
W/System.err(  451): 	at android.content.pm.PackageItemInfo.loadXmlMetaData(PackageItemInfo.java:224)
W/System.err(  451): 	at android.app.SearchableInfo.getActivityMetaData(SearchableInfo.java:526)
W/System.err(  451): 	at android.server.search.Searchables.buildSearchableList(Searchables.java:237)
W/System.err(  451): 	at android.server.search.SearchManagerService$MyPackageMonitor.updateSearchables(SearchManagerService.java:157)
