W/System.err(22757): 	at android.app.ActivityThread.getTopLevelResources(ActivityThread.java:1721)
W/System.err(22757): 	at android.app.ActivityThread.getTopLevelResources(ActivityThread.java:1752)
W/System.err(22757): 	at android.app.ApplicationPackageManager.getResourcesForApplication(ApplicationPackageManager.java:746)
W/System.err(22757): 	at com.android.providers.applications.ApplicationsProvider.getResourceUri(ApplicationsProvider.java:672)
W/System.err(22757): 	at com.android.providers.applications.ApplicationsProvider.getActivityIconUri(ApplicationsProvider.java:641)
W/System.err(22757): 	at com.android.providers.applications.ApplicationsProvider.updateApplicationsList(ApplicationsProvider.java:584)
W/System.err(22757): 	at com.android.providers.applications.ApplicationsProvider.access$300(ApplicationsProvider.java:69)
W/System.err(22757): 	at com.android.providers.applications.ApplicationsProvider$UpdateHandler.handleMessage(ApplicationsProvider.java:227)
W/System.err(22757): 	at android.os.Handler.dispatchMessage(Handler.java:99)
W/System.err(22757): 	at android.os.Looper.loop(Looper.java:137)
W/System.err(22757): 	at android.os.HandlerThread.run(HandlerThread.java:60)
W/System.err(22757): Caused by: libcore.io.ErrnoException: open failed: ENOENT (No such file or directory)
W/System.err(22757): 	at libcore.io.Posix.open(Native Method)
W/System.err(22757): 	at libcore.io.BlockGuardOs.open(BlockGuardOs.java:110)
W/System.err(22757): 	at libcore.io.IoBridge.open(IoBridge.java:400)
W/System.err(22757): 	... 14 more
W/System.err(22757): java.io.FileNotFoundException: /data/cust/xml/hw_launcher_load_icon.xml: open failed: ENOENT (No such file or directory)
W/System.err(22757): 	at libcore.io.IoBridge.open(IoBridge.java:409)
W/System.err(22757): 	at java.io.FileInputStream.<init>(FileInputStream.java:109)
W/System.err(22757): 	at android.content.res.ResourcesEx.readDefaultConfig(ResourcesEx.java:809)
W/System.err(22757): 	at android.content.res.ResourcesEx.<init>(ResourcesEx.java:742)
W/System.err(22757): 	at android.app.ActivityThread.getTopLevelResources(ActivityThread.java:1721)
W/System.err(22757): 	at android.app.ActivityThread.getTopLevelResources(ActivityThread.java:1752)
W/System.err(22757): 	at android.app.ApplicationPackageManager.getResourcesForApplication(ApplicationPackageManager.java:746)
W/System.err(22757): 	at com.android.providers.applications.ApplicationsProvider.getResourceUri(ApplicationsProvider.java:672)
W/System.err(22757): 	at com.android.providers.applications.ApplicationsProvider.getActivityIconUri(ApplicationsProvider.java:641)
W/System.err(22757): 	at com.android.providers.applications.ApplicationsProvider.updateApplicationsList(ApplicationsProvider.java:584)
W/System.err(22757): 	at com.android.providers.applications.ApplicationsProvider.access$300(ApplicationsProvider.java:69)
W/System.err(22757): 	at com.android.providers.applications.ApplicationsProvider$UpdateHandler.handleMessage(ApplicationsProvider.java:227)
W/System.err(22757): 	at android.os.Handler.dispatchMessage(Handler.java:99)
W/System.err(22757): 	at android.os.Looper.loop(Looper.java:137)
W/System.err(22757): 	at android.os.HandlerThread.run(HandlerThread.java:60)
W/System.err(22757): Caused by: libcore.io.ErrnoException: open failed: ENOENT (No such file or directory)
W/System.err(22757): 	at libcore.io.Posix.open(Native Method)
W/System.err(22757): 	at libcore.io.BlockGuardOs.open(BlockGuardOs.java:110)
W/System.err(22757): 	at libcore.io.IoBridge.open(IoBridge.java:400)
W/System.err(22757): 	... 14 more
I/ActivityManager(  451): Displayed com.bestjoy.app.haierwarrantycard/.ui.JumpActivity: +676ms (total +11s489ms)
W/System.err(26639): Invalid int: ""
W/Settings(26639): Setting android_id has moved from android.provider.Settings.System to android.provider.Settings.Secure, returning read-only value.
W/Settings(26639): Setting android_id has moved from android.provider.Settings.System to android.provider.Settings.Secure, returning read-only value.
I/dalvikvm(26660): Turning on JNI app bug workarounds for target SDK version 11...
W/System.err(26660): java.io.FileNotFoundException: /data/cust/xml/hw_launcher_load_icon.xml: open failed: ENOENT (No such file or directory)
W/System.err(26660): 	at libcore.io.IoBridge.open(IoBridge.java:409)
W/System.err(26660): 	at java.io.FileInputStream.<init>(FileInputStream.java:109)
W/System.err(26660): 	at android.content.res.ResourcesEx.readDefaultConfig(ResourcesEx.java:809)
W/System.err(26660): 	at android.content.res.ResourcesEx.<init>(ResourcesEx.java:742)
W/System.err(26660): 	at android.app.ActivityThread.getTopLevelResources(ActivityThread.java:1721)
W/System.err(26660): 	at android.app.ActivityThread.getTopLevelResources(ActivityThread.java:1752)
W/System.err(26660): 	at android.app.LoadedApk.getResources(LoadedApk.java:485)
W/System.err(26660): 	at android.app.ContextImpl.init(ContextImpl.java:1911)
W/System.err(26660): 	at android.app.ContextImpl.init(ContextImpl.java:1904)
W/System.err(26660): 	at android.app.ActivityThread.handleBindApplication(ActivityThread.java:4269)
W/System.err(26660): 	at android.app.ActivityThread.access$1300(ActivityThread.java:145)
W/System.err(26660): 	at android.app.ActivityThread$H.handleMessage(ActivityThread.java:1306)
W/System.err(26660): 	at android.os.Handler.dispatchMessage(Handler.java:99)
W/System.err(26660): 	at android.os.Looper.loop(Looper.java:137)
W/System.err(26660): 	at android.app.ActivityThread.main(ActivityThread.java:5106)
W/System.err(26660): 	at java.lang.reflect.Method.invokeNative(Native Method)
W/System.err(26660): 	at java.lang.reflect.Method.invoke(Method.java:511)
W/System.err(26660): 	at com.android.internal.os.ZygoteInit$MethodAndArgsCaller.run(ZygoteInit.java:821)
W/System.err(26660): 	at com.android.internal.os.ZygoteInit.main(ZygoteInit.java:588)
W/System.err(26660): 	at dalvik.system.NativeStart.main(Native Method)
W/System.err(26660): Caused by: libcore.io.ErrnoException: open failed: ENOENT (No such file or directory)
W/System.err(26660): 	at libcore.io.Posix.open(Native Method)
W/System.err(26660): 	at libcore.io.BlockGuardOs.open(BlockGuardOs.java:110)
W/System.err(26660): 	at libcore.io.IoBridge.open(IoBridge.java:400)
W/System.err(26660): 	... 19 more
W/System.err(26660): Invalid int: ""
I/UpdateManager(26660): Sohu_InstallReceiver_intent.getAction():android.intent.action.PACKAGE_REPLACED
I/Process (26660): Sending signal. PID: 26660 SIG: 9
I/PushLogAC2319(  680): [ReceiverDispatcher-45]DeviceTokenMgr: create the DeviceTokenMgr(pushagent/null:-1)
I/PushLogSC2309(22362): [Thread-1806-1806]PushProxy:handleEvent receive the intent=Intent { act=com.huawei.intent.action.PUSH_OFF flg=0x10 pkg=com.huawei.message cmp=com.huawei.message/com.huawei.android.pushagent.PushEventReceiver (has extras) }(message/null:-1)
I/PushLogAC2319(  680): [ReceiverDispatcher-45]packageName:com.huawei.android.hwouc token:08645720107199150000000008000001(pushagent/null:-1)
I/PushLogSC2309(22362): [Thread-1806-1806]SDK:get the ACTION_PUSH_OFF(message/null:-1)
I/PushLogAC2319(  680): [ReceiverDispatcher-45]PushState get action :com.huawei.intent.action.PUSH(pushagent/null:-1)
I/PushLogAC2319(  680): [ReceiverDispatcher-45]PushState get action :com.huawei.intent.action.PUSH_ON(pushagent/null:-1)
I/PushLogAC2319(  680): [ReceiverDispatcher-45]DeviceTokenMgr: create the DeviceTokenMgr(pushagent/null:-1)
I/PushLogAC2319(  680): [ReceiverDispatcher-45]packageName:com.huawei.android.hwouc token:08645720107199150000000008000001(pushagent/null:-1)
I/ComBroadcastReceiver(24930): ComBroadcastReceiver action = android.server.am.ActivityStack.taskstatechange
I/PushLogAC2319(  680): [ReceiverDispatcher-45]PushState get action :com.huawei.intent.action.PUSH(pushagent/null:-1)
I/PushLogAC2319(  680): [ReceiverDispatcher-45]DeviceTokenMgr: create the DeviceTokenMgr(pushagent/null:-1)
I/PushLogAC2319(  680): [ReceiverDispatcher-45]packageName:com.huawei.android.hwouc token:08645720107199150000000008000001(pushagent/null:-1)
I/PushLogAC2319(  680): [ReceiverDispatcher-45]PushState get action :com.huawei.intent.action.PUSH(pushagent/null:-1)
I/PushLogSC2309(22362): [Thread-1806-1806]PushProxy:handleEvent receive the intent=Intent { act=com.huawei.intent.action.PUSH_OFF flg=0x10 pkg=com.huawei.message cmp=com.huawei.message/com.huawei.android.pushagent.PushEventReceiver (has extras) }(message/null:-1)
I/PushLogSC2309(22362): [Thread-1806-1806]SDK:get the ACTION_PUSH_OFF(message/null:-1)
I/PushLogAC2319(  680): [ReceiverDispatcher-45]DeviceTokenMgr: create the DeviceTokenMgr(pushagent/null:-1)
I/PushLogAC2319(  680): [ReceiverDispatcher-45]packageName:com.huawei.android.hwouc token:08645720107199150000000008000001(pushagent/null:-1)
I/PushLogAC2319(  680): [ReceiverDispatcher-45]PushState get action :com.huawei.intent.action.PUSH(pushagent/null:-1)
I/PushLogAC2319(  680): [ReceiverDispatcher-45]PushState get action :com.huawei.intent.action.PUSH_ON(pushagent/null:-1)
I/PushLogAC2319(  680): [ReceiverDispatcher-45]DeviceTokenMgr: create the DeviceTokenMgr(pushagent/null:-1)
I/PushLogAC2319(  680): [ReceiverDispatcher-45]packageName:com.huawei.android.hwouc token:08645720107199150000000008000001(pushagent/null:-1)
I/PushLogAC2319(  680): [ReceiverDispatcher-45]PushState get action :com.huawei.intent.action.PUSH(pushagent/null:-1)
I/PushLogAC2319(  680): [ReceiverDispatcher-45]DeviceTokenMgr: create the DeviceTokenMgr(pushagent/null:-1)
I/PushLogAC2319(  680): [ReceiverDispatcher-45]packageName:com.huawei.android.hwouc token:08645720107199150000000008000001(pushagent/null:-1)
I/PushLogAC2319(  680): [ReceiverDispatcher-45]PushState get action :com.huawei.intent.action.PUSH(pushagent/null:-1)
I/HiAnalytics(24898):  current event record is6
W/System.err(  451): com.android.server.LightsService$Light$PrintLEDStackException
W/System.err(  451): 	at com.android.server.LightsService$Light.setLightLocked(LightsService.java:284)
W/System.err(  451): 	at com.android.server.LightsService$Light.setColor(LightsService.java:168)
W/System.err(  451): 	at com.android.server.BatteryService$Led.updateLightsLocked(BatteryService.java:849)
W/System.err(  451): 	at com.android.server.BatteryService.processValuesLocked(BatteryService.java:458)
W/System.err(  451): 	at com.android.server.BatteryService.updateLocked(BatteryService.java:328)
W/System.err(  451): 	at com.android.server.BatteryService.access$200(BatteryService.java:89)
W/System.err(  451): 	at com.android.server.BatteryService$8.onUEvent(BatteryService.java:752)
W/System.err(  451): 	at android.os.UEventObserver$UEventThread.sendEvent(UEventObserver.java:210)
E/TemperatureMonitor2(  693): BatteryTemp=250
W/System.err(  451): 	at android.os.UEventObserver$UEventThread.run(UEventObserver.java:187)
I/ActivityManager(  451): Displayed com.bestjoy.app.haierwarrantycard/.ui.MainActivity: +784ms
I/smart_power_jni(  665): write successed by pm_frc_write; write<2:1
I/smart_power_jni(  665): >
W/System.err(  451): com.android.server.LightsService$Light$PrintLEDStackException
E/TemperatureMonitor2(  693): BatteryTemp=250
W/System.err(  451): 	at com.android.server.LightsService$Light.setLightLocked(LightsService.java:284)
W/System.err(  451): 	at com.android.server.LightsService$Light.setColor(LightsService.java:168)
W/System.err(  451): 	at com.android.server.BatteryService$Led.updateLightsLocked(BatteryService.java:849)
W/System.err(  451): 	at com.android.server.BatteryService.processValuesLocked(BatteryService.java:458)
W/System.err(  451): 	at com.android.server.BatteryService.updateLocked(BatteryService.java:328)
W/System.err(  451): 	at com.android.server.BatteryService.access$200(BatteryService.java:89)
W/System.err(  451): 	at com.android.server.BatteryService$8.onUEvent(BatteryService.java:752)
W/System.err(  451): 	at android.os.UEventObserver$UEventThread.sendEvent(UEventObserver.java:210)
W/System.err(  451): 	at android.os.UEventObserver$UEventThread.run(UEventObserver.java:187)
I/ApplicationsProvider(22757): System.gc()
E/WeatherApp(26562): WeatherApp+mydebuglog+KillProcess
I/AndroidRuntime(26562): VM exiting with result code 0, cleanup skipped.
W/System.err(  451): com.android.server.LightsService$Light$PrintLEDStackException
W/System.err(  451): 	at com.android.server.LightsService$Light.setLightLocked(LightsService.java:284)
W/System.err(  451): 	at com.android.server.LightsService$Light.turnOff(LightsService.java:194)
W/System.err(  451): 	at com.android.server.BatteryService$Led.updateLightsLocked(BatteryService.java:856)
W/System.err(  451): 	at com.android.server.BatteryService.processValuesLocked(BatteryService.java:458)
W/System.err(  451): 	at com.android.server.BatteryService.updateLocked(BatteryService.java:328)
W/System.err(  451): 	at com.android.server.BatteryService.access$200(BatteryService.java:89)
W/System.err(  451): 	at com.android.server.BatteryService$8.onUEvent(BatteryService.java:752)
W/System.err(  451): 	at android.os.UEventObserver$UEventThread.sendEvent(UEventObserver.java:210)
W/System.err(  451): 	at android.os.UEventObserver$UEventThread.run(UEventObserver.java:187)
E/TemperatureMonitor2(  693): BatteryTemp=250
I/SmartPowerReceiver(  665): SmartPowerReceiver intent action: android.intent.action.ACTION_POWER_DISCONNECTED
I/SavingSettingUtil(24256): setAlarm and high_level_standard is 10 msg_send_interval is 240 count_frequency is 60 dangerous_level_standard is 25 dangerous_current_level is 30 min_interval_time is 3 average_current_fg is 350 count_frequency_fg is 5 app_show_level is 1
I/SurfaceFlinger(  130): @@@@@@@@ orientation:3, transformOri:7
I/gralloc_overlay(  130): Self allocation gralloc overlay
I/InputReader(  451): Reconfiguring input devices.  changes=0x00000004
I/InputReader(  451): Device reconfigured: id=1, name='synaptics', size 720x1280, orientation 3, mode 1, display id 0
I/InputReader(  451): Reconfiguring input devices.  changes=0x00000004
I/InputReader(  451): Device reconfigured: id=1, name='synaptics', size 720x1280, orientation 3, mode 1, display id 0
W/System.err(  628): java.lang.NoSuchFieldException: hwtheme
W/System.err(  628): 	at java.lang.Class.getField(Class.java:787)
W/System.err(  628): 	at com.huawei.inputmethod.hwpal.PinyinIME.onConfigurationChanged(PinyinIME.java:931)
W/System.err(  628): 	at android.app.ActivityThread.performConfigurationChanged(ActivityThread.java:3851)
W/System.err(  628): 	at android.app.ActivityThread.handleConfigurationChanged(ActivityThread.java:4024)
W/System.err(  628): 	at android.app.ActivityThread$H.handleMessage(ActivityThread.java:1360)
W/System.err(  628): 	at android.os.Handler.dispatchMessage(Handler.java:99)
W/System.err(  628): 	at android.os.Looper.loop(Looper.java:137)
W/System.err(  628): 	at android.app.ActivityThread.main(ActivityThread.java:5106)
W/System.err(  628): 	at java.lang.reflect.Method.invokeNative(Native Method)
W/System.err(  628): 	at java.lang.reflect.Method.invoke(Method.java:511)
W/System.err(  628): 	at com.android.internal.os.ZygoteInit$MethodAndArgsCaller.run(ZygoteInit.java:821)
W/System.err(  628): 	at com.android.internal.os.ZygoteInit.main(ZygoteInit.java:588)
W/System.err(  628): 	at dalvik.system.NativeStart.main(Native Method)
W/SpeechRecoginzerIME(  628): flag+false+false
I/InCallControlState(  655): update()->canVoiceRecord = false
W/Settings(  655): Setting airplane_mode_on has moved from android.provider.Settings.System to android.provider.Settings.Global, returning read-only value.
I/SkbContainer(  628): SkbContainer detached from window.
I/gralloc_overlay(  130): Self allocation gralloc overlay
I/smart_power_jni(  665): write successed by pm_frc_write; write<2:0
I/smart_power_jni(  665): >
W/System.err(26696): java.io.FileNotFoundException: /data/cust/xml/hw_launcher_load_icon.xml: open failed: ENOENT (No such file or directory)
W/System.err(26696): 	at libcore.io.IoBridge.open(IoBridge.java:409)
W/System.err(26696): 	at java.io.FileInputStream.<init>(FileInputStream.java:109)
W/System.err(26696): 	at android.content.res.ResourcesEx.readDefaultConfig(ResourcesEx.java:809)
W/System.err(26696): 	at android.content.res.ResourcesEx.<init>(ResourcesEx.java:742)
W/System.err(26696): 	at android.app.ActivityThread.getTopLevelResources(ActivityThread.java:1721)
W/System.err(26696): 	at android.app.ActivityThread.getTopLevelResources(ActivityThread.java:1752)
W/System.err(26696): 	at android.app.LoadedApk.getResources(LoadedApk.java:485)
W/System.err(26696): 	at android.app.ContextImpl.init(ContextImpl.java:1911)
W/System.err(26696): 	at android.app.ContextImpl.init(ContextImpl.java:1904)
W/System.err(26696): 	at android.app.ActivityThread.handleBindApplication(ActivityThread.java:4269)
W/System.err(26696): 	at android.app.ActivityThread.access$1300(ActivityThread.java:145)
W/System.err(26696): 	at android.app.ActivityThread$H.handleMessage(ActivityThread.java:1306)
W/System.err(26696): 	at android.os.Handler.dispatchMessage(Handler.java:99)
W/System.err(26696): 	at android.os.Looper.loop(Looper.java:137)
W/System.err(26696): 	at android.app.ActivityThread.main(ActivityThread.java:5106)
W/System.err(26696): 	at java.lang.reflect.Method.invokeNative(Native Method)
W/System.err(26696): 	at java.lang.reflect.Method.invoke(Method.java:511)
W/System.err(26696): 	at com.android.internal.os.ZygoteInit$MethodAndArgsCaller.run(ZygoteInit.java:821)
W/System.err(26696): 	at com.android.internal.os.ZygoteInit.main(ZygoteInit.java:588)
W/System.err(26696): 	at dalvik.system.NativeStart.main(Native Method)
W/System.err(26696): Caused by: libcore.io.ErrnoException: open failed: ENOENT (No such file or directory)
W/System.err(26696): 	at libcore.io.Posix.open(Native Method)
W/System.err(26696): 	at libcore.io.BlockGuardOs.open(BlockGuardOs.java:110)
W/System.err(26696): 	at libcore.io.IoBridge.open(IoBridge.java:400)
W/System.err(26696): 	... 19 more
I/gralloc_overlay(  130): Self allocation gralloc overlay
W/System.err(  451): com.android.server.LightsService$Light$PrintLEDStackException
W/System.err(  451): 	at com.android.server.LightsService$Light.setLightLocked(LightsService.java:284)
W/System.err(  451): 	at com.android.server.LightsService$Light.setColor(LightsService.java:168)
W/System.err(  451): 	at com.android.server.BatteryService$Led.updateLightsLocked(BatteryService.java:849)
W/System.err(  451): 	at com.android.server.BatteryService.processValuesLocked(BatteryService.java:458)
W/System.err(  451): 	at com.android.server.BatteryService.updateLocked(BatteryService.java:328)
W/System.err(  451): 	at com.android.server.BatteryService.access$200(BatteryService.java:89)
W/System.err(  451): 	at com.android.server.BatteryService$8.onUEvent(BatteryService.java:752)
W/System.err(  451): 	at android.os.UEventObserver$UEventThread.sendEvent(UEventObserver.java:210)
W/System.err(  451): 	at android.os.UEventObserver$UEventThread.run(UEventObserver.java:187)
E/TemperatureMonitor2(  693): BatteryTemp=250
W/System.err(  451): java.io.FileNotFoundException: /data/cust/xml/hw_launcher_load_icon.xml: open failed: ENOENT (No such file or directory)
W/System.err(  451): 	at libcore.io.IoBridge.open(IoBridge.java:409)
W/System.err(  451): 	at java.io.FileInputStream.<init>(FileInputStream.java:109)
W/System.err(  451): 	at android.content.res.ResourcesEx.readDefaultConfig(ResourcesEx.java:809)
W/System.err(  451): 	at android.content.res.ResourcesEx.<init>(ResourcesEx.java:742)
W/System.err(  451): 	at android.app.ActivityThread.getTopLevelResources(ActivityThread.java:1721)
W/System.err(  451): 	at android.app.ActivityThread.getTopLevelResources(ActivityThread.java:1752)
W/System.err(  451): 	at android.app.LoadedApk.getResources(LoadedApk.java:485)
W/System.err(  451): 	at android.app.ContextImpl.init(ContextImpl.java:1911)
W/System.err(  451): 	at android.app.ContextImpl.createPackageContextAsUser(ContextImpl.java:1791)
W/System.err(  451): 	at com.android.server.AttributeCache.get(AttributeCache.java:127)
W/System.err(  451): 	at com.android.server.am.ActivityRecord.<init>(ActivityRecord.java:436)
W/System.err(  451): 	at com.android.server.am.ActivityStack.startActivityLocked(ActivityStack.java:2754)
W/System.err(  451): 	at com.android.server.am.ActivityStack.startActivityMayWait(ActivityStack.java:3345)
W/System.err(  451): 	at com.android.server.am.ActivityManagerService.startActivityAsUser(ActivityManagerService.java:2528)
W/System.err(  451): 	at com.android.server.am.ActivityManagerService.startActivity(ActivityManagerService.java:2517)
W/System.err(  451): 	at android.app.ActivityManagerNative.onTransact(ActivityManagerNative.java:131)
W/System.err(  451): 	at com.android.server.am.ActivityManagerService.onTransact(ActivityManagerService.java:1713)
W/System.err(  451): 	at android.os.Binder.execTransact(Binder.java:351)
W/System.err(  451): 	at dalvik.system.NativeStart.run(Native Method)
W/System.err(  451): Caused by: libcore.io.ErrnoException: open failed: ENOENT (No such file or directory)
W/System.err(  451): 	at libcore.io.Posix.open(Native Method)
W/System.err(  451): 	at libcore.io.BlockGuardOs.open(BlockGuardOs.java:110)
W/System.err(  451): 	at libcore.io.IoBridge.open(IoBridge.java:400)
W/System.err(  451): 	... 18 more
I/SurfaceFlinger(  130): @@@@@@@@ orientation:0, transformOri:0
I/InputReader(  451): Reconfiguring input devices.  changes=0x00000004
I/InputReader(  451): Device reconfigured: id=1, name='synaptics', size 720x1280, orientation 0, mode 1, display id 0
W/System.err(  628): java.lang.NoSuchFieldException: hwtheme
W/System.err(  628): 	at java.lang.Class.getField(Class.java:787)
W/System.err(  628): 	at com.huawei.inputmethod.hwpal.PinyinIME.onConfigurationChanged(PinyinIME.java:931)
W/System.err(  628): 	at android.app.ActivityThread.performConfigurationChanged(ActivityThread.java:3851)
W/System.err(  628): 	at android.app.ActivityThread.handleConfigurationChanged(ActivityThread.java:4024)
W/System.err(  628): 	at android.app.ActivityThread$H.handleMessage(ActivityThread.java:1360)
W/System.err(  628): 	at android.os.Handler.dispatchMessage(Handler.java:99)
W/System.err(  628): 	at android.os.Looper.loop(Looper.java:137)
W/System.err(  628): 	at android.app.ActivityThread.main(ActivityThread.java:5106)
W/System.err(  628): 	at java.lang.reflect.Method.invokeNative(Native Method)
W/System.err(  628): 	at java.lang.reflect.Method.invoke(Method.java:511)
W/System.err(  628): 	at com.android.internal.os.ZygoteInit$MethodAndArgsCaller.run(ZygoteInit.java:821)
W/System.err(  628): 	at com.android.internal.os.ZygoteInit.main(ZygoteInit.java:588)
W/System.err(  628): 	at dalvik.system.NativeStart.main(Native Method)
W/SpeechRecoginzerIME(  628): flag+false+false
I/SmartPowerReceiver(  665): SmartPowerReceiver intent action: android.intent.action.ACTION_POWER_CONNECTED
I/InCallControlState(  655): update()->canVoiceRecord = false
W/Settings(  655): Setting airplane_mode_on has moved from android.provider.Settings.System to android.provider.Settings.Global, returning read-only value.
I/SavingSettingUtil(24256): setAlarm and high_level_standard is 10 msg_send_interval is 240 count_frequency is 60 dangerous_level_standard is 25 dangerous_current_level is 30 min_interval_time is 3 average_current_fg is 350 count_frequency_fg is 5 app_show_level is 1
I/BootBroadcastReceiver(24256): ACTION_POWER_CONNECTED Received !
I/dalvikvm(26712): Turning on JNI app bug workarounds for target SDK version 8...
W/System.err(26712): java.io.FileNotFoundException: /data/cust/xml/hw_launcher_load_icon.xml: open failed: ENOENT (No such file or directory)
W/System.err(26712): 	at libcore.io.IoBridge.open(IoBridge.java:409)
W/System.err(26712): 	at java.io.FileInputStream.<init>(FileInputStream.java:109)
W/System.err(26712): 	at android.content.res.ResourcesEx.readDefaultConfig(ResourcesEx.java:809)
W/System.err(26712): 	at android.content.res.ResourcesEx.<init>(ResourcesEx.java:742)
W/System.err(26712): 	at android.app.ActivityThread.getTopLevelResources(ActivityThread.java:1721)
W/System.err(26712): 	at android.app.ActivityThread.getTopLevelResources(ActivityThread.java:1752)
W/System.err(26712): 	at android.app.LoadedApk.getResources(LoadedApk.java:485)
W/System.err(26712): 	at android.app.ContextImpl.init(ContextImpl.java:1911)
W/System.err(26712): 	at android.app.ContextImpl.init(ContextImpl.java:1904)
W/System.err(26712): 	at android.app.ActivityThread.handleBindApplication(ActivityThread.java:4269)
W/System.err(26712): 	at android.app.ActivityThread.access$1300(ActivityThread.java:145)
W/System.err(26712): 	at android.app.ActivityThread$H.handleMessage(ActivityThread.java:1306)
W/System.err(26712): 	at android.os.Handler.dispatchMessage(Handler.java:99)
W/System.err(26712): 	at android.os.Looper.loop(Looper.java:137)
W/System.err(26712): 	at android.app.ActivityThread.main(ActivityThread.java:5106)
W/System.err(26712): 	at java.lang.reflect.Method.invokeNative(Native Method)
W/System.err(26712): 	at java.lang.reflect.Method.invoke(Method.java:511)
W/System.err(26712): 	at com.android.internal.os.ZygoteInit$MethodAndArgsCaller.run(ZygoteInit.java:821)
W/System.err(26712): 	at com.android.internal.os.ZygoteInit.main(ZygoteInit.java:588)
W/System.err(26712): 	at dalvik.system.NativeStart.main(Native Method)
W/System.err(26712): Caused by: libcore.io.ErrnoException: open failed: ENOENT (No such file or directory)
W/System.err(26712): 	at libcore.io.Posix.open(Native Method)
W/System.err(26712): 	at libcore.io.BlockGuardOs.open(BlockGuardOs.java:110)
W/System.err(26712): 	at libcore.io.IoBridge.open(IoBridge.java:400)
W/System.err(26712): 	... 19 more
I/smart_power_jni(  665): write successed by pm_frc_write; write<2:0
I/smart_power_jni(  665): >
I/System.out(26712): vold.fstab : # Copyright (C) 2009 The Android Open Source Project
I/System.out(26712): vold.fstab : #
I/System.out(26712): vold.fstab : # Licensed under the Apache License, Version 2.0 (the "License");
I/System.out(26712): vold.fstab : # you may not use this file except in compliance with the License.
I/System.out(26712): vold.fstab : # You may obtain a copy of the License at
I/System.out(26712): vold.fstab : #
I/System.out(26712): vold.fstab : #      http://www.apache.org/licenses/LICENSE-2.0
I/System.out(26712): vold.fstab : #
I/System.out(26712): vold.fstab : # Unless required by applicable law or agreed to in writing, software
I/System.out(26712): vold.fstab : # distributed under the License is distributed on an "AS IS" BASIS,
I/System.out(26712): vold.fstab : # WITHOUT WARRANTIES OR CONDITIONS OF ANY KIND, either express or implied.
I/System.out(26712): vold.fstab : # See the License for the specific language governing permissions and
I/System.out(26712): vold.fstab : # limitations under the License.
I/System.out(26712): vold.fstab : 
I/System.out(26712): vold.fstab : 
I/System.out(26712): vold.fstab : ## Vold 2.0 fstab for HTC Dream or Sapphire
I/System.out(26712): vold.fstab : #
I/System.out(26712): vold.fstab : ## - San Mehat (san@android.com)
I/System.out(26712): vold.fstab : ## 
I/System.out(26712): vold.fstab : 
I/System.out(26712): vold.fstab : #######################
I/System.out(26712): vold.fstab : ## Regular device mount
I/System.out(26712): vold.fstab : ##
I/System.out(26712): vold.fstab : ## Format: dev_mount <label> <mount_point> <part> <sysfs_path1...> 
I/System.out(26712): vold.fstab : ## label        - Label for the volume
I/System.out(26712): vold.fstab : ## mount_point  - Where the volume will be mounted
I/System.out(26712): vold.fstab : ## part         - Partition # (1 based), or 'auto' for first usable partition.
I/System.out(26712): vold.fstab : ## <sysfs_path> - List of sysfs paths to source devices
I/System.out(26712): vold.fstab : ######################
I/System.out(26712): vold.fstab : 
I/System.out(26712): vold.fstab : # Mounts the first usable partition of the specified device
I/System.out(26712): vold.fstab :  dev_mount sdcard /mnt/ext_sdcard auto /devices/platform/hi_mci.0/mmc_host/mmc1
I/System.out(26712): vold.fstab :  dev_mount usbotg /mnt/usb auto /devices/hisik3-usb-otg/usb1
I/System.out(26712): mounts : rootfs / rootfs ro,relatime 0 0
I/System.out(26712): mounts : tmpfs /dev tmpfs rw,nosuid,relatime,mode=755 0 0
I/MAC Address(26712): macAdd:00:66:4b:67:37:fc
I/System.out(26712): mounts : devpts /dev/pts devpts rw,relatime,mode=600 0 0
I/System.out(26712): mounts : none /dev/cpuctl cgroup rw,relatime,cpu 0 0
I/System.out(26712): mounts : proc /proc proc rw,relatime 0 0
I/System.out(26712): mounts : sysfs /sys sysfs rw,relatime 0 0
I/System.out(26712): mounts : /sys/kernel/debug /sys/kernel/debug debugfs rw,relatime 0 0
I/System.out(26712): mounts : none /acct cgroup rw,relatime,cpuacct 0 0
I/System.out(26712): mounts : tmpfs /mnt/secure tmpfs rw,relatime,mode=700 0 0
I/System.out(26712): mounts : tmpfs /mnt/asec tmpfs rw,relatime,mode=755,gid=1000 0 0
I/System.out(26712): mounts : tmpfs /mnt/obb tmpfs rw,relatime,mode=755,gid=1000 0 0
I/System.out(26712): mounts : /dev/block/platform/hi_mci.1/by-name/system /system ext4 ro,relatime,user_xattr,acl,barrier=1,data=ordered 0 0
I/System.out(26712): mounts : /dev/block/platform/hi_mci.1/by-name/cache /cache ext4 rw,nosuid,nodev,relatime,user_xattr,acl,barrier=1,data=ordered 0 0
I/System.out(26712): mounts : /dev/block/platform/hi_mci.1/by-name/userdata /data ext4 rw,nosuid,nodev,noatime,user_xattr,acl,barrier=1,data=ordered,noauto_da_alloc,discard 0 0
I/System.out(26712): mounts : /dev/block/platform/hi_mci.1/by-name/cust /cust ext4 ro,nosuid,nodev,noatime,user_xattr,acl,barrier=1,data=ordered 0 0
I/System.out(26712): mounts : /dev/block/platform/hi_mci.1/by-name/modemimage /modem/modem_image ext4 rw,nosuid,nodev,relatime,user_xattr,acl,barrier=1,data=ordered 0 0
I/System.out(26712): mounts : /dev/block/platform/hi_mci.1/by-name/modemnvm1 /modem/nvm1 ext4 rw,nosuid,nodev,relatime,user_xattr,acl,barrier=1,data=ordered 0 0
I/System.out(26712): mounts : /dev/block/platform/hi_mci.1/by-name/modemnvm2 /modem/nvm2 ext4 rw,nosuid,nodev,relatime,user_xattr,acl,barrier=1,data=ordered 0 0
I/System.out(26712): mounts : /dev/block/platform/hi_mci.1/by-name/splash2 /splash2 ext4 ro,nosuid,nodev,noatime,user_xattr,acl,barrier=1,data=ordered 0 0
I/System.out(26712): mounts : /dev/fuse /mnt/shell/emulated fuse rw,nosuid,nodev,relatime,user_id=1015,group_id=1015,default_permissions,allow_other 0 0
I/ComBroadcastReceiver(24930): ComBroadcastReceiver action = android.server.am.ActivityStack.taskstatechange
I/System.out(26712): mounts : tmpfs /storage/emulated tmpfs rw,nosuid,nodev,relatime,mode=050,gid=1028 0 0
I/System.out(26712): mounts : /dev/fuse /storage/emulated/0 fuse rw,nosuid,nodev,relatime,user_id=1015,group_id=1015,default_permissions,allow_other 0 0
I/System.out(26712): mounts : /dev/fuse /storage/emulated/0/Android/obb fuse rw,nosuid,nodev,relatime,user_id=1015,group_id=1015,default_permissions,allow_other 0 0
I/System.out(26712): mounts : /dev/fuse /storage/emulated/0 fuse rw,nosuid,nodev,relatime,user_id=1015,group_id=1015,default_permissions,allow_other 0 0
I/System.out(26712): mounts : /dev/fuse /storage/emulated/0/Android/obb fuse rw,nosuid,nodev,relatime,user_id=1015,group_id=1015,default_permissions,allow_other 0 0
W/System.err(26712): Invalid int: ""
I/BootBroadcastReceiver(24256): ======  notificationShowJudger begin =======
I/BootBroadcastReceiver(24256): new appConsumption size is 0
I/BootBroadcastReceiver(24256): old appConsumption is {lastNotifyTime=0}
I/BootBroadcastReceiver(24256): interval_time_unit is 60000
I/BootBroadcastReceiver(24256): intervalHour is 240
I/BootBroadcastReceiver(24256): mAhValue is 10
I/BootBroadcastReceiver(24256): mNowTime is 1401721067801
I/BootBroadcastReceiver(24256): mLastNotifyTime is 0
W/System.err(  451): com.android.server.LightsService$Light$PrintLEDStackException
W/System.err(  451): 	at com.android.server.LightsService$Light.setLightLocked(LightsService.java:284)
W/System.err(  451): 	at com.android.server.LightsService$Light.setColor(LightsService.java:168)
W/System.err(  451): 	at com.android.server.BatteryService$Led.updateLightsLocked(BatteryService.java:849)
W/System.err(  451): 	at com.android.server.BatteryService.processValuesLocked(BatteryService.java:458)
W/System.err(  451): 	at com.android.server.BatteryService.updateLocked(BatteryService.java:328)
W/System.err(  451): 	at com.android.server.BatteryService.access$200(BatteryService.java:89)
W/System.err(  451): 	at com.android.server.BatteryService$8.onUEvent(BatteryService.java:752)
W/System.err(  451): 	at android.os.UEventObserver$UEventThread.sendEvent(UEventObserver.java:210)
W/System.err(  451): 	at android.os.UEventObserver$UEventThread.run(UEventObserver.java:187)
E/TemperatureMonitor2(  693): BatteryTemp=250
I/Choreographer(26621): Skipped 54 frames!  The application may be doing too much work on its main thread.
I/UsbSettings(26696):  no supported the PC MODEM and remove the pcmodem
E/UsbSettings(26696): UsbAccessoryMode false
I/UsbSettings(26696): IN updataToggles the function = mtp
E/UsbSettings(26696): USB Normal Mode
I/ActivityManager(  451): Displayed com.android.settings/.UsbSettings: +387ms
W/IInputConnectionWrapper(26621): showStatusIcon on inactive InputConnection
E/UsbSettings(26696): UsbAccessoryMode false
I/UsbSettings(26696): IN updataToggles the function = mtp
E/UsbSettings(26696): USB Normal Mode
I/smart_power_jni(  665): write successed by pm_frc_write; write<2:0
I/smart_power_jni(  665): >
W/SignalStrength(  655): Size of signalstrength parcel:64
W/SignalStrength(  655): getLTELevel - rsrp:2147483647 snr:-1 rsrpIconLevel:0
W/SignalStrength(  655): mGsmSignalStrength=0 ,mWcdmaRscp=-89 ,level=4
W/SignalStrength(  655): getLevel=4
W/SignalStrength(  655): getLTELevel - rsrp:2147483647 snr:-1 rsrpIconLevel:0
W/SignalStrength(  655): mGsmSignalStrength=0 ,mWcdmaRscp=-97 ,level=3
W/SignalStrength(  655): getLevel=3
W/SignalStrength(  655): getLTELevel - rsrp:2147483647 snr:-1 rsrpIconLevel:0
W/SignalStrength(  655): mGsmSignalStrength=0 ,mWcdmaRscp=-97 ,level=3
W/SignalStrength(  655): getLevel=3
W/SignalStrength(  655): getLTELevel - rsrp:2147483647 snr:-1 rsrpIconLevel:0
W/SignalStrength(  655): mGsmSignalStrength=0 ,mWcdmaRscp=-89 ,level=4
W/SignalStrength(  655): getLevel=4
W/TemperatureMonitor2(  693): Enter 40'C at 1376:25
I/SUPL20_LocMan(26173): Phone type:GSM
I/SUPL20_LocMan(26173): Network Op Mnc= 1 MCC = 460
I/SUPL20_LocMan(26173):  cellInfo NetworkType:HSPA,10
I/SUPL20_LocMan(26173): Network type is 3G
I/SUPL20_WcdmaCellInfo(26173): Mnc:1 MCC:460 Cid:10629485
I/SUPL20_SPIMESLP-SENDING(26173): m_bPacket.length 72
I/SUPL20_LocMan(26173): Phone type:GSM
I/SUPL20_LocMan(26173): Network Op Mnc= 1 MCC = 460
I/SUPL20_LocMan(26173):  cellInfo NetworkType:HSPA,10
I/SUPL20_LocMan(26173): Network type is 3G
I/SUPL20_WcdmaCellInfo(26173): Mnc:1 MCC:460 Cid:10629483
I/SUPL20_SPIMESLP-SENDING(26173): m_bPacket.length 72
W/SignalStrength(  451): Size of signalstrength parcel:172
W/SignalStrength(  451): getLTELevel - rsrp:2147483647 snr:-1 rsrpIconLevel:0
W/SignalStrength(  524): Size of signalstrength parcel:176
W/SignalStrength(  524): Size of signalstrength parcel:176
W/SignalStrength(  786): Size of signalstrength parcel:176
W/SignalStrength(  524): getLTELevel - rsrp:2147483647 snr:-1 rsrpIconLevel:0
W/SignalStrength(  524): mGsmSignalStrength=0 ,mWcdmaRscp=-97 ,level=3
W/SignalStrength(  524): getLevel=3
W/SignalStrength(  451): mGsmSignalStrength=0 ,mWcdmaRscp=-97 ,level=3
W/SignalStrength(  451): getLevel=3
I/smart_power_jni(  665): write successed by pm_frc_write; write<2:1
I/smart_power_jni(  665): >
W/System.err(  451): java.io.FileNotFoundException: /data/cust/xml/hw_launcher_load_icon.xml: open failed: ENOENT (No such file or directory)
W/System.err(  451): 	at libcore.io.IoBridge.open(IoBridge.java:409)
W/System.err(  451): 	at java.io.FileInputStream.<init>(FileInputStream.java:109)
W/System.err(  451): 	at android.content.res.ResourcesEx.readDefaultConfig(ResourcesEx.java:809)
W/System.err(  451): 	at android.content.res.ResourcesEx.<init>(ResourcesEx.java:742)
W/System.err(  451): 	at android.app.ActivityThread.getTopLevelResources(ActivityThread.java:1721)
W/System.err(  451): 	at android.app.ActivityThread.getTopLevelResources(ActivityThread.java:1752)
W/System.err(  451): 	at android.app.LoadedApk.getResources(LoadedApk.java:485)
W/System.err(  451): 	at android.app.ContextImpl.init(ContextImpl.java:1911)
W/System.err(  451): 	at android.app.ContextImpl.createPackageContextAsUser(ContextImpl.java:1791)
W/System.err(  451): 	at com.android.server.AttributeCache.get(AttributeCache.java:127)
W/System.err(  451): 	at com.android.server.am.ActivityRecord.<init>(ActivityRecord.java:436)
W/System.err(  451): 	at com.android.server.am.ActivityStack.startActivityLocked(ActivityStack.java:2754)
W/System.err(  451): 	at com.android.server.am.ActivityStack.startActivityMayWait(ActivityStack.java:3345)
W/System.err(  451): 	at com.android.server.am.ActivityManagerService.startActivityAsUser(ActivityManagerService.java:2528)
W/System.err(  451): 	at com.android.server.am.ActivityManagerService.startActivity(ActivityManagerService.java:2517)
W/System.err(  451): 	at android.app.ActivityManagerNative.onTransact(ActivityManagerNative.java:131)
W/System.err(  451): 	at com.android.server.am.ActivityManagerService.onTransact(ActivityManagerService.java:1713)
W/System.err(  451): 	at android.os.Binder.execTransact(Binder.java:351)
W/System.err(  451): 	at dalvik.system.NativeStart.run(Native Method)
W/System.err(  451): Caused by: libcore.io.ErrnoException: open failed: ENOENT (No such file or directory)
W/System.err(  451): 	at libcore.io.Posix.open(Native Method)
W/System.err(  451): 	at libcore.io.BlockGuardOs.open(BlockGuardOs.java:110)
W/System.err(  451): 	at libcore.io.IoBridge.open(IoBridge.java:400)
W/System.err(  451): 	... 18 more
I/ActivityManager(  451): Displayed com.bestjoy.app.haierwarrantycard/.ui.RegisterActivity: +292ms
I/SkbContainer(  628): SkbContainer attached to window.
W/System.err(  628): java.io.FileNotFoundException: /data/cust/xml/hw_launcher_load_icon.xml: open failed: ENOENT (No such file or directory)
W/System.err(  628): 	at libcore.io.IoBridge.open(IoBridge.java:409)
W/System.err(  628): 	at java.io.FileInputStream.<init>(FileInputStream.java:109)
W/System.err(  628): 	at android.content.res.ResourcesEx.readDefaultConfig(ResourcesEx.java:809)
W/System.err(  628): 	at android.content.res.ResourcesEx.<init>(ResourcesEx.java:742)
W/System.err(  628): 	at android.app.ActivityThread.getTopLevelResources(ActivityThread.java:1721)
W/System.err(  628): 	at android.app.ActivityThread.getTopLevelResources(ActivityThread.java:1752)
W/System.err(  628): 	at android.app.LoadedApk.getResources(LoadedApk.java:485)
W/System.err(  628): 	at android.app.ContextImpl.init(ContextImpl.java:1911)
W/System.err(  628): 	at android.app.ContextImpl.createPackageContextAsUser(ContextImpl.java:1791)
W/System.err(  628): 	at android.app.ContextImpl.createPackageContext(ContextImpl.java:1771)
W/System.err(  628): 	at android.content.ContextWrapper.createPackageContext(ContextWrapper.java:592)
W/System.err(  628): 	at com.huawei.inputmethod.hwpal.PackageUtil.isInstallOuterPackage(PackageUtil.java:16)
W/System.err(  628): 	at com.huawei.inputmethod.hwpal.CandidatesContainerMore.changeToolbar(CandidatesContainerMore.java:167)
W/System.err(  628): 	at com.huawei.inputmethod.hwpal.CandidatesContainerMore.initialize(CandidatesContainerMore.java:145)
W/System.err(  628): 	at com.huawei.inputmethod.hwpal.CandidatesContainerMore.initialize(CandidatesContainerMore.java:79)
W/System.err(  628): 	at com.huawei.inputmethod.hwpal.PinyinIME.onCreateCandidatesView(PinyinIME.java:3948)
W/System.err(  628): 	at android.inputmethodservice.InputMethodService.showWindowInner(InputMethodService.java:1447)
W/System.err(  628): 	at android.inputmethodservice.InputMethodService.showWindow(InputMethodService.java:1415)
W/System.err(  628): 	at com.huawei.inputmethod.hwpal.PinyinIME.showWindow(PinyinIME.java:6431)
W/System.err(  628): 	at android.inputmethodservice.InputMethodService$InputMethodImpl.showSoftInput(InputMethodService.java:430)
W/System.err(  628): 	at com.huawei.inputmethod.hwpal.PinyinIME$HwInputMethodImpl.showSoftInput(PinyinIME.java:630)
W/System.err(  628): 	at android.inputmethodservice.IInputMethodWrapper.executeMessage(IInputMethodWrapper.java:188)
W/System.err(  628): 	at com.android.internal.os.HandlerCaller$MyHandler.handleMessage(HandlerCaller.java:40)
W/System.err(  628): 	at android.os.Handler.dispatchMessage(Handler.java:99)
W/System.err(  628): 	at android.os.Looper.loop(Looper.java:137)
W/System.err(  628): 	at android.app.ActivityThread.main(ActivityThread.java:5106)
W/System.err(  628): 	at java.lang.reflect.Method.invokeNative(Native Method)
W/System.err(  628): 	at java.lang.reflect.Method.invoke(Method.java:511)
W/System.err(  628): 	at com.android.internal.os.ZygoteInit$MethodAndArgsCaller.run(ZygoteInit.java:821)
W/System.err(  628): 	at com.android.internal.os.ZygoteInit.main(ZygoteInit.java:588)
W/System.err(  628): 	at dalvik.system.NativeStart.main(Native Method)
W/System.err(  628): Caused by: libcore.io.ErrnoException: open failed: ENOENT (No such file or directory)
W/System.err(  628): 	at libcore.io.Posix.open(Native Method)
W/System.err(  628): 	at libcore.io.BlockGuardOs.open(BlockGuardOs.java:110)
W/System.err(  628): 	at libcore.io.IoBridge.open(IoBridge.java:400)
W/System.err(  628): 	... 30 more
I/SoftKeyboardView(  628): setKeyboardChanged:true
I/SoftKeyboard(  628): enableToggleStates() rowid:13
I/SoftKeyboardView(  628): setKeyboardChanged:true
W/System.err(  451): java.io.FileNotFoundException: /data/cust/xml/hw_launcher_load_icon.xml: open failed: ENOENT (No such file or directory)
W/System.err(  451): 	at libcore.io.IoBridge.open(IoBridge.java:409)
W/System.err(  451): 	at java.io.FileInputStream.<init>(FileInputStream.java:109)
W/System.err(  451): 	at android.content.res.ResourcesEx.readDefaultConfig(ResourcesEx.java:809)
W/System.err(  451): 	at android.content.res.ResourcesEx.<init>(ResourcesEx.java:742)
W/System.err(  451): 	at android.app.ActivityThread.getTopLevelResources(ActivityThread.java:1721)
W/System.err(  451): 	at android.app.ActivityThread.getTopLevelResources(ActivityThread.java:1752)
W/System.err(  451): 	at android.app.ApplicationPackageManager.getResourcesForApplication(ApplicationPackageManager.java:746)
W/System.err(  451): 	at android.app.ApplicationPackageManager.getText(ApplicationPackageManager.java:970)
W/System.err(  451): 	at android.content.pm.ComponentInfo.loadLabel(ComponentInfo.java:87)
W/System.err(  451): 	at android.content.pm.ResolveInfo.loadLabel(ResolveInfo.java:153)
W/System.err(  451): 	at android.view.inputmethod.InputMethodInfo.loadLabel(InputMethodInfo.java:291)
W/System.err(  451): 	at com.android.server.InputMethodManagerService.setImeWindowStatus(InputMethodManagerService.java:1555)
W/System.err(  451): 	at com.android.internal.view.IInputMethodManager$Stub.onTransact(IInputMethodManager.java:328)
W/System.err(  451): 	at com.android.server.InputMethodManagerService.onTransact(InputMethodManagerService.java:873)
W/System.err(  451): 	at android.os.Binder.execTransact(Binder.java:351)
W/System.err(  451): 	at dalvik.system.NativeStart.run(Native Method)
W/System.err(  451): Caused by: libcore.io.ErrnoException: open failed: ENOENT (No such file or directory)
W/System.err(  451): 	at libcore.io.Posix.open(Native Method)
W/System.err(  451): 	at libcore.io.BlockGuardOs.open(BlockGuardOs.java:110)
W/System.err(  451): 	at libcore.io.IoBridge.open(IoBridge.java:400)
W/System.err(  451): 	... 15 more
W/System.err(  524): java.io.FileNotFoundException: /data/cust/xml/hw_launcher_load_icon.xml: open failed: ENOENT (No such file or directory)
W/System.err(  524): 	at libcore.io.IoBridge.open(IoBridge.java:409)
W/System.err(  524): 	at java.io.FileInputStream.<init>(FileInputStream.java:109)
W/System.err(  524): 	at android.content.res.ResourcesEx.readDefaultConfig(ResourcesEx.java:809)
W/System.err(  524): 	at android.content.res.ResourcesEx.<init>(ResourcesEx.java:742)
W/System.err(  524): 	at android.app.ActivityThread.getTopLevelResources(ActivityThread.java:1721)
W/System.err(  524): 	at android.app.ActivityThread.getTopLevelResources(ActivityThread.java:1752)
W/System.err(  524): 	at android.app.ApplicationPackageManager.getResourcesForApplication(ApplicationPackageManager.java:746)
W/System.err(  524): 	at android.app.ApplicationPackageManager.getResourcesForApplicationAsUser(ApplicationPackageManager.java:775)
W/System.err(  524): 	at com.android.systemui.statusbar.StatusBarIconView.getIcon(StatusBarIconView.java:181)
W/System.err(  524): 	at com.android.systemui.statusbar.StatusBarIconView.getIcon(StatusBarIconView.java:161)
W/System.err(  524): 	at com.android.systemui.statusbar.StatusBarIconView.set(StatusBarIconView.java:129)
W/System.err(  524): 	at com.android.systemui.statusbar.BaseStatusBar.addNotificationViews(BaseStatusBar.java:941)
W/System.err(  524): 	at com.android.systemui.statusbar.phone.PhoneStatusBar.addNotification(PhoneStatusBar.java:1396)
W/System.err(  524): 	at com.android.systemui.statusbar.CommandQueue$H.handleMessage(CommandQueue.java:330)
W/System.err(  524): 	at android.os.Handler.dispatchMessage(Handler.java:99)
W/System.err(  524): 	at android.os.Looper.loop(Looper.java:137)
W/System.err(  524): 	at android.app.ActivityThread.main(ActivityThread.java:5106)
W/System.err(  628): java.io.FileNotFoundException: /data/cust/xml/hw_launcher_load_icon.xml: open failed: ENOENT (No such file or directory)
W/System.err(  524): 	at java.lang.reflect.Method.invokeNative(Native Method)
W/System.err(  524): 	at java.lang.reflect.Method.invoke(Method.java:511)
W/System.err(  628): 	at libcore.io.IoBridge.open(IoBridge.java:409)
W/System.err(  628): 	at java.io.FileInputStream.<init>(FileInputStream.java:109)
W/System.err(  628): 	at android.content.res.ResourcesEx.readDefaultConfig(ResourcesEx.java:809)
W/System.err(  524): 	at com.android.internal.os.ZygoteInit$MethodAndArgsCaller.run(ZygoteInit.java:821)
W/System.err(  628): 	at android.content.res.ResourcesEx.<init>(ResourcesEx.java:742)
W/System.err(  628): 	at android.app.ActivityThread.getTopLevelResources(ActivityThread.java:1721)
W/System.err(  628): 	at android.app.ActivityThread.getTopLevelResources(ActivityThread.java:1752)
W/System.err(  628): 	at android.app.LoadedApk.getResources(LoadedApk.java:485)
W/System.err(  524): 	at com.android.internal.os.ZygoteInit.main(ZygoteInit.java:588)
W/System.err(  628): 	at android.app.ContextImpl.init(ContextImpl.java:1911)
W/System.err(  524): 	at dalvik.system.NativeStart.main(Native Method)
W/System.err(  628): 	at android.app.ContextImpl.createPackageContextAsUser(ContextImpl.java:1791)
W/System.err(  628): 	at android.app.ContextImpl.createPackageContext(ContextImpl.java:1771)
W/System.err(  628): 	at android.content.ContextWrapper.createPackageContext(ContextWrapper.java:592)
W/System.err(  524): Caused by: libcore.io.ErrnoException: open failed: ENOENT (No such file or directory)
W/System.err(  628): 	at com.huawei.inputmethod.hwpal.PackageUtil.isInstallOuterPackage(PackageUtil.java:16)
W/System.err(  628): 	at com.huawei.inputmethod.hwpal.SpeechRecoginzerIME.judgeIsNeedIspeech(SpeechRecoginzerIME.java:36)
W/System.err(  628): 	at com.huawei.inputmethod.hwpal.SpeechRecoginzerIME.startIspeechService(SpeechRecoginzerIME.java:235)
W/System.err(  628): 	at com.huawei.inputmethod.hwpal.PinyinIME.showWindow(PinyinIME.java:6441)
W/System.err(  628): 	at android.inputmethodservice.InputMethodService$InputMethodImpl.showSoftInput(InputMethodService.java:430)
W/System.err(  628): 	at com.huawei.inputmethod.hwpal.PinyinIME$HwInputMethodImpl.showSoftInput(PinyinIME.java:630)
W/System.err(  628): 	at android.inputmethodservice.IInputMethodWrapper.executeMessage(IInputMethodWrapper.java:188)
W/System.err(  628): 	at com.android.internal.os.HandlerCaller$MyHandler.handleMessage(HandlerCaller.java:40)
W/System.err(  628): 	at android.os.Handler.dispatchMessage(Handler.java:99)
W/System.err(  628): 	at android.os.Looper.loop(Looper.java:137)
W/System.err(  628): 	at android.app.ActivityThread.main(ActivityThread.java:5106)
W/System.err(  628): 	at java.lang.reflect.Method.invokeNative(Native Method)
W/System.err(  524): 	at libcore.io.Posix.open(Native Method)
W/System.err(  628): 	at java.lang.reflect.Method.invoke(Method.java:511)
W/System.err(  524): 	at libcore.io.BlockGuardOs.open(BlockGuardOs.java:110)
W/System.err(  524): 	at libcore.io.IoBridge.open(IoBridge.java:400)
W/System.err(  628): 	at com.android.internal.os.ZygoteInit$MethodAndArgsCaller.run(ZygoteInit.java:821)
W/System.err(  628): 	at com.android.internal.os.ZygoteInit.main(ZygoteInit.java:588)
W/System.err(  524): 	... 21 more
W/System.err(  628): 	at dalvik.system.NativeStart.main(Native Method)
W/System.err(  628): Caused by: libcore.io.ErrnoException: open failed: ENOENT (No such file or directory)
W/System.err(  628): 	at libcore.io.Posix.open(Native Method)
W/System.err(  628): 	at libcore.io.BlockGuardOs.open(BlockGuardOs.java:110)
W/System.err(  628): 	at libcore.io.IoBridge.open(IoBridge.java:400)
W/System.err(  628): 	... 26 more
I/SpeechRecoginzerIME(  628): ====judgeIsNeedIspeech=true====
W/SpeechRecoginzerIME(  628): flag+false+false
I/SpeechRecoginzerIME(  628): ====BINDSERVICE====
I/PinyinIME(  628): showWindow=bind
I/PinyinIME(  628): showWindow called.
I/SoftKeyboardView(  628): setKeyboardChanged:true
I/SoftKeyboard(  628): enableToggleStates() rowid:13
I/SoftKeyboardView(  628): setKeyboardChanged:true
I/Choreographer(  628): Skipped 41 frames!  The application may be doing too much work on its main thread.
